usbd_msc_scsi.c:121:8:SCSI_ProcessCmd	32	static
usbd_msc_scsi.c:206:15:SCSI_TestUnitReady	32	static
usbd_msc_scsi.c:246:15:SCSI_Inquiry	40	static
usbd_msc_scsi.c:300:15:SCSI_ReadCapacity10	32	static
usbd_msc_scsi.c:338:15:SCSI_ReadCapacity16	40	static
usbd_msc_scsi.c:389:15:SCSI_ReadFormatCapacity	40	static
usbd_msc_scsi.c:435:15:SCSI_ModeSense6	32	static
usbd_msc_scsi.c:459:15:SCSI_ModeSense10	32	static
usbd_msc_scsi.c:483:15:SCSI_RequestSense	32	static
usbd_msc_scsi.c:536:6:SCSI_SenseCode	24	static
usbd_msc_scsi.c:560:15:SCSI_StartStopUnit	32	static
usbd_msc_scsi.c:601:15:SCSI_AllowPreventRemovable	32	static
usbd_msc_scsi.c:628:15:SCSI_Read10	32	static
usbd_msc_scsi.c:689:15:SCSI_Read12	32	static
usbd_msc_scsi.c:752:15:SCSI_Write10	32	static
usbd_msc_scsi.c:832:15:SCSI_Write12	32	static
usbd_msc_scsi.c:916:15:SCSI_Verify10	32	static
usbd_msc_scsi.c:944:15:SCSI_CheckAddressRange	32	static
usbd_msc_scsi.c:964:15:SCSI_ProcessRead	32	static
usbd_msc_scsi.c:1001:15:SCSI_ProcessWrite	32	static
usbd_msc_scsi.c:1046:15:SCSI_UpdateBotData	32	static
