<!doctype html public "-//w3c//dtd html 4.0 transitional//en">
<html><head>
<title>Static Call Graph - [epd-demo\epd-demo.axf]</title></head>
<body><HR>
<H1>Static Call Graph for image epd-demo\epd-demo.axf</H1><HR>
<BR><P>#&#060CALLGRAPH&#062# ARM Linker, 5060422: Last Updated: Wed Feb 19 10:51:27 2020
<BR><P>
<H3>Maximum Stack Usage =       1560 bytes + Unknown(Cycles, Untraceable Function Pointers)</H3><H3>
Call chain for Maximum Stack Depth:</H3>
main &rArr; Browser_display &rArr; SDCard_ReadBMP &rArr; f_open &rArr; dir_register &rArr; dir_find &rArr; dir_next &rArr; create_chain &rArr; put_fat &rArr; move_window &rArr; sync_window &rArr; disk_write
<P>
<H3>
Mutually Recursive functions
</H3> <LI><a href="#[1c]">ADC1_2_IRQHandler</a>&nbsp;&nbsp;&nbsp;&rArr;&nbsp;&nbsp;&nbsp;<a href="#[1c]">ADC1_2_IRQHandler</a><BR>
 <LI><a href="#[4]">BusFault_Handler</a>&nbsp;&nbsp;&nbsp;&rArr;&nbsp;&nbsp;&nbsp;<a href="#[4]">BusFault_Handler</a><BR>
 <LI><a href="#[2]">HardFault_Handler</a>&nbsp;&nbsp;&nbsp;&rArr;&nbsp;&nbsp;&nbsp;<a href="#[2]">HardFault_Handler</a><BR>
 <LI><a href="#[3]">MemManage_Handler</a>&nbsp;&nbsp;&nbsp;&rArr;&nbsp;&nbsp;&nbsp;<a href="#[3]">MemManage_Handler</a><BR>
 <LI><a href="#[73]">Error_Handler</a>&nbsp;&nbsp;&nbsp;&rArr;&nbsp;&nbsp;&nbsp;<a href="#[73]">Error_Handler</a><BR>
 <LI><a href="#[5]">UsageFault_Handler</a>&nbsp;&nbsp;&nbsp;&rArr;&nbsp;&nbsp;&nbsp;<a href="#[5]">UsageFault_Handler</a><BR>
 <LI><a href="#[16a]">rfalListenSetState</a>&nbsp;&nbsp;&nbsp;&rArr;&nbsp;&nbsp;&nbsp;<a href="#[16a]">rfalListenSetState</a><BR>
</UL>
<P>
<H3>
Function Pointers
</H3><UL>
 <LI><a href="#[1c]">ADC1_2_IRQHandler</a> from startup_stm32f103xb.o(.text) referenced from startup_stm32f103xb.o(RESET)
 <LI><a href="#[4]">BusFault_Handler</a> from stm32f1xx_it.o(i.BusFault_Handler) referenced from startup_stm32f103xb.o(RESET)
 <LI><a href="#[1f]">CAN1_RX1_IRQHandler</a> from startup_stm32f103xb.o(.text) referenced from startup_stm32f103xb.o(RESET)
 <LI><a href="#[20]">CAN1_SCE_IRQHandler</a> from startup_stm32f103xb.o(.text) referenced from startup_stm32f103xb.o(RESET)
 <LI><a href="#[15]">DMA1_Channel1_IRQHandler</a> from startup_stm32f103xb.o(.text) referenced from startup_stm32f103xb.o(RESET)
 <LI><a href="#[16]">DMA1_Channel2_IRQHandler</a> from startup_stm32f103xb.o(.text) referenced from startup_stm32f103xb.o(RESET)
 <LI><a href="#[17]">DMA1_Channel3_IRQHandler</a> from startup_stm32f103xb.o(.text) referenced from startup_stm32f103xb.o(RESET)
 <LI><a href="#[18]">DMA1_Channel4_IRQHandler</a> from startup_stm32f103xb.o(.text) referenced from startup_stm32f103xb.o(RESET)
 <LI><a href="#[19]">DMA1_Channel5_IRQHandler</a> from startup_stm32f103xb.o(.text) referenced from startup_stm32f103xb.o(RESET)
 <LI><a href="#[1a]">DMA1_Channel6_IRQHandler</a> from startup_stm32f103xb.o(.text) referenced from startup_stm32f103xb.o(RESET)
 <LI><a href="#[1b]">DMA1_Channel7_IRQHandler</a> from startup_stm32f103xb.o(.text) referenced from startup_stm32f103xb.o(RESET)
 <LI><a href="#[7]">DebugMon_Handler</a> from stm32f1xx_it.o(i.DebugMon_Handler) referenced from startup_stm32f103xb.o(RESET)
 <LI><a href="#[10]">EXTI0_IRQHandler</a> from stm32f1xx_it.o(i.EXTI0_IRQHandler) referenced from startup_stm32f103xb.o(RESET)
 <LI><a href="#[32]">EXTI15_10_IRQHandler</a> from startup_stm32f103xb.o(.text) referenced from startup_stm32f103xb.o(RESET)
 <LI><a href="#[11]">EXTI1_IRQHandler</a> from startup_stm32f103xb.o(.text) referenced from startup_stm32f103xb.o(RESET)
 <LI><a href="#[12]">EXTI2_IRQHandler</a> from startup_stm32f103xb.o(.text) referenced from startup_stm32f103xb.o(RESET)
 <LI><a href="#[13]">EXTI3_IRQHandler</a> from startup_stm32f103xb.o(.text) referenced from startup_stm32f103xb.o(RESET)
 <LI><a href="#[14]">EXTI4_IRQHandler</a> from startup_stm32f103xb.o(.text) referenced from startup_stm32f103xb.o(RESET)
 <LI><a href="#[21]">EXTI9_5_IRQHandler</a> from startup_stm32f103xb.o(.text) referenced from startup_stm32f103xb.o(RESET)
 <LI><a href="#[e]">FLASH_IRQHandler</a> from startup_stm32f103xb.o(.text) referenced from startup_stm32f103xb.o(RESET)
 <LI><a href="#[2]">HardFault_Handler</a> from stm32f1xx_it.o(i.HardFault_Handler) referenced from startup_stm32f103xb.o(RESET)
 <LI><a href="#[2a]">I2C1_ER_IRQHandler</a> from startup_stm32f103xb.o(.text) referenced from startup_stm32f103xb.o(RESET)
 <LI><a href="#[29]">I2C1_EV_IRQHandler</a> from startup_stm32f103xb.o(.text) referenced from startup_stm32f103xb.o(RESET)
 <LI><a href="#[2c]">I2C2_ER_IRQHandler</a> from startup_stm32f103xb.o(.text) referenced from startup_stm32f103xb.o(RESET)
 <LI><a href="#[2b]">I2C2_EV_IRQHandler</a> from startup_stm32f103xb.o(.text) referenced from startup_stm32f103xb.o(RESET)
 <LI><a href="#[3]">MemManage_Handler</a> from stm32f1xx_it.o(i.MemManage_Handler) referenced from startup_stm32f103xb.o(RESET)
 <LI><a href="#[1]">NMI_Handler</a> from stm32f1xx_it.o(i.NMI_Handler) referenced from startup_stm32f103xb.o(RESET)
 <LI><a href="#[b]">PVD_IRQHandler</a> from startup_stm32f103xb.o(.text) referenced from startup_stm32f103xb.o(RESET)
 <LI><a href="#[8]">PendSV_Handler</a> from stm32f1xx_it.o(i.PendSV_Handler) referenced from startup_stm32f103xb.o(RESET)
 <LI><a href="#[f]">RCC_IRQHandler</a> from startup_stm32f103xb.o(.text) referenced from startup_stm32f103xb.o(RESET)
 <LI><a href="#[33]">RTC_Alarm_IRQHandler</a> from startup_stm32f103xb.o(.text) referenced from startup_stm32f103xb.o(RESET)
 <LI><a href="#[d]">RTC_IRQHandler</a> from startup_stm32f103xb.o(.text) referenced from startup_stm32f103xb.o(RESET)
 <LI><a href="#[0]">Reset_Handler</a> from startup_stm32f103xb.o(.text) referenced from startup_stm32f103xb.o(RESET)
 <LI><a href="#[2d]">SPI1_IRQHandler</a> from startup_stm32f103xb.o(.text) referenced from startup_stm32f103xb.o(RESET)
 <LI><a href="#[2e]">SPI2_IRQHandler</a> from startup_stm32f103xb.o(.text) referenced from startup_stm32f103xb.o(RESET)
 <LI><a href="#[6]">SVC_Handler</a> from stm32f1xx_it.o(i.SVC_Handler) referenced from startup_stm32f103xb.o(RESET)
 <LI><a href="#[9]">SysTick_Handler</a> from stm32f1xx_it.o(i.SysTick_Handler) referenced from startup_stm32f103xb.o(RESET)
 <LI><a href="#[36]">SystemInit</a> from system_stm32f1xx.o(i.SystemInit) referenced from startup_stm32f103xb.o(.text)
 <LI><a href="#[c]">TAMPER_IRQHandler</a> from startup_stm32f103xb.o(.text) referenced from startup_stm32f103xb.o(RESET)
 <LI><a href="#[22]">TIM1_BRK_IRQHandler</a> from startup_stm32f103xb.o(.text) referenced from startup_stm32f103xb.o(RESET)
 <LI><a href="#[25]">TIM1_CC_IRQHandler</a> from startup_stm32f103xb.o(.text) referenced from startup_stm32f103xb.o(RESET)
 <LI><a href="#[24]">TIM1_TRG_COM_IRQHandler</a> from startup_stm32f103xb.o(.text) referenced from startup_stm32f103xb.o(RESET)
 <LI><a href="#[23]">TIM1_UP_IRQHandler</a> from startup_stm32f103xb.o(.text) referenced from startup_stm32f103xb.o(RESET)
 <LI><a href="#[26]">TIM2_IRQHandler</a> from startup_stm32f103xb.o(.text) referenced from startup_stm32f103xb.o(RESET)
 <LI><a href="#[27]">TIM3_IRQHandler</a> from stm32f1xx_it.o(i.TIM3_IRQHandler) referenced from startup_stm32f103xb.o(RESET)
 <LI><a href="#[28]">TIM4_IRQHandler</a> from startup_stm32f103xb.o(.text) referenced from startup_stm32f103xb.o(RESET)
 <LI><a href="#[2f]">USART1_IRQHandler</a> from startup_stm32f103xb.o(.text) referenced from startup_stm32f103xb.o(RESET)
 <LI><a href="#[30]">USART2_IRQHandler</a> from startup_stm32f103xb.o(.text) referenced from startup_stm32f103xb.o(RESET)
 <LI><a href="#[31]">USART3_IRQHandler</a> from startup_stm32f103xb.o(.text) referenced from startup_stm32f103xb.o(RESET)
 <LI><a href="#[34]">USBWakeUp_IRQHandler</a> from startup_stm32f103xb.o(.text) referenced from startup_stm32f103xb.o(RESET)
 <LI><a href="#[1d]">USB_HP_CAN1_TX_IRQHandler</a> from startup_stm32f103xb.o(.text) referenced from startup_stm32f103xb.o(RESET)
 <LI><a href="#[1e]">USB_LP_CAN1_RX0_IRQHandler</a> from startup_stm32f103xb.o(.text) referenced from startup_stm32f103xb.o(RESET)
 <LI><a href="#[3b]">USER_initialize</a> from user_diskio.o(i.USER_initialize) referenced from user_diskio.o(.data)
 <LI><a href="#[3f]">USER_ioctl</a> from user_diskio.o(i.USER_ioctl) referenced from user_diskio.o(.data)
 <LI><a href="#[3d]">USER_read</a> from user_diskio.o(i.USER_read) referenced from user_diskio.o(.data)
 <LI><a href="#[3c]">USER_status</a> from user_diskio.o(i.USER_status) referenced from user_diskio.o(.data)
 <LI><a href="#[3e]">USER_write</a> from user_diskio.o(i.USER_write) referenced from user_diskio.o(.data)
 <LI><a href="#[5]">UsageFault_Handler</a> from stm32f1xx_it.o(i.UsageFault_Handler) referenced from startup_stm32f103xb.o(RESET)
 <LI><a href="#[a]">WWDG_IRQHandler</a> from startup_stm32f103xb.o(.text) referenced from startup_stm32f103xb.o(RESET)
 <LI><a href="#[37]">__main</a> from entry.o(.ARM.Collect$$$$00000000) referenced from startup_stm32f103xb.o(.text)
 <LI><a href="#[38]">fputc</a> from usart.o(i.fputc) referenced from printf3.o(i.__0printf$3)
 <LI><a href="#[39]">iso15693PhyVCDCode1Of256</a> from rfal_iso15693_2.o(i.iso15693PhyVCDCode1Of256) referenced from rfal_iso15693_2.o(i.iso15693VCDCode)
 <LI><a href="#[3a]">iso15693PhyVCDCode1Of4</a> from rfal_iso15693_2.o(i.iso15693PhyVCDCode1Of4) referenced from rfal_iso15693_2.o(i.iso15693VCDCode)
 <LI><a href="#[35]">main</a> from main.o(i.main) referenced from entry9a.o(.ARM.Collect$$$$0000000B)
</UL>
<P>
<H3>
Global Symbols
</H3>
<P><STRONG><a name="[37]"></a>__main</STRONG> (Thumb, 0 bytes, Stack size unknown bytes, entry.o(.ARM.Collect$$$$00000000))
<BR>[Address Reference Count : 1]<UL><LI> startup_stm32f103xb.o(.text)
</UL>
<P><STRONG><a name="[19b]"></a>_main_stk</STRONG> (Thumb, 0 bytes, Stack size unknown bytes, entry2.o(.ARM.Collect$$$$00000001))

<P><STRONG><a name="[40]"></a>_main_scatterload</STRONG> (Thumb, 0 bytes, Stack size unknown bytes, entry5.o(.ARM.Collect$$$$00000004))
<BR><BR>[Calls]<UL><LI><a href="#[41]">&gt;&gt;</a>&nbsp;&nbsp;&nbsp;__scatterload
</UL>

<P><STRONG><a name="[47]"></a>__main_after_scatterload</STRONG> (Thumb, 0 bytes, Stack size unknown bytes, entry5.o(.ARM.Collect$$$$00000004))
<BR><BR>[Called By]<UL><LI><a href="#[41]">&gt;&gt;</a>&nbsp;&nbsp;&nbsp;__scatterload
</UL>

<P><STRONG><a name="[19c]"></a>_main_clock</STRONG> (Thumb, 0 bytes, Stack size unknown bytes, entry7b.o(.ARM.Collect$$$$00000008))

<P><STRONG><a name="[19d]"></a>_main_cpp_init</STRONG> (Thumb, 0 bytes, Stack size unknown bytes, entry8b.o(.ARM.Collect$$$$0000000A))

<P><STRONG><a name="[19e]"></a>_main_init</STRONG> (Thumb, 0 bytes, Stack size unknown bytes, entry9a.o(.ARM.Collect$$$$0000000B))

<P><STRONG><a name="[19f]"></a>__rt_final_cpp</STRONG> (Thumb, 0 bytes, Stack size unknown bytes, entry10a.o(.ARM.Collect$$$$0000000D))

<P><STRONG><a name="[1a0]"></a>__rt_final_exit</STRONG> (Thumb, 0 bytes, Stack size unknown bytes, entry11a.o(.ARM.Collect$$$$0000000F))

<P><STRONG><a name="[0]"></a>Reset_Handler</STRONG> (Thumb, 8 bytes, Stack size 0 bytes, startup_stm32f103xb.o(.text))
<BR>[Address Reference Count : 1]<UL><LI> startup_stm32f103xb.o(RESET)
</UL>
<P><STRONG><a name="[1c]"></a>ADC1_2_IRQHandler</STRONG> (Thumb, 0 bytes, Stack size 0 bytes, startup_stm32f103xb.o(.text))
<BR><BR>[Calls]<UL><LI><a href="#[1c]">&gt;&gt;</a>&nbsp;&nbsp;&nbsp;ADC1_2_IRQHandler
</UL>
<BR>[Called By]<UL><LI><a href="#[1c]">&gt;&gt;</a>&nbsp;&nbsp;&nbsp;ADC1_2_IRQHandler
</UL>
<BR>[Address Reference Count : 1]<UL><LI> startup_stm32f103xb.o(RESET)
</UL>
<P><STRONG><a name="[1f]"></a>CAN1_RX1_IRQHandler</STRONG> (Thumb, 0 bytes, Stack size 0 bytes, startup_stm32f103xb.o(.text))
<BR>[Address Reference Count : 1]<UL><LI> startup_stm32f103xb.o(RESET)
</UL>
<P><STRONG><a name="[20]"></a>CAN1_SCE_IRQHandler</STRONG> (Thumb, 0 bytes, Stack size 0 bytes, startup_stm32f103xb.o(.text))
<BR>[Address Reference Count : 1]<UL><LI> startup_stm32f103xb.o(RESET)
</UL>
<P><STRONG><a name="[15]"></a>DMA1_Channel1_IRQHandler</STRONG> (Thumb, 0 bytes, Stack size 0 bytes, startup_stm32f103xb.o(.text))
<BR>[Address Reference Count : 1]<UL><LI> startup_stm32f103xb.o(RESET)
</UL>
<P><STRONG><a name="[16]"></a>DMA1_Channel2_IRQHandler</STRONG> (Thumb, 0 bytes, Stack size 0 bytes, startup_stm32f103xb.o(.text))
<BR>[Address Reference Count : 1]<UL><LI> startup_stm32f103xb.o(RESET)
</UL>
<P><STRONG><a name="[17]"></a>DMA1_Channel3_IRQHandler</STRONG> (Thumb, 0 bytes, Stack size 0 bytes, startup_stm32f103xb.o(.text))
<BR>[Address Reference Count : 1]<UL><LI> startup_stm32f103xb.o(RESET)
</UL>
<P><STRONG><a name="[18]"></a>DMA1_Channel4_IRQHandler</STRONG> (Thumb, 0 bytes, Stack size 0 bytes, startup_stm32f103xb.o(.text))
<BR>[Address Reference Count : 1]<UL><LI> startup_stm32f103xb.o(RESET)
</UL>
<P><STRONG><a name="[19]"></a>DMA1_Channel5_IRQHandler</STRONG> (Thumb, 0 bytes, Stack size 0 bytes, startup_stm32f103xb.o(.text))
<BR>[Address Reference Count : 1]<UL><LI> startup_stm32f103xb.o(RESET)
</UL>
<P><STRONG><a name="[1a]"></a>DMA1_Channel6_IRQHandler</STRONG> (Thumb, 0 bytes, Stack size 0 bytes, startup_stm32f103xb.o(.text))
<BR>[Address Reference Count : 1]<UL><LI> startup_stm32f103xb.o(RESET)
</UL>
<P><STRONG><a name="[1b]"></a>DMA1_Channel7_IRQHandler</STRONG> (Thumb, 0 bytes, Stack size 0 bytes, startup_stm32f103xb.o(.text))
<BR>[Address Reference Count : 1]<UL><LI> startup_stm32f103xb.o(RESET)
</UL>
<P><STRONG><a name="[32]"></a>EXTI15_10_IRQHandler</STRONG> (Thumb, 0 bytes, Stack size 0 bytes, startup_stm32f103xb.o(.text))
<BR>[Address Reference Count : 1]<UL><LI> startup_stm32f103xb.o(RESET)
</UL>
<P><STRONG><a name="[11]"></a>EXTI1_IRQHandler</STRONG> (Thumb, 0 bytes, Stack size 0 bytes, startup_stm32f103xb.o(.text))
<BR>[Address Reference Count : 1]<UL><LI> startup_stm32f103xb.o(RESET)
</UL>
<P><STRONG><a name="[12]"></a>EXTI2_IRQHandler</STRONG> (Thumb, 0 bytes, Stack size 0 bytes, startup_stm32f103xb.o(.text))
<BR>[Address Reference Count : 1]<UL><LI> startup_stm32f103xb.o(RESET)
</UL>
<P><STRONG><a name="[13]"></a>EXTI3_IRQHandler</STRONG> (Thumb, 0 bytes, Stack size 0 bytes, startup_stm32f103xb.o(.text))
<BR>[Address Reference Count : 1]<UL><LI> startup_stm32f103xb.o(RESET)
</UL>
<P><STRONG><a name="[14]"></a>EXTI4_IRQHandler</STRONG> (Thumb, 0 bytes, Stack size 0 bytes, startup_stm32f103xb.o(.text))
<BR>[Address Reference Count : 1]<UL><LI> startup_stm32f103xb.o(RESET)
</UL>
<P><STRONG><a name="[21]"></a>EXTI9_5_IRQHandler</STRONG> (Thumb, 0 bytes, Stack size 0 bytes, startup_stm32f103xb.o(.text))
<BR>[Address Reference Count : 1]<UL><LI> startup_stm32f103xb.o(RESET)
</UL>
<P><STRONG><a name="[e]"></a>FLASH_IRQHandler</STRONG> (Thumb, 0 bytes, Stack size 0 bytes, startup_stm32f103xb.o(.text))
<BR>[Address Reference Count : 1]<UL><LI> startup_stm32f103xb.o(RESET)
</UL>
<P><STRONG><a name="[2a]"></a>I2C1_ER_IRQHandler</STRONG> (Thumb, 0 bytes, Stack size 0 bytes, startup_stm32f103xb.o(.text))
<BR>[Address Reference Count : 1]<UL><LI> startup_stm32f103xb.o(RESET)
</UL>
<P><STRONG><a name="[29]"></a>I2C1_EV_IRQHandler</STRONG> (Thumb, 0 bytes, Stack size 0 bytes, startup_stm32f103xb.o(.text))
<BR>[Address Reference Count : 1]<UL><LI> startup_stm32f103xb.o(RESET)
</UL>
<P><STRONG><a name="[2c]"></a>I2C2_ER_IRQHandler</STRONG> (Thumb, 0 bytes, Stack size 0 bytes, startup_stm32f103xb.o(.text))
<BR>[Address Reference Count : 1]<UL><LI> startup_stm32f103xb.o(RESET)
</UL>
<P><STRONG><a name="[2b]"></a>I2C2_EV_IRQHandler</STRONG> (Thumb, 0 bytes, Stack size 0 bytes, startup_stm32f103xb.o(.text))
<BR>[Address Reference Count : 1]<UL><LI> startup_stm32f103xb.o(RESET)
</UL>
<P><STRONG><a name="[b]"></a>PVD_IRQHandler</STRONG> (Thumb, 0 bytes, Stack size 0 bytes, startup_stm32f103xb.o(.text))
<BR>[Address Reference Count : 1]<UL><LI> startup_stm32f103xb.o(RESET)
</UL>
<P><STRONG><a name="[f]"></a>RCC_IRQHandler</STRONG> (Thumb, 0 bytes, Stack size 0 bytes, startup_stm32f103xb.o(.text))
<BR>[Address Reference Count : 1]<UL><LI> startup_stm32f103xb.o(RESET)
</UL>
<P><STRONG><a name="[33]"></a>RTC_Alarm_IRQHandler</STRONG> (Thumb, 0 bytes, Stack size 0 bytes, startup_stm32f103xb.o(.text))
<BR>[Address Reference Count : 1]<UL><LI> startup_stm32f103xb.o(RESET)
</UL>
<P><STRONG><a name="[d]"></a>RTC_IRQHandler</STRONG> (Thumb, 0 bytes, Stack size 0 bytes, startup_stm32f103xb.o(.text))
<BR>[Address Reference Count : 1]<UL><LI> startup_stm32f103xb.o(RESET)
</UL>
<P><STRONG><a name="[2d]"></a>SPI1_IRQHandler</STRONG> (Thumb, 0 bytes, Stack size 0 bytes, startup_stm32f103xb.o(.text))
<BR>[Address Reference Count : 1]<UL><LI> startup_stm32f103xb.o(RESET)
</UL>
<P><STRONG><a name="[2e]"></a>SPI2_IRQHandler</STRONG> (Thumb, 0 bytes, Stack size 0 bytes, startup_stm32f103xb.o(.text))
<BR>[Address Reference Count : 1]<UL><LI> startup_stm32f103xb.o(RESET)
</UL>
<P><STRONG><a name="[c]"></a>TAMPER_IRQHandler</STRONG> (Thumb, 0 bytes, Stack size 0 bytes, startup_stm32f103xb.o(.text))
<BR>[Address Reference Count : 1]<UL><LI> startup_stm32f103xb.o(RESET)
</UL>
<P><STRONG><a name="[22]"></a>TIM1_BRK_IRQHandler</STRONG> (Thumb, 0 bytes, Stack size 0 bytes, startup_stm32f103xb.o(.text))
<BR>[Address Reference Count : 1]<UL><LI> startup_stm32f103xb.o(RESET)
</UL>
<P><STRONG><a name="[25]"></a>TIM1_CC_IRQHandler</STRONG> (Thumb, 0 bytes, Stack size 0 bytes, startup_stm32f103xb.o(.text))
<BR>[Address Reference Count : 1]<UL><LI> startup_stm32f103xb.o(RESET)
</UL>
<P><STRONG><a name="[24]"></a>TIM1_TRG_COM_IRQHandler</STRONG> (Thumb, 0 bytes, Stack size 0 bytes, startup_stm32f103xb.o(.text))
<BR>[Address Reference Count : 1]<UL><LI> startup_stm32f103xb.o(RESET)
</UL>
<P><STRONG><a name="[23]"></a>TIM1_UP_IRQHandler</STRONG> (Thumb, 0 bytes, Stack size 0 bytes, startup_stm32f103xb.o(.text))
<BR>[Address Reference Count : 1]<UL><LI> startup_stm32f103xb.o(RESET)
</UL>
<P><STRONG><a name="[26]"></a>TIM2_IRQHandler</STRONG> (Thumb, 0 bytes, Stack size 0 bytes, startup_stm32f103xb.o(.text))
<BR>[Address Reference Count : 1]<UL><LI> startup_stm32f103xb.o(RESET)
</UL>
<P><STRONG><a name="[28]"></a>TIM4_IRQHandler</STRONG> (Thumb, 0 bytes, Stack size 0 bytes, startup_stm32f103xb.o(.text))
<BR>[Address Reference Count : 1]<UL><LI> startup_stm32f103xb.o(RESET)
</UL>
<P><STRONG><a name="[2f]"></a>USART1_IRQHandler</STRONG> (Thumb, 0 bytes, Stack size 0 bytes, startup_stm32f103xb.o(.text))
<BR>[Address Reference Count : 1]<UL><LI> startup_stm32f103xb.o(RESET)
</UL>
<P><STRONG><a name="[30]"></a>USART2_IRQHandler</STRONG> (Thumb, 0 bytes, Stack size 0 bytes, startup_stm32f103xb.o(.text))
<BR>[Address Reference Count : 1]<UL><LI> startup_stm32f103xb.o(RESET)
</UL>
<P><STRONG><a name="[31]"></a>USART3_IRQHandler</STRONG> (Thumb, 0 bytes, Stack size 0 bytes, startup_stm32f103xb.o(.text))
<BR>[Address Reference Count : 1]<UL><LI> startup_stm32f103xb.o(RESET)
</UL>
<P><STRONG><a name="[34]"></a>USBWakeUp_IRQHandler</STRONG> (Thumb, 0 bytes, Stack size 0 bytes, startup_stm32f103xb.o(.text))
<BR>[Address Reference Count : 1]<UL><LI> startup_stm32f103xb.o(RESET)
</UL>
<P><STRONG><a name="[1d]"></a>USB_HP_CAN1_TX_IRQHandler</STRONG> (Thumb, 0 bytes, Stack size 0 bytes, startup_stm32f103xb.o(.text))
<BR>[Address Reference Count : 1]<UL><LI> startup_stm32f103xb.o(RESET)
</UL>
<P><STRONG><a name="[1e]"></a>USB_LP_CAN1_RX0_IRQHandler</STRONG> (Thumb, 0 bytes, Stack size 0 bytes, startup_stm32f103xb.o(.text))
<BR>[Address Reference Count : 1]<UL><LI> startup_stm32f103xb.o(RESET)
</UL>
<P><STRONG><a name="[a]"></a>WWDG_IRQHandler</STRONG> (Thumb, 0 bytes, Stack size 0 bytes, startup_stm32f103xb.o(.text))
<BR>[Address Reference Count : 1]<UL><LI> startup_stm32f103xb.o(RESET)
</UL>
<P><STRONG><a name="[1a1]"></a>___aeabi_memcpy8$move</STRONG> (Thumb, 0 bytes, Stack size 8 bytes, memmovea.o(.text), UNUSED)

<P><STRONG><a name="[b2]"></a>__aeabi_memcpy</STRONG> (Thumb, 64 bytes, Stack size 8 bytes, memmovea.o(.text))
<BR><BR>[Stack]<UL><LI>Max Depth = 8<LI>Call Chain = __aeabi_memcpy
</UL>
<BR>[Called By]<UL><LI><a href="#[b1]">&gt;&gt;</a>&nbsp;&nbsp;&nbsp;SpiTxRx
<LI><a href="#[d0]">&gt;&gt;</a>&nbsp;&nbsp;&nbsp;rfalWakeUpModeStart
<LI><a href="#[dd]">&gt;&gt;</a>&nbsp;&nbsp;&nbsp;rfalIsoDepGetApduTransceiveStatus
<LI><a href="#[125]">&gt;&gt;</a>&nbsp;&nbsp;&nbsp;nfcipTx
<LI><a href="#[15d]">&gt;&gt;</a>&nbsp;&nbsp;&nbsp;rfalIsoDepATTRIB
<LI><a href="#[17d]">&gt;&gt;</a>&nbsp;&nbsp;&nbsp;rfalNfcvPollerInventory
<LI><a href="#[141]">&gt;&gt;</a>&nbsp;&nbsp;&nbsp;rfalFeliCaPoll
<LI><a href="#[17a]">&gt;&gt;</a>&nbsp;&nbsp;&nbsp;rfalNfcfComputeValidSENF
<LI><a href="#[16b]">&gt;&gt;</a>&nbsp;&nbsp;&nbsp;rfalNfcDepATR
</UL>

<P><STRONG><a name="[db]"></a>__aeabi_memcpy4</STRONG> (Thumb, 0 bytes, Stack size 8 bytes, memmovea.o(.text))
<BR><BR>[Stack]<UL><LI>Max Depth = 8<LI>Call Chain = __aeabi_memcpy4
</UL>
<BR>[Called By]<UL><LI><a href="#[dc]">&gt;&gt;</a>&nbsp;&nbsp;&nbsp;rfalIsoDepStartApduTransceive
<LI><a href="#[dd]">&gt;&gt;</a>&nbsp;&nbsp;&nbsp;rfalIsoDepGetApduTransceiveStatus
<LI><a href="#[d9]">&gt;&gt;</a>&nbsp;&nbsp;&nbsp;demoIsoDepBlockingTxRx
<LI><a href="#[123]">&gt;&gt;</a>&nbsp;&nbsp;&nbsp;nfcipConfig
<LI><a href="#[148]">&gt;&gt;</a>&nbsp;&nbsp;&nbsp;rfalStartTransceive
<LI><a href="#[187]">&gt;&gt;</a>&nbsp;&nbsp;&nbsp;rfalTransceiveRx
<LI><a href="#[16b]">&gt;&gt;</a>&nbsp;&nbsp;&nbsp;rfalNfcDepATR
</UL>

<P><STRONG><a name="[da]"></a>__aeabi_memmove</STRONG> (Thumb, 0 bytes, Stack size 8 bytes, memmovea.o(.text))
<BR><BR>[Stack]<UL><LI>Max Depth = 8<LI>Call Chain = __aeabi_memmove
</UL>
<BR>[Called By]<UL><LI><a href="#[de]">&gt;&gt;</a>&nbsp;&nbsp;&nbsp;demoNfcDepBlockingTxRx
<LI><a href="#[d9]">&gt;&gt;</a>&nbsp;&nbsp;&nbsp;demoIsoDepBlockingTxRx
<LI><a href="#[12a]">&gt;&gt;</a>&nbsp;&nbsp;&nbsp;nfcipTargetHandleRX
<LI><a href="#[127]">&gt;&gt;</a>&nbsp;&nbsp;&nbsp;nfcipInitiatorHandleDEP
<LI><a href="#[11a]">&gt;&gt;</a>&nbsp;&nbsp;&nbsp;isoDepDataExchangePICC
<LI><a href="#[114]">&gt;&gt;</a>&nbsp;&nbsp;&nbsp;isoDepDataExchangePCD
</UL>

<P><STRONG><a name="[1a2]"></a>__aeabi_memmove4</STRONG> (Thumb, 0 bytes, Stack size 8 bytes, memmovea.o(.text), UNUSED)

<P><STRONG><a name="[1a3]"></a>__aeabi_memmove8</STRONG> (Thumb, 0 bytes, Stack size 8 bytes, memmovea.o(.text), UNUSED)

<P><STRONG><a name="[43]"></a>__aeabi_memset</STRONG> (Thumb, 14 bytes, Stack size 0 bytes, memseta.o(.text))
<BR><BR>[Called By]<UL><LI><a href="#[51]">&gt;&gt;</a>&nbsp;&nbsp;&nbsp;BSP_SD_ReadBlocks
<LI><a href="#[194]">&gt;&gt;</a>&nbsp;&nbsp;&nbsp;st25r3911CheckForReceivedInterrupts
<LI><a href="#[44]">&gt;&gt;</a>&nbsp;&nbsp;&nbsp;_memset$wrapper
<LI><a href="#[42]">&gt;&gt;</a>&nbsp;&nbsp;&nbsp;__aeabi_memclr
</UL>

<P><STRONG><a name="[1a4]"></a>__aeabi_memset4</STRONG> (Thumb, 0 bytes, Stack size 0 bytes, memseta.o(.text), UNUSED)

<P><STRONG><a name="[1a5]"></a>__aeabi_memset8</STRONG> (Thumb, 0 bytes, Stack size 0 bytes, memseta.o(.text), UNUSED)

<P><STRONG><a name="[42]"></a>__aeabi_memclr</STRONG> (Thumb, 4 bytes, Stack size 0 bytes, memseta.o(.text))
<BR><BR>[Calls]<UL><LI><a href="#[43]">&gt;&gt;</a>&nbsp;&nbsp;&nbsp;__aeabi_memset
</UL>
<BR>[Called By]<UL><LI><a href="#[f1]">&gt;&gt;</a>&nbsp;&nbsp;&nbsp;rfalNfcvPollerCollisionResolution
<LI><a href="#[b7]">&gt;&gt;</a>&nbsp;&nbsp;&nbsp;rfalNfcaPollerFullCollisionResolution
<LI><a href="#[175]">&gt;&gt;</a>&nbsp;&nbsp;&nbsp;rfalNfcbPollerCheckPresence
<LI><a href="#[113]">&gt;&gt;</a>&nbsp;&nbsp;&nbsp;iso15693VICCDecode
</UL>

<P><STRONG><a name="[b3]"></a>__aeabi_memclr4</STRONG> (Thumb, 0 bytes, Stack size 0 bytes, memseta.o(.text))
<BR><BR>[Called By]<UL><LI><a href="#[bc]">&gt;&gt;</a>&nbsp;&nbsp;&nbsp;SystemClock_Config
<LI><a href="#[f1]">&gt;&gt;</a>&nbsp;&nbsp;&nbsp;rfalNfcvPollerCollisionResolution
<LI><a href="#[65]">&gt;&gt;</a>&nbsp;&nbsp;&nbsp;Start_Dawring
</UL>

<P><STRONG><a name="[1a6]"></a>__aeabi_memclr8</STRONG> (Thumb, 0 bytes, Stack size 0 bytes, memseta.o(.text), UNUSED)

<P><STRONG><a name="[44]"></a>_memset$wrapper</STRONG> (Thumb, 18 bytes, Stack size 8 bytes, memseta.o(.text), UNUSED)
<BR><BR>[Calls]<UL><LI><a href="#[43]">&gt;&gt;</a>&nbsp;&nbsp;&nbsp;__aeabi_memset
</UL>

<P><STRONG><a name="[17b]"></a>memcmp</STRONG> (Thumb, 26 bytes, Stack size 12 bytes, memcmp.o(.text))
<BR><BR>[Stack]<UL><LI>Max Depth = 12<LI>Call Chain = memcmp
</UL>
<BR>[Called By]<UL><LI><a href="#[17a]">&gt;&gt;</a>&nbsp;&nbsp;&nbsp;rfalNfcfComputeValidSENF
</UL>

<P><STRONG><a name="[6c]"></a>strcpy</STRONG> (Thumb, 18 bytes, Stack size 0 bytes, strcpy.o(.text))
<BR><BR>[Called By]<UL><LI><a href="#[67]">&gt;&gt;</a>&nbsp;&nbsp;&nbsp;Browser_save_fileame
</UL>

<P><STRONG><a name="[6b]"></a>strrchr</STRONG> (Thumb, 32 bytes, Stack size 0 bytes, strrchr.o(.text))
<BR><BR>[Called By]<UL><LI><a href="#[67]">&gt;&gt;</a>&nbsp;&nbsp;&nbsp;Browser_save_fileame
</UL>

<P><STRONG><a name="[45]"></a>strcasecmp</STRONG> (Thumb, 42 bytes, Stack size 24 bytes, strcasecmp.o(.text))
<BR><BR>[Stack]<UL><LI>Max Depth = 24<LI>Call Chain = strcasecmp
</UL>
<BR>[Calls]<UL><LI><a href="#[46]">&gt;&gt;</a>&nbsp;&nbsp;&nbsp;tolower
</UL>
<BR>[Called By]<UL><LI><a href="#[67]">&gt;&gt;</a>&nbsp;&nbsp;&nbsp;Browser_save_fileame
</UL>

<P><STRONG><a name="[1a7]"></a>__aeabi_uidiv</STRONG> (Thumb, 0 bytes, Stack size 12 bytes, uidiv.o(.text), UNUSED)

<P><STRONG><a name="[c1]"></a>__aeabi_uidivmod</STRONG> (Thumb, 44 bytes, Stack size 12 bytes, uidiv.o(.text), UNUSED)
<BR><BR>[Called By]<UL><LI><a href="#[c0]">&gt;&gt;</a>&nbsp;&nbsp;&nbsp;_printf_core
</UL>

<P><STRONG><a name="[46]"></a>tolower</STRONG> (Thumb, 12 bytes, Stack size 0 bytes, tolower.o(.text))
<BR><BR>[Called By]<UL><LI><a href="#[45]">&gt;&gt;</a>&nbsp;&nbsp;&nbsp;strcasecmp
</UL>

<P><STRONG><a name="[41]"></a>__scatterload</STRONG> (Thumb, 28 bytes, Stack size 0 bytes, init.o(.text))
<BR><BR>[Calls]<UL><LI><a href="#[47]">&gt;&gt;</a>&nbsp;&nbsp;&nbsp;__main_after_scatterload
</UL>
<BR>[Called By]<UL><LI><a href="#[40]">&gt;&gt;</a>&nbsp;&nbsp;&nbsp;_main_scatterload
</UL>

<P><STRONG><a name="[1a8]"></a>__scatterload_rt2</STRONG> (Thumb, 0 bytes, Stack size 0 bytes, init.o(.text), UNUSED)

<P><STRONG><a name="[48]"></a>BSP_SD_GetCardInfo</STRONG> (Thumb, 92 bytes, Stack size 16 bytes, sd_card_drive.o(i.BSP_SD_GetCardInfo))
<BR><BR>[Stack]<UL><LI>Max Depth = 224<LI>Call Chain = BSP_SD_GetCardInfo &rArr; SD_GetCSDRegister &rArr; SD_SendCmd &rArr; SD_ReadData &rArr; SD_IO_WriteByte &rArr; MX_SPI2_Init &rArr; HAL_SPI_Init &rArr; HAL_SPI_MspInit &rArr; HAL_GPIO_Init
</UL>
<BR>[Calls]<UL><LI><a href="#[49]">&gt;&gt;</a>&nbsp;&nbsp;&nbsp;SD_GetCSDRegister
<LI><a href="#[4a]">&gt;&gt;</a>&nbsp;&nbsp;&nbsp;SD_GetCIDRegister
</UL>
<BR>[Called By]<UL><LI><a href="#[3f]">&gt;&gt;</a>&nbsp;&nbsp;&nbsp;USER_ioctl
</UL>

<P><STRONG><a name="[4b]"></a>BSP_SD_GetCardState</STRONG> (Thumb, 50 bytes, Stack size 24 bytes, sd_card_drive.o(i.BSP_SD_GetCardState))
<BR><BR>[Stack]<UL><LI>Max Depth = 184<LI>Call Chain = BSP_SD_GetCardState &rArr; SD_SendCmd &rArr; SD_ReadData &rArr; SD_IO_WriteByte &rArr; MX_SPI2_Init &rArr; HAL_SPI_Init &rArr; HAL_SPI_MspInit &rArr; HAL_GPIO_Init
</UL>
<BR>[Calls]<UL><LI><a href="#[4e]">&gt;&gt;</a>&nbsp;&nbsp;&nbsp;SD_IO_WriteByte
<LI><a href="#[4d]">&gt;&gt;</a>&nbsp;&nbsp;&nbsp;SD_IO_CSState
<LI><a href="#[4c]">&gt;&gt;</a>&nbsp;&nbsp;&nbsp;SD_SendCmd
</UL>
<BR>[Called By]<UL><LI><a href="#[3e]">&gt;&gt;</a>&nbsp;&nbsp;&nbsp;USER_write
<LI><a href="#[3c]">&gt;&gt;</a>&nbsp;&nbsp;&nbsp;USER_status
<LI><a href="#[3d]">&gt;&gt;</a>&nbsp;&nbsp;&nbsp;USER_read
</UL>

<P><STRONG><a name="[4f]"></a>BSP_SD_Init</STRONG> (Thumb, 38 bytes, Stack size 8 bytes, sd_card_drive.o(i.BSP_SD_Init))
<BR><BR>[Stack]<UL><LI>Max Depth = 208<LI>Call Chain = BSP_SD_Init &rArr; SD_GoIdleState &rArr; SD_SendCmd &rArr; SD_ReadData &rArr; SD_IO_WriteByte &rArr; MX_SPI2_Init &rArr; HAL_SPI_Init &rArr; HAL_SPI_MspInit &rArr; HAL_GPIO_Init
</UL>
<BR>[Calls]<UL><LI><a href="#[4e]">&gt;&gt;</a>&nbsp;&nbsp;&nbsp;SD_IO_WriteByte
<LI><a href="#[4d]">&gt;&gt;</a>&nbsp;&nbsp;&nbsp;SD_IO_CSState
<LI><a href="#[50]">&gt;&gt;</a>&nbsp;&nbsp;&nbsp;SD_GoIdleState
</UL>
<BR>[Called By]<UL><LI><a href="#[3b]">&gt;&gt;</a>&nbsp;&nbsp;&nbsp;USER_initialize
<LI><a href="#[60]">&gt;&gt;</a>&nbsp;&nbsp;&nbsp;SDCard_Init
</UL>

<P><STRONG><a name="[51]"></a>BSP_SD_ReadBlocks</STRONG> (Thumb, 194 bytes, Stack size 64 bytes, sd_card_drive.o(i.BSP_SD_ReadBlocks))
<BR><BR>[Stack]<UL><LI>Max Depth = 224<LI>Call Chain = BSP_SD_ReadBlocks &rArr; SD_SendCmd &rArr; SD_ReadData &rArr; SD_IO_WriteByte &rArr; MX_SPI2_Init &rArr; HAL_SPI_Init &rArr; HAL_SPI_MspInit &rArr; HAL_GPIO_Init
</UL>
<BR>[Calls]<UL><LI><a href="#[54]">&gt;&gt;</a>&nbsp;&nbsp;&nbsp;SD_IO_WriteReadData
<LI><a href="#[4e]">&gt;&gt;</a>&nbsp;&nbsp;&nbsp;SD_IO_WriteByte
<LI><a href="#[4d]">&gt;&gt;</a>&nbsp;&nbsp;&nbsp;SD_IO_CSState
<LI><a href="#[53]">&gt;&gt;</a>&nbsp;&nbsp;&nbsp;SD_WaitData
<LI><a href="#[4c]">&gt;&gt;</a>&nbsp;&nbsp;&nbsp;SD_SendCmd
<LI><a href="#[43]">&gt;&gt;</a>&nbsp;&nbsp;&nbsp;__aeabi_memset
<LI><a href="#[52]">&gt;&gt;</a>&nbsp;&nbsp;&nbsp;malloc
<LI><a href="#[55]">&gt;&gt;</a>&nbsp;&nbsp;&nbsp;free
</UL>
<BR>[Called By]<UL><LI><a href="#[3d]">&gt;&gt;</a>&nbsp;&nbsp;&nbsp;USER_read
</UL>

<P><STRONG><a name="[56]"></a>BSP_SD_WriteBlocks</STRONG> (Thumb, 242 bytes, Stack size 64 bytes, sd_card_drive.o(i.BSP_SD_WriteBlocks))
<BR><BR>[Stack]<UL><LI>Max Depth = 224<LI>Call Chain = BSP_SD_WriteBlocks &rArr; SD_SendCmd &rArr; SD_ReadData &rArr; SD_IO_WriteByte &rArr; MX_SPI2_Init &rArr; HAL_SPI_Init &rArr; HAL_SPI_MspInit &rArr; HAL_GPIO_Init
</UL>
<BR>[Calls]<UL><LI><a href="#[54]">&gt;&gt;</a>&nbsp;&nbsp;&nbsp;SD_IO_WriteReadData
<LI><a href="#[4e]">&gt;&gt;</a>&nbsp;&nbsp;&nbsp;SD_IO_WriteByte
<LI><a href="#[4d]">&gt;&gt;</a>&nbsp;&nbsp;&nbsp;SD_IO_CSState
<LI><a href="#[4c]">&gt;&gt;</a>&nbsp;&nbsp;&nbsp;SD_SendCmd
<LI><a href="#[52]">&gt;&gt;</a>&nbsp;&nbsp;&nbsp;malloc
<LI><a href="#[55]">&gt;&gt;</a>&nbsp;&nbsp;&nbsp;free
</UL>
<BR>[Called By]<UL><LI><a href="#[3e]">&gt;&gt;</a>&nbsp;&nbsp;&nbsp;USER_write
</UL>

<P><STRONG><a name="[57]"></a>Browser_display</STRONG> (Thumb, 2008 bytes, Stack size 56 bytes, browser.o(i.Browser_display))
<BR><BR>[Stack]<UL><LI>Max Depth = 1552<LI>Call Chain = Browser_display &rArr; SDCard_ReadBMP &rArr; f_open &rArr; dir_register &rArr; dir_find &rArr; dir_next &rArr; create_chain &rArr; put_fat &rArr; move_window &rArr; sync_window &rArr; disk_write
</UL>
<BR>[Calls]<UL><LI><a href="#[5d]">&gt;&gt;</a>&nbsp;&nbsp;&nbsp;ssd1306_refresh_gram
<LI><a href="#[5a]">&gt;&gt;</a>&nbsp;&nbsp;&nbsp;ssd1306_display_string
<LI><a href="#[5e]">&gt;&gt;</a>&nbsp;&nbsp;&nbsp;rfalWorker
<LI><a href="#[60]">&gt;&gt;</a>&nbsp;&nbsp;&nbsp;SDCard_Init
<LI><a href="#[58]">&gt;&gt;</a>&nbsp;&nbsp;&nbsp;ReadKey
<LI><a href="#[61]">&gt;&gt;</a>&nbsp;&nbsp;&nbsp;HAL_GPIO_WritePin
<LI><a href="#[62]">&gt;&gt;</a>&nbsp;&nbsp;&nbsp;SDCard_ReadBMP
<LI><a href="#[64]">&gt;&gt;</a>&nbsp;&nbsp;&nbsp;rfalFieldOff
<LI><a href="#[5f]">&gt;&gt;</a>&nbsp;&nbsp;&nbsp;demoCycle
<LI><a href="#[63]">&gt;&gt;</a>&nbsp;&nbsp;&nbsp;HAL_TIM_Base_Start_IT
<LI><a href="#[65]">&gt;&gt;</a>&nbsp;&nbsp;&nbsp;Start_Dawring
<LI><a href="#[59]">&gt;&gt;</a>&nbsp;&nbsp;&nbsp;Browser_paper_clean_full
<LI><a href="#[5b]">&gt;&gt;</a>&nbsp;&nbsp;&nbsp;ssd1306_draw_line
<LI><a href="#[5c]">&gt;&gt;</a>&nbsp;&nbsp;&nbsp;ssd1306_draw_bitmap
</UL>
<BR>[Called By]<UL><LI><a href="#[35]">&gt;&gt;</a>&nbsp;&nbsp;&nbsp;main
</UL>

<P><STRONG><a name="[59]"></a>Browser_paper_clean_full</STRONG> (Thumb, 34 bytes, Stack size 16 bytes, browser.o(i.Browser_paper_clean_full))
<BR><BR>[Stack]<UL><LI>Max Depth = 24<LI>Call Chain = Browser_paper_clean_full &rArr; ssd1306_draw_point
</UL>
<BR>[Calls]<UL><LI><a href="#[66]">&gt;&gt;</a>&nbsp;&nbsp;&nbsp;ssd1306_draw_point
</UL>
<BR>[Called By]<UL><LI><a href="#[57]">&gt;&gt;</a>&nbsp;&nbsp;&nbsp;Browser_display
<LI><a href="#[ba]">&gt;&gt;</a>&nbsp;&nbsp;&nbsp;fail_interface
<LI><a href="#[65]">&gt;&gt;</a>&nbsp;&nbsp;&nbsp;Start_Dawring
</UL>

<P><STRONG><a name="[67]"></a>Browser_save_fileame</STRONG> (Thumb, 166 bytes, Stack size 24 bytes, browser.o(i.Browser_save_fileame))
<BR><BR>[Stack]<UL><LI>Max Depth = 264<LI>Call Chain = Browser_save_fileame &rArr; f_opendir &rArr; follow_path &rArr; dir_find &rArr; dir_next &rArr; create_chain &rArr; put_fat &rArr; move_window &rArr; sync_window &rArr; disk_write
</UL>
<BR>[Calls]<UL><LI><a href="#[68]">&gt;&gt;</a>&nbsp;&nbsp;&nbsp;f_opendir
<LI><a href="#[6a]">&gt;&gt;</a>&nbsp;&nbsp;&nbsp;f_readdir
<LI><a href="#[45]">&gt;&gt;</a>&nbsp;&nbsp;&nbsp;strcasecmp
<LI><a href="#[6b]">&gt;&gt;</a>&nbsp;&nbsp;&nbsp;strrchr
<LI><a href="#[6c]">&gt;&gt;</a>&nbsp;&nbsp;&nbsp;strcpy
<LI><a href="#[69]">&gt;&gt;</a>&nbsp;&nbsp;&nbsp;__2printf
</UL>
<BR>[Called By]<UL><LI><a href="#[35]">&gt;&gt;</a>&nbsp;&nbsp;&nbsp;main
</UL>

<P><STRONG><a name="[4]"></a>BusFault_Handler</STRONG> (Thumb, 2 bytes, Stack size 0 bytes, stm32f1xx_it.o(i.BusFault_Handler))
<BR><BR>[Calls]<UL><LI><a href="#[4]">&gt;&gt;</a>&nbsp;&nbsp;&nbsp;BusFault_Handler
</UL>
<BR>[Called By]<UL><LI><a href="#[4]">&gt;&gt;</a>&nbsp;&nbsp;&nbsp;BusFault_Handler
</UL>
<BR>[Address Reference Count : 1]<UL><LI> startup_stm32f103xb.o(RESET)
</UL>
<P><STRONG><a name="[6d]"></a>DEV_SPI_ReadByte</STRONG> (Thumb, 22 bytes, Stack size 8 bytes, dev_config.o(i.DEV_SPI_ReadByte))
<BR><BR>[Stack]<UL><LI>Max Depth = 128<LI>Call Chain = DEV_SPI_ReadByte &rArr; HAL_SPI_Receive &rArr; HAL_SPI_TransmitReceive &rArr; SPI_EndRxTxTransaction &rArr; SPI_WaitFlagStateUntilTimeout
</UL>
<BR>[Calls]<UL><LI><a href="#[6e]">&gt;&gt;</a>&nbsp;&nbsp;&nbsp;HAL_SPI_Receive
</UL>
<BR>[Called By]<UL><LI><a href="#[a8]">&gt;&gt;</a>&nbsp;&nbsp;&nbsp;SPIRAM_RD_Byte
</UL>

<P><STRONG><a name="[6f]"></a>DEV_SPI_WriteByte</STRONG> (Thumb, 18 bytes, Stack size 8 bytes, dev_config.o(i.DEV_SPI_WriteByte))
<BR><BR>[Stack]<UL><LI>Max Depth = 88<LI>Call Chain = DEV_SPI_WriteByte &rArr; HAL_SPI_Transmit &rArr; SPI_EndRxTxTransaction &rArr; SPI_WaitFlagStateUntilTimeout
</UL>
<BR>[Calls]<UL><LI><a href="#[70]">&gt;&gt;</a>&nbsp;&nbsp;&nbsp;HAL_SPI_Transmit
</UL>
<BR>[Called By]<UL><LI><a href="#[ad]">&gt;&gt;</a>&nbsp;&nbsp;&nbsp;SPIRAM_WR_Byte
<LI><a href="#[a8]">&gt;&gt;</a>&nbsp;&nbsp;&nbsp;SPIRAM_RD_Byte
</UL>

<P><STRONG><a name="[7]"></a>DebugMon_Handler</STRONG> (Thumb, 2 bytes, Stack size 0 bytes, stm32f1xx_it.o(i.DebugMon_Handler))
<BR>[Address Reference Count : 1]<UL><LI> startup_stm32f103xb.o(RESET)
</UL>
<P><STRONG><a name="[10]"></a>EXTI0_IRQHandler</STRONG> (Thumb, 16 bytes, Stack size 8 bytes, stm32f1xx_it.o(i.EXTI0_IRQHandler))
<BR><BR>[Stack]<UL><LI>Max Depth = 672<LI>Call Chain = EXTI0_IRQHandler &rArr; st25r3911Isr &rArr; st25r3911CheckForReceivedInterrupts &rArr; st25r3911ReadMultipleRegisters &rArr; SpiTxRx &rArr; HAL_SPI_TransmitReceive &rArr; SPI_EndRxTxTransaction &rArr; SPI_WaitFlagStateUntilTimeout
</UL>
<BR>[Calls]<UL><LI><a href="#[72]">&gt;&gt;</a>&nbsp;&nbsp;&nbsp;st25r3911Isr
<LI><a href="#[71]">&gt;&gt;</a>&nbsp;&nbsp;&nbsp;HAL_GPIO_EXTI_IRQHandler
</UL>
<BR>[Address Reference Count : 1]<UL><LI> startup_stm32f103xb.o(RESET)
</UL>
<P><STRONG><a name="[73]"></a>Error_Handler</STRONG> (Thumb, 2 bytes, Stack size 0 bytes, main.o(i.Error_Handler))
<BR><BR>[Calls]<UL><LI><a href="#[73]">&gt;&gt;</a>&nbsp;&nbsp;&nbsp;Error_Handler
</UL>
<BR>[Called By]<UL><LI><a href="#[a5]">&gt;&gt;</a>&nbsp;&nbsp;&nbsp;MX_USART2_UART_Init
<LI><a href="#[a3]">&gt;&gt;</a>&nbsp;&nbsp;&nbsp;MX_TIM3_Init
<LI><a href="#[a2]">&gt;&gt;</a>&nbsp;&nbsp;&nbsp;MX_SPI2_Init
<LI><a href="#[a1]">&gt;&gt;</a>&nbsp;&nbsp;&nbsp;MX_SPI1_Init
<LI><a href="#[73]">&gt;&gt;</a>&nbsp;&nbsp;&nbsp;Error_Handler
</UL>

<P><STRONG><a name="[74]"></a>FATFS_LinkDriver</STRONG> (Thumb, 6 bytes, Stack size 0 bytes, ff_gen_drv.o(i.FATFS_LinkDriver))
<BR><BR>[Stack]<UL><LI>Max Depth = 12<LI>Call Chain = FATFS_LinkDriver &rArr; FATFS_LinkDriverEx
</UL>
<BR>[Calls]<UL><LI><a href="#[75]">&gt;&gt;</a>&nbsp;&nbsp;&nbsp;FATFS_LinkDriverEx
</UL>
<BR>[Called By]<UL><LI><a href="#[60]">&gt;&gt;</a>&nbsp;&nbsp;&nbsp;SDCard_Init
<LI><a href="#[9f]">&gt;&gt;</a>&nbsp;&nbsp;&nbsp;MX_FATFS_Init
</UL>

<P><STRONG><a name="[75]"></a>FATFS_LinkDriverEx</STRONG> (Thumb, 60 bytes, Stack size 12 bytes, ff_gen_drv.o(i.FATFS_LinkDriverEx))
<BR><BR>[Stack]<UL><LI>Max Depth = 12<LI>Call Chain = FATFS_LinkDriverEx
</UL>
<BR>[Called By]<UL><LI><a href="#[74]">&gt;&gt;</a>&nbsp;&nbsp;&nbsp;FATFS_LinkDriver
</UL>

<P><STRONG><a name="[76]"></a>HAL_Delay</STRONG> (Thumb, 32 bytes, Stack size 16 bytes, stm32f1xx_hal.o(i.HAL_Delay))
<BR><BR>[Stack]<UL><LI>Max Depth = 16<LI>Call Chain = HAL_Delay
</UL>
<BR>[Calls]<UL><LI><a href="#[77]">&gt;&gt;</a>&nbsp;&nbsp;&nbsp;HAL_GetTick
</UL>
<BR>[Called By]<UL><LI><a href="#[121]">&gt;&gt;</a>&nbsp;&nbsp;&nbsp;ssd1306_init
<LI><a href="#[58]">&gt;&gt;</a>&nbsp;&nbsp;&nbsp;ReadKey
<LI><a href="#[35]">&gt;&gt;</a>&nbsp;&nbsp;&nbsp;main
<LI><a href="#[4c]">&gt;&gt;</a>&nbsp;&nbsp;&nbsp;SD_SendCmd
<LI><a href="#[d6]">&gt;&gt;</a>&nbsp;&nbsp;&nbsp;rfalSt25tbPollerCollisionResolution
<LI><a href="#[f1]">&gt;&gt;</a>&nbsp;&nbsp;&nbsp;rfalNfcvPollerCollisionResolution
<LI><a href="#[e8]">&gt;&gt;</a>&nbsp;&nbsp;&nbsp;rfalIsoDepPollAHandleActivation
<LI><a href="#[5f]">&gt;&gt;</a>&nbsp;&nbsp;&nbsp;demoCycle
<LI><a href="#[e6]">&gt;&gt;</a>&nbsp;&nbsp;&nbsp;demoSendNdefUri
<LI><a href="#[65]">&gt;&gt;</a>&nbsp;&nbsp;&nbsp;Start_Dawring
<LI><a href="#[172]">&gt;&gt;</a>&nbsp;&nbsp;&nbsp;rfalNfcaPollerSingleCollisionResolution
</UL>

<P><STRONG><a name="[78]"></a>HAL_GPIO_EXTI_Callback</STRONG> (Thumb, 2 bytes, Stack size 0 bytes, stm32f1xx_hal_gpio.o(i.HAL_GPIO_EXTI_Callback))
<BR><BR>[Called By]<UL><LI><a href="#[71]">&gt;&gt;</a>&nbsp;&nbsp;&nbsp;HAL_GPIO_EXTI_IRQHandler
</UL>

<P><STRONG><a name="[71]"></a>HAL_GPIO_EXTI_IRQHandler</STRONG> (Thumb, 18 bytes, Stack size 8 bytes, stm32f1xx_hal_gpio.o(i.HAL_GPIO_EXTI_IRQHandler))
<BR><BR>[Stack]<UL><LI>Max Depth = 8<LI>Call Chain = HAL_GPIO_EXTI_IRQHandler
</UL>
<BR>[Calls]<UL><LI><a href="#[78]">&gt;&gt;</a>&nbsp;&nbsp;&nbsp;HAL_GPIO_EXTI_Callback
</UL>
<BR>[Called By]<UL><LI><a href="#[10]">&gt;&gt;</a>&nbsp;&nbsp;&nbsp;EXTI0_IRQHandler
</UL>

<P><STRONG><a name="[85]"></a>HAL_GPIO_Init</STRONG> (Thumb, 446 bytes, Stack size 40 bytes, stm32f1xx_hal_gpio.o(i.HAL_GPIO_Init))
<BR><BR>[Stack]<UL><LI>Max Depth = 40<LI>Call Chain = HAL_GPIO_Init
</UL>
<BR>[Called By]<UL><LI><a href="#[9b]">&gt;&gt;</a>&nbsp;&nbsp;&nbsp;HAL_UART_MspInit
<LI><a href="#[84]">&gt;&gt;</a>&nbsp;&nbsp;&nbsp;HAL_SPI_MspInit
<LI><a href="#[a0]">&gt;&gt;</a>&nbsp;&nbsp;&nbsp;MX_GPIO_Init
</UL>

<P><STRONG><a name="[a6]"></a>HAL_GPIO_ReadPin</STRONG> (Thumb, 10 bytes, Stack size 0 bytes, stm32f1xx_hal_gpio.o(i.HAL_GPIO_ReadPin))
<BR><BR>[Called By]<UL><LI><a href="#[58]">&gt;&gt;</a>&nbsp;&nbsp;&nbsp;ReadKey
<LI><a href="#[5f]">&gt;&gt;</a>&nbsp;&nbsp;&nbsp;demoCycle
<LI><a href="#[65]">&gt;&gt;</a>&nbsp;&nbsp;&nbsp;Start_Dawring
<LI><a href="#[194]">&gt;&gt;</a>&nbsp;&nbsp;&nbsp;st25r3911CheckForReceivedInterrupts
</UL>

<P><STRONG><a name="[61]"></a>HAL_GPIO_WritePin</STRONG> (Thumb, 10 bytes, Stack size 0 bytes, stm32f1xx_hal_gpio.o(i.HAL_GPIO_WritePin))
<BR><BR>[Called By]<UL><LI><a href="#[121]">&gt;&gt;</a>&nbsp;&nbsp;&nbsp;ssd1306_init
<LI><a href="#[a0]">&gt;&gt;</a>&nbsp;&nbsp;&nbsp;MX_GPIO_Init
<LI><a href="#[57]">&gt;&gt;</a>&nbsp;&nbsp;&nbsp;Browser_display
<LI><a href="#[35]">&gt;&gt;</a>&nbsp;&nbsp;&nbsp;main
<LI><a href="#[4d]">&gt;&gt;</a>&nbsp;&nbsp;&nbsp;SD_IO_CSState
<LI><a href="#[ad]">&gt;&gt;</a>&nbsp;&nbsp;&nbsp;SPIRAM_WR_Byte
<LI><a href="#[a8]">&gt;&gt;</a>&nbsp;&nbsp;&nbsp;SPIRAM_RD_Byte
<LI><a href="#[151]">&gt;&gt;</a>&nbsp;&nbsp;&nbsp;st25r3911WriteRegister
<LI><a href="#[14c]">&gt;&gt;</a>&nbsp;&nbsp;&nbsp;st25r3911ReadRegister
<LI><a href="#[143]">&gt;&gt;</a>&nbsp;&nbsp;&nbsp;st25r3911ExecuteCommand
<LI><a href="#[65]">&gt;&gt;</a>&nbsp;&nbsp;&nbsp;Start_Dawring
<LI><a href="#[18f]">&gt;&gt;</a>&nbsp;&nbsp;&nbsp;ssd1306_write_byte
<LI><a href="#[154]">&gt;&gt;</a>&nbsp;&nbsp;&nbsp;st25r3911WriteTestRegister
<LI><a href="#[18a]">&gt;&gt;</a>&nbsp;&nbsp;&nbsp;st25r3911WriteFifo
<LI><a href="#[193]">&gt;&gt;</a>&nbsp;&nbsp;&nbsp;st25r3911ReadTestRegister
<LI><a href="#[140]">&gt;&gt;</a>&nbsp;&nbsp;&nbsp;st25r3911ReadMultipleRegisters
<LI><a href="#[13b]">&gt;&gt;</a>&nbsp;&nbsp;&nbsp;st25r3911ReadFifo
<LI><a href="#[13e]">&gt;&gt;</a>&nbsp;&nbsp;&nbsp;st25r3911ExecuteCommands
</UL>

<P><STRONG><a name="[77]"></a>HAL_GetTick</STRONG> (Thumb, 6 bytes, Stack size 0 bytes, stm32f1xx_hal.o(i.HAL_GetTick))
<BR><BR>[Called By]<UL><LI><a href="#[86]">&gt;&gt;</a>&nbsp;&nbsp;&nbsp;HAL_SPI_TransmitReceive
<LI><a href="#[82]">&gt;&gt;</a>&nbsp;&nbsp;&nbsp;HAL_RCC_OscConfig
<LI><a href="#[80]">&gt;&gt;</a>&nbsp;&nbsp;&nbsp;HAL_RCC_ClockConfig
<LI><a href="#[76]">&gt;&gt;</a>&nbsp;&nbsp;&nbsp;HAL_Delay
<LI><a href="#[9d]">&gt;&gt;</a>&nbsp;&nbsp;&nbsp;HAL_UART_Transmit
<LI><a href="#[70]">&gt;&gt;</a>&nbsp;&nbsp;&nbsp;HAL_SPI_Transmit
<LI><a href="#[6e]">&gt;&gt;</a>&nbsp;&nbsp;&nbsp;HAL_SPI_Receive
<LI><a href="#[b0]">&gt;&gt;</a>&nbsp;&nbsp;&nbsp;SPI_WaitFlagStateUntilTimeout
<LI><a href="#[9e]">&gt;&gt;</a>&nbsp;&nbsp;&nbsp;UART_WaitOnFlagUntilTimeout
<LI><a href="#[115]">&gt;&gt;</a>&nbsp;&nbsp;&nbsp;timerIsExpired
<LI><a href="#[11d]">&gt;&gt;</a>&nbsp;&nbsp;&nbsp;timerCalculateTimer
</UL>

<P><STRONG><a name="[bb]"></a>HAL_IncTick</STRONG> (Thumb, 12 bytes, Stack size 0 bytes, stm32f1xx_hal.o(i.HAL_IncTick))
<BR><BR>[Called By]<UL><LI><a href="#[9]">&gt;&gt;</a>&nbsp;&nbsp;&nbsp;SysTick_Handler
</UL>

<P><STRONG><a name="[79]"></a>HAL_Init</STRONG> (Thumb, 32 bytes, Stack size 8 bytes, stm32f1xx_hal.o(i.HAL_Init))
<BR><BR>[Stack]<UL><LI>Max Depth = 40<LI>Call Chain = HAL_Init &rArr; HAL_InitTick &rArr; HAL_NVIC_SetPriority
</UL>
<BR>[Calls]<UL><LI><a href="#[7c]">&gt;&gt;</a>&nbsp;&nbsp;&nbsp;HAL_MspInit
<LI><a href="#[7b]">&gt;&gt;</a>&nbsp;&nbsp;&nbsp;HAL_InitTick
<LI><a href="#[7a]">&gt;&gt;</a>&nbsp;&nbsp;&nbsp;HAL_NVIC_SetPriorityGrouping
</UL>
<BR>[Called By]<UL><LI><a href="#[35]">&gt;&gt;</a>&nbsp;&nbsp;&nbsp;main
</UL>

<P><STRONG><a name="[7b]"></a>HAL_InitTick</STRONG> (Thumb, 54 bytes, Stack size 16 bytes, stm32f1xx_hal.o(i.HAL_InitTick))
<BR><BR>[Stack]<UL><LI>Max Depth = 32<LI>Call Chain = HAL_InitTick &rArr; HAL_NVIC_SetPriority
</UL>
<BR>[Calls]<UL><LI><a href="#[7e]">&gt;&gt;</a>&nbsp;&nbsp;&nbsp;HAL_NVIC_SetPriority
<LI><a href="#[7d]">&gt;&gt;</a>&nbsp;&nbsp;&nbsp;HAL_SYSTICK_Config
</UL>
<BR>[Called By]<UL><LI><a href="#[80]">&gt;&gt;</a>&nbsp;&nbsp;&nbsp;HAL_RCC_ClockConfig
<LI><a href="#[79]">&gt;&gt;</a>&nbsp;&nbsp;&nbsp;HAL_Init
</UL>

<P><STRONG><a name="[7c]"></a>HAL_MspInit</STRONG> (Thumb, 52 bytes, Stack size 8 bytes, stm32f1xx_hal_msp.o(i.HAL_MspInit))
<BR><BR>[Stack]<UL><LI>Max Depth = 8<LI>Call Chain = HAL_MspInit
</UL>
<BR>[Called By]<UL><LI><a href="#[79]">&gt;&gt;</a>&nbsp;&nbsp;&nbsp;HAL_Init
</UL>

<P><STRONG><a name="[196]"></a>HAL_NVIC_DisableIRQ</STRONG> (Thumb, 34 bytes, Stack size 0 bytes, stm32f1xx_hal_cortex.o(i.HAL_NVIC_DisableIRQ))
<BR><BR>[Called By]<UL><LI><a href="#[151]">&gt;&gt;</a>&nbsp;&nbsp;&nbsp;st25r3911WriteRegister
<LI><a href="#[155]">&gt;&gt;</a>&nbsp;&nbsp;&nbsp;st25r3911WaitForInterruptsTimed
<LI><a href="#[14c]">&gt;&gt;</a>&nbsp;&nbsp;&nbsp;st25r3911ReadRegister
<LI><a href="#[149]">&gt;&gt;</a>&nbsp;&nbsp;&nbsp;st25r3911GetInterrupt
<LI><a href="#[143]">&gt;&gt;</a>&nbsp;&nbsp;&nbsp;st25r3911ExecuteCommand
<LI><a href="#[195]">&gt;&gt;</a>&nbsp;&nbsp;&nbsp;st25r3911ClearInterrupts
<LI><a href="#[154]">&gt;&gt;</a>&nbsp;&nbsp;&nbsp;st25r3911WriteTestRegister
<LI><a href="#[18a]">&gt;&gt;</a>&nbsp;&nbsp;&nbsp;st25r3911WriteFifo
<LI><a href="#[193]">&gt;&gt;</a>&nbsp;&nbsp;&nbsp;st25r3911ReadTestRegister
<LI><a href="#[140]">&gt;&gt;</a>&nbsp;&nbsp;&nbsp;st25r3911ReadMultipleRegisters
<LI><a href="#[13b]">&gt;&gt;</a>&nbsp;&nbsp;&nbsp;st25r3911ReadFifo
<LI><a href="#[13e]">&gt;&gt;</a>&nbsp;&nbsp;&nbsp;st25r3911ExecuteCommands
</UL>

<P><STRONG><a name="[8c]"></a>HAL_NVIC_EnableIRQ</STRONG> (Thumb, 26 bytes, Stack size 0 bytes, stm32f1xx_hal_cortex.o(i.HAL_NVIC_EnableIRQ))
<BR><BR>[Called By]<UL><LI><a href="#[8a]">&gt;&gt;</a>&nbsp;&nbsp;&nbsp;HAL_TIM_Base_MspInit
<LI><a href="#[a0]">&gt;&gt;</a>&nbsp;&nbsp;&nbsp;MX_GPIO_Init
<LI><a href="#[151]">&gt;&gt;</a>&nbsp;&nbsp;&nbsp;st25r3911WriteRegister
<LI><a href="#[155]">&gt;&gt;</a>&nbsp;&nbsp;&nbsp;st25r3911WaitForInterruptsTimed
<LI><a href="#[14c]">&gt;&gt;</a>&nbsp;&nbsp;&nbsp;st25r3911ReadRegister
<LI><a href="#[149]">&gt;&gt;</a>&nbsp;&nbsp;&nbsp;st25r3911GetInterrupt
<LI><a href="#[143]">&gt;&gt;</a>&nbsp;&nbsp;&nbsp;st25r3911ExecuteCommand
<LI><a href="#[195]">&gt;&gt;</a>&nbsp;&nbsp;&nbsp;st25r3911ClearInterrupts
<LI><a href="#[154]">&gt;&gt;</a>&nbsp;&nbsp;&nbsp;st25r3911WriteTestRegister
<LI><a href="#[18a]">&gt;&gt;</a>&nbsp;&nbsp;&nbsp;st25r3911WriteFifo
<LI><a href="#[193]">&gt;&gt;</a>&nbsp;&nbsp;&nbsp;st25r3911ReadTestRegister
<LI><a href="#[140]">&gt;&gt;</a>&nbsp;&nbsp;&nbsp;st25r3911ReadMultipleRegisters
<LI><a href="#[13b]">&gt;&gt;</a>&nbsp;&nbsp;&nbsp;st25r3911ReadFifo
<LI><a href="#[13e]">&gt;&gt;</a>&nbsp;&nbsp;&nbsp;st25r3911ExecuteCommands
</UL>

<P><STRONG><a name="[7e]"></a>HAL_NVIC_SetPriority</STRONG> (Thumb, 60 bytes, Stack size 16 bytes, stm32f1xx_hal_cortex.o(i.HAL_NVIC_SetPriority))
<BR><BR>[Stack]<UL><LI>Max Depth = 16<LI>Call Chain = HAL_NVIC_SetPriority
</UL>
<BR>[Calls]<UL><LI><a href="#[7f]">&gt;&gt;</a>&nbsp;&nbsp;&nbsp;__NVIC_SetPriority
</UL>
<BR>[Called By]<UL><LI><a href="#[8a]">&gt;&gt;</a>&nbsp;&nbsp;&nbsp;HAL_TIM_Base_MspInit
<LI><a href="#[a0]">&gt;&gt;</a>&nbsp;&nbsp;&nbsp;MX_GPIO_Init
<LI><a href="#[7b]">&gt;&gt;</a>&nbsp;&nbsp;&nbsp;HAL_InitTick
</UL>

<P><STRONG><a name="[7a]"></a>HAL_NVIC_SetPriorityGrouping</STRONG> (Thumb, 26 bytes, Stack size 0 bytes, stm32f1xx_hal_cortex.o(i.HAL_NVIC_SetPriorityGrouping))
<BR><BR>[Called By]<UL><LI><a href="#[79]">&gt;&gt;</a>&nbsp;&nbsp;&nbsp;HAL_Init
</UL>

<P><STRONG><a name="[80]"></a>HAL_RCC_ClockConfig</STRONG> (Thumb, 280 bytes, Stack size 32 bytes, stm32f1xx_hal_rcc.o(i.HAL_RCC_ClockConfig))
<BR><BR>[Stack]<UL><LI>Max Depth = 64<LI>Call Chain = HAL_RCC_ClockConfig &rArr; HAL_InitTick &rArr; HAL_NVIC_SetPriority
</UL>
<BR>[Calls]<UL><LI><a href="#[7b]">&gt;&gt;</a>&nbsp;&nbsp;&nbsp;HAL_InitTick
<LI><a href="#[77]">&gt;&gt;</a>&nbsp;&nbsp;&nbsp;HAL_GetTick
<LI><a href="#[81]">&gt;&gt;</a>&nbsp;&nbsp;&nbsp;HAL_RCC_GetSysClockFreq
</UL>
<BR>[Called By]<UL><LI><a href="#[bc]">&gt;&gt;</a>&nbsp;&nbsp;&nbsp;SystemClock_Config
</UL>

<P><STRONG><a name="[be]"></a>HAL_RCC_GetPCLK1Freq</STRONG> (Thumb, 20 bytes, Stack size 0 bytes, stm32f1xx_hal_rcc.o(i.HAL_RCC_GetPCLK1Freq))
<BR><BR>[Called By]<UL><LI><a href="#[9c]">&gt;&gt;</a>&nbsp;&nbsp;&nbsp;UART_SetConfig
</UL>

<P><STRONG><a name="[bd]"></a>HAL_RCC_GetPCLK2Freq</STRONG> (Thumb, 20 bytes, Stack size 0 bytes, stm32f1xx_hal_rcc.o(i.HAL_RCC_GetPCLK2Freq))
<BR><BR>[Called By]<UL><LI><a href="#[9c]">&gt;&gt;</a>&nbsp;&nbsp;&nbsp;UART_SetConfig
</UL>

<P><STRONG><a name="[81]"></a>HAL_RCC_GetSysClockFreq</STRONG> (Thumb, 74 bytes, Stack size 20 bytes, stm32f1xx_hal_rcc.o(i.HAL_RCC_GetSysClockFreq))
<BR><BR>[Stack]<UL><LI>Max Depth = 20<LI>Call Chain = HAL_RCC_GetSysClockFreq
</UL>
<BR>[Called By]<UL><LI><a href="#[80]">&gt;&gt;</a>&nbsp;&nbsp;&nbsp;HAL_RCC_ClockConfig
</UL>

<P><STRONG><a name="[82]"></a>HAL_RCC_OscConfig</STRONG> (Thumb, 778 bytes, Stack size 40 bytes, stm32f1xx_hal_rcc.o(i.HAL_RCC_OscConfig))
<BR><BR>[Stack]<UL><LI>Max Depth = 40<LI>Call Chain = HAL_RCC_OscConfig
</UL>
<BR>[Calls]<UL><LI><a href="#[77]">&gt;&gt;</a>&nbsp;&nbsp;&nbsp;HAL_GetTick
</UL>
<BR>[Called By]<UL><LI><a href="#[bc]">&gt;&gt;</a>&nbsp;&nbsp;&nbsp;SystemClock_Config
</UL>

<P><STRONG><a name="[83]"></a>HAL_SPI_Init</STRONG> (Thumb, 124 bytes, Stack size 16 bytes, stm32f1xx_hal_spi.o(i.HAL_SPI_Init))
<BR><BR>[Stack]<UL><LI>Max Depth = 88<LI>Call Chain = HAL_SPI_Init &rArr; HAL_SPI_MspInit &rArr; HAL_GPIO_Init
</UL>
<BR>[Calls]<UL><LI><a href="#[84]">&gt;&gt;</a>&nbsp;&nbsp;&nbsp;HAL_SPI_MspInit
</UL>
<BR>[Called By]<UL><LI><a href="#[a2]">&gt;&gt;</a>&nbsp;&nbsp;&nbsp;MX_SPI2_Init
<LI><a href="#[a1]">&gt;&gt;</a>&nbsp;&nbsp;&nbsp;MX_SPI1_Init
</UL>

<P><STRONG><a name="[84]"></a>HAL_SPI_MspInit</STRONG> (Thumb, 162 bytes, Stack size 32 bytes, spi.o(i.HAL_SPI_MspInit))
<BR><BR>[Stack]<UL><LI>Max Depth = 72<LI>Call Chain = HAL_SPI_MspInit &rArr; HAL_GPIO_Init
</UL>
<BR>[Calls]<UL><LI><a href="#[85]">&gt;&gt;</a>&nbsp;&nbsp;&nbsp;HAL_GPIO_Init
</UL>
<BR>[Called By]<UL><LI><a href="#[83]">&gt;&gt;</a>&nbsp;&nbsp;&nbsp;HAL_SPI_Init
</UL>

<P><STRONG><a name="[6e]"></a>HAL_SPI_Receive</STRONG> (Thumb, 336 bytes, Stack size 40 bytes, stm32f1xx_hal_spi.o(i.HAL_SPI_Receive))
<BR><BR>[Stack]<UL><LI>Max Depth = 120<LI>Call Chain = HAL_SPI_Receive &rArr; HAL_SPI_TransmitReceive &rArr; SPI_EndRxTxTransaction &rArr; SPI_WaitFlagStateUntilTimeout
</UL>
<BR>[Calls]<UL><LI><a href="#[86]">&gt;&gt;</a>&nbsp;&nbsp;&nbsp;HAL_SPI_TransmitReceive
<LI><a href="#[77]">&gt;&gt;</a>&nbsp;&nbsp;&nbsp;HAL_GetTick
<LI><a href="#[87]">&gt;&gt;</a>&nbsp;&nbsp;&nbsp;SPI_EndRxTransaction
</UL>
<BR>[Called By]<UL><LI><a href="#[6d]">&gt;&gt;</a>&nbsp;&nbsp;&nbsp;DEV_SPI_ReadByte
</UL>

<P><STRONG><a name="[70]"></a>HAL_SPI_Transmit</STRONG> (Thumb, 348 bytes, Stack size 40 bytes, stm32f1xx_hal_spi.o(i.HAL_SPI_Transmit))
<BR><BR>[Stack]<UL><LI>Max Depth = 80<LI>Call Chain = HAL_SPI_Transmit &rArr; SPI_EndRxTxTransaction &rArr; SPI_WaitFlagStateUntilTimeout
</UL>
<BR>[Calls]<UL><LI><a href="#[77]">&gt;&gt;</a>&nbsp;&nbsp;&nbsp;HAL_GetTick
<LI><a href="#[88]">&gt;&gt;</a>&nbsp;&nbsp;&nbsp;SPI_EndRxTxTransaction
</UL>
<BR>[Called By]<UL><LI><a href="#[6f]">&gt;&gt;</a>&nbsp;&nbsp;&nbsp;DEV_SPI_WriteByte
<LI><a href="#[18f]">&gt;&gt;</a>&nbsp;&nbsp;&nbsp;ssd1306_write_byte
</UL>

<P><STRONG><a name="[86]"></a>HAL_SPI_TransmitReceive</STRONG> (Thumb, 482 bytes, Stack size 40 bytes, stm32f1xx_hal_spi.o(i.HAL_SPI_TransmitReceive))
<BR><BR>[Stack]<UL><LI>Max Depth = 80<LI>Call Chain = HAL_SPI_TransmitReceive &rArr; SPI_EndRxTxTransaction &rArr; SPI_WaitFlagStateUntilTimeout
</UL>
<BR>[Calls]<UL><LI><a href="#[77]">&gt;&gt;</a>&nbsp;&nbsp;&nbsp;HAL_GetTick
<LI><a href="#[88]">&gt;&gt;</a>&nbsp;&nbsp;&nbsp;SPI_EndRxTxTransaction
</UL>
<BR>[Called By]<UL><LI><a href="#[b1]">&gt;&gt;</a>&nbsp;&nbsp;&nbsp;SpiTxRx
<LI><a href="#[54]">&gt;&gt;</a>&nbsp;&nbsp;&nbsp;SD_IO_WriteReadData
<LI><a href="#[4e]">&gt;&gt;</a>&nbsp;&nbsp;&nbsp;SD_IO_WriteByte
<LI><a href="#[6e]">&gt;&gt;</a>&nbsp;&nbsp;&nbsp;HAL_SPI_Receive
</UL>

<P><STRONG><a name="[7d]"></a>HAL_SYSTICK_Config</STRONG> (Thumb, 40 bytes, Stack size 8 bytes, stm32f1xx_hal_cortex.o(i.HAL_SYSTICK_Config))
<BR><BR>[Stack]<UL><LI>Max Depth = 8<LI>Call Chain = HAL_SYSTICK_Config
</UL>
<BR>[Calls]<UL><LI><a href="#[7f]">&gt;&gt;</a>&nbsp;&nbsp;&nbsp;__NVIC_SetPriority
</UL>
<BR>[Called By]<UL><LI><a href="#[7b]">&gt;&gt;</a>&nbsp;&nbsp;&nbsp;HAL_InitTick
</UL>

<P><STRONG><a name="[97]"></a>HAL_TIMEx_BreakCallback</STRONG> (Thumb, 2 bytes, Stack size 0 bytes, stm32f1xx_hal_tim_ex.o(i.HAL_TIMEx_BreakCallback))
<BR><BR>[Called By]<UL><LI><a href="#[92]">&gt;&gt;</a>&nbsp;&nbsp;&nbsp;HAL_TIM_IRQHandler
</UL>

<P><STRONG><a name="[99]"></a>HAL_TIMEx_CommutCallback</STRONG> (Thumb, 2 bytes, Stack size 0 bytes, stm32f1xx_hal_tim_ex.o(i.HAL_TIMEx_CommutCallback))
<BR><BR>[Called By]<UL><LI><a href="#[92]">&gt;&gt;</a>&nbsp;&nbsp;&nbsp;HAL_TIM_IRQHandler
</UL>

<P><STRONG><a name="[a4]"></a>HAL_TIMEx_MasterConfigSynchronization</STRONG> (Thumb, 66 bytes, Stack size 16 bytes, stm32f1xx_hal_tim_ex.o(i.HAL_TIMEx_MasterConfigSynchronization))
<BR><BR>[Stack]<UL><LI>Max Depth = 16<LI>Call Chain = HAL_TIMEx_MasterConfigSynchronization
</UL>
<BR>[Called By]<UL><LI><a href="#[a3]">&gt;&gt;</a>&nbsp;&nbsp;&nbsp;MX_TIM3_Init
</UL>

<P><STRONG><a name="[89]"></a>HAL_TIM_Base_Init</STRONG> (Thumb, 54 bytes, Stack size 8 bytes, stm32f1xx_hal_tim.o(i.HAL_TIM_Base_Init))
<BR><BR>[Stack]<UL><LI>Max Depth = 32<LI>Call Chain = HAL_TIM_Base_Init &rArr; HAL_TIM_Base_MspInit &rArr; HAL_NVIC_SetPriority
</UL>
<BR>[Calls]<UL><LI><a href="#[8a]">&gt;&gt;</a>&nbsp;&nbsp;&nbsp;HAL_TIM_Base_MspInit
<LI><a href="#[8b]">&gt;&gt;</a>&nbsp;&nbsp;&nbsp;TIM_Base_SetConfig
</UL>
<BR>[Called By]<UL><LI><a href="#[a3]">&gt;&gt;</a>&nbsp;&nbsp;&nbsp;MX_TIM3_Init
</UL>

<P><STRONG><a name="[8a]"></a>HAL_TIM_Base_MspInit</STRONG> (Thumb, 50 bytes, Stack size 8 bytes, tim.o(i.HAL_TIM_Base_MspInit))
<BR><BR>[Stack]<UL><LI>Max Depth = 24<LI>Call Chain = HAL_TIM_Base_MspInit &rArr; HAL_NVIC_SetPriority
</UL>
<BR>[Calls]<UL><LI><a href="#[7e]">&gt;&gt;</a>&nbsp;&nbsp;&nbsp;HAL_NVIC_SetPriority
<LI><a href="#[8c]">&gt;&gt;</a>&nbsp;&nbsp;&nbsp;HAL_NVIC_EnableIRQ
</UL>
<BR>[Called By]<UL><LI><a href="#[89]">&gt;&gt;</a>&nbsp;&nbsp;&nbsp;HAL_TIM_Base_Init
</UL>

<P><STRONG><a name="[63]"></a>HAL_TIM_Base_Start_IT</STRONG> (Thumb, 34 bytes, Stack size 0 bytes, stm32f1xx_hal_tim.o(i.HAL_TIM_Base_Start_IT))
<BR><BR>[Called By]<UL><LI><a href="#[57]">&gt;&gt;</a>&nbsp;&nbsp;&nbsp;Browser_display
</UL>

<P><STRONG><a name="[8d]"></a>HAL_TIM_ConfigClockSource</STRONG> (Thumb, 214 bytes, Stack size 16 bytes, stm32f1xx_hal_tim.o(i.HAL_TIM_ConfigClockSource))
<BR><BR>[Stack]<UL><LI>Max Depth = 24<LI>Call Chain = HAL_TIM_ConfigClockSource &rArr; TIM_TI2_ConfigInputStage
</UL>
<BR>[Calls]<UL><LI><a href="#[90]">&gt;&gt;</a>&nbsp;&nbsp;&nbsp;TIM_TI2_ConfigInputStage
<LI><a href="#[8f]">&gt;&gt;</a>&nbsp;&nbsp;&nbsp;TIM_TI1_ConfigInputStage
<LI><a href="#[91]">&gt;&gt;</a>&nbsp;&nbsp;&nbsp;TIM_ITRx_SetConfig
<LI><a href="#[8e]">&gt;&gt;</a>&nbsp;&nbsp;&nbsp;TIM_ETR_SetConfig
</UL>
<BR>[Called By]<UL><LI><a href="#[a3]">&gt;&gt;</a>&nbsp;&nbsp;&nbsp;MX_TIM3_Init
</UL>

<P><STRONG><a name="[93]"></a>HAL_TIM_IC_CaptureCallback</STRONG> (Thumb, 2 bytes, Stack size 0 bytes, stm32f1xx_hal_tim.o(i.HAL_TIM_IC_CaptureCallback))
<BR><BR>[Called By]<UL><LI><a href="#[92]">&gt;&gt;</a>&nbsp;&nbsp;&nbsp;HAL_TIM_IRQHandler
</UL>

<P><STRONG><a name="[92]"></a>HAL_TIM_IRQHandler</STRONG> (Thumb, 358 bytes, Stack size 16 bytes, stm32f1xx_hal_tim.o(i.HAL_TIM_IRQHandler))
<BR><BR>[Stack]<UL><LI>Max Depth = 16<LI>Call Chain = HAL_TIM_IRQHandler
</UL>
<BR>[Calls]<UL><LI><a href="#[96]">&gt;&gt;</a>&nbsp;&nbsp;&nbsp;HAL_TIM_PeriodElapsedCallback
<LI><a href="#[98]">&gt;&gt;</a>&nbsp;&nbsp;&nbsp;HAL_TIM_TriggerCallback
<LI><a href="#[95]">&gt;&gt;</a>&nbsp;&nbsp;&nbsp;HAL_TIM_PWM_PulseFinishedCallback
<LI><a href="#[94]">&gt;&gt;</a>&nbsp;&nbsp;&nbsp;HAL_TIM_OC_DelayElapsedCallback
<LI><a href="#[93]">&gt;&gt;</a>&nbsp;&nbsp;&nbsp;HAL_TIM_IC_CaptureCallback
<LI><a href="#[99]">&gt;&gt;</a>&nbsp;&nbsp;&nbsp;HAL_TIMEx_CommutCallback
<LI><a href="#[97]">&gt;&gt;</a>&nbsp;&nbsp;&nbsp;HAL_TIMEx_BreakCallback
</UL>
<BR>[Called By]<UL><LI><a href="#[27]">&gt;&gt;</a>&nbsp;&nbsp;&nbsp;TIM3_IRQHandler
</UL>

<P><STRONG><a name="[94]"></a>HAL_TIM_OC_DelayElapsedCallback</STRONG> (Thumb, 2 bytes, Stack size 0 bytes, stm32f1xx_hal_tim.o(i.HAL_TIM_OC_DelayElapsedCallback))
<BR><BR>[Called By]<UL><LI><a href="#[92]">&gt;&gt;</a>&nbsp;&nbsp;&nbsp;HAL_TIM_IRQHandler
</UL>

<P><STRONG><a name="[95]"></a>HAL_TIM_PWM_PulseFinishedCallback</STRONG> (Thumb, 2 bytes, Stack size 0 bytes, stm32f1xx_hal_tim.o(i.HAL_TIM_PWM_PulseFinishedCallback))
<BR><BR>[Called By]<UL><LI><a href="#[92]">&gt;&gt;</a>&nbsp;&nbsp;&nbsp;HAL_TIM_IRQHandler
</UL>

<P><STRONG><a name="[96]"></a>HAL_TIM_PeriodElapsedCallback</STRONG> (Thumb, 34 bytes, Stack size 0 bytes, tim.o(i.HAL_TIM_PeriodElapsedCallback))
<BR><BR>[Called By]<UL><LI><a href="#[92]">&gt;&gt;</a>&nbsp;&nbsp;&nbsp;HAL_TIM_IRQHandler
</UL>

<P><STRONG><a name="[98]"></a>HAL_TIM_TriggerCallback</STRONG> (Thumb, 2 bytes, Stack size 0 bytes, stm32f1xx_hal_tim.o(i.HAL_TIM_TriggerCallback))
<BR><BR>[Called By]<UL><LI><a href="#[92]">&gt;&gt;</a>&nbsp;&nbsp;&nbsp;HAL_TIM_IRQHandler
</UL>

<P><STRONG><a name="[9a]"></a>HAL_UART_Init</STRONG> (Thumb, 98 bytes, Stack size 16 bytes, stm32f1xx_hal_uart.o(i.HAL_UART_Init))
<BR><BR>[Stack]<UL><LI>Max Depth = 88<LI>Call Chain = HAL_UART_Init &rArr; HAL_UART_MspInit &rArr; HAL_GPIO_Init
</UL>
<BR>[Calls]<UL><LI><a href="#[9b]">&gt;&gt;</a>&nbsp;&nbsp;&nbsp;HAL_UART_MspInit
<LI><a href="#[9c]">&gt;&gt;</a>&nbsp;&nbsp;&nbsp;UART_SetConfig
</UL>
<BR>[Called By]<UL><LI><a href="#[a5]">&gt;&gt;</a>&nbsp;&nbsp;&nbsp;MX_USART2_UART_Init
</UL>

<P><STRONG><a name="[9b]"></a>HAL_UART_MspInit</STRONG> (Thumb, 98 bytes, Stack size 32 bytes, usart.o(i.HAL_UART_MspInit))
<BR><BR>[Stack]<UL><LI>Max Depth = 72<LI>Call Chain = HAL_UART_MspInit &rArr; HAL_GPIO_Init
</UL>
<BR>[Calls]<UL><LI><a href="#[85]">&gt;&gt;</a>&nbsp;&nbsp;&nbsp;HAL_GPIO_Init
</UL>
<BR>[Called By]<UL><LI><a href="#[9a]">&gt;&gt;</a>&nbsp;&nbsp;&nbsp;HAL_UART_Init
</UL>

<P><STRONG><a name="[9d]"></a>HAL_UART_Transmit</STRONG> (Thumb, 186 bytes, Stack size 32 bytes, stm32f1xx_hal_uart.o(i.HAL_UART_Transmit))
<BR><BR>[Stack]<UL><LI>Max Depth = 56<LI>Call Chain = HAL_UART_Transmit &rArr; UART_WaitOnFlagUntilTimeout
</UL>
<BR>[Calls]<UL><LI><a href="#[77]">&gt;&gt;</a>&nbsp;&nbsp;&nbsp;HAL_GetTick
<LI><a href="#[9e]">&gt;&gt;</a>&nbsp;&nbsp;&nbsp;UART_WaitOnFlagUntilTimeout
</UL>
<BR>[Called By]<UL><LI><a href="#[38]">&gt;&gt;</a>&nbsp;&nbsp;&nbsp;fputc
</UL>

<P><STRONG><a name="[2]"></a>HardFault_Handler</STRONG> (Thumb, 2 bytes, Stack size 0 bytes, stm32f1xx_it.o(i.HardFault_Handler))
<BR><BR>[Calls]<UL><LI><a href="#[2]">&gt;&gt;</a>&nbsp;&nbsp;&nbsp;HardFault_Handler
</UL>
<BR>[Called By]<UL><LI><a href="#[2]">&gt;&gt;</a>&nbsp;&nbsp;&nbsp;HardFault_Handler
</UL>
<BR>[Address Reference Count : 1]<UL><LI> startup_stm32f103xb.o(RESET)
</UL>
<P><STRONG><a name="[9f]"></a>MX_FATFS_Init</STRONG> (Thumb, 18 bytes, Stack size 8 bytes, fatfs.o(i.MX_FATFS_Init))
<BR><BR>[Stack]<UL><LI>Max Depth = 20<LI>Call Chain = MX_FATFS_Init &rArr; FATFS_LinkDriver &rArr; FATFS_LinkDriverEx
</UL>
<BR>[Calls]<UL><LI><a href="#[74]">&gt;&gt;</a>&nbsp;&nbsp;&nbsp;FATFS_LinkDriver
</UL>
<BR>[Called By]<UL><LI><a href="#[35]">&gt;&gt;</a>&nbsp;&nbsp;&nbsp;main
</UL>

<P><STRONG><a name="[a0]"></a>MX_GPIO_Init</STRONG> (Thumb, 312 bytes, Stack size 56 bytes, gpio.o(i.MX_GPIO_Init))
<BR><BR>[Stack]<UL><LI>Max Depth = 96<LI>Call Chain = MX_GPIO_Init &rArr; HAL_GPIO_Init
</UL>
<BR>[Calls]<UL><LI><a href="#[7e]">&gt;&gt;</a>&nbsp;&nbsp;&nbsp;HAL_NVIC_SetPriority
<LI><a href="#[8c]">&gt;&gt;</a>&nbsp;&nbsp;&nbsp;HAL_NVIC_EnableIRQ
<LI><a href="#[85]">&gt;&gt;</a>&nbsp;&nbsp;&nbsp;HAL_GPIO_Init
<LI><a href="#[61]">&gt;&gt;</a>&nbsp;&nbsp;&nbsp;HAL_GPIO_WritePin
</UL>
<BR>[Called By]<UL><LI><a href="#[35]">&gt;&gt;</a>&nbsp;&nbsp;&nbsp;main
</UL>

<P><STRONG><a name="[a1]"></a>MX_SPI1_Init</STRONG> (Thumb, 62 bytes, Stack size 8 bytes, spi.o(i.MX_SPI1_Init))
<BR><BR>[Stack]<UL><LI>Max Depth = 96<LI>Call Chain = MX_SPI1_Init &rArr; HAL_SPI_Init &rArr; HAL_SPI_MspInit &rArr; HAL_GPIO_Init
</UL>
<BR>[Calls]<UL><LI><a href="#[83]">&gt;&gt;</a>&nbsp;&nbsp;&nbsp;HAL_SPI_Init
<LI><a href="#[73]">&gt;&gt;</a>&nbsp;&nbsp;&nbsp;Error_Handler
</UL>
<BR>[Called By]<UL><LI><a href="#[35]">&gt;&gt;</a>&nbsp;&nbsp;&nbsp;main
</UL>

<P><STRONG><a name="[a2]"></a>MX_SPI2_Init</STRONG> (Thumb, 62 bytes, Stack size 8 bytes, spi.o(i.MX_SPI2_Init))
<BR><BR>[Stack]<UL><LI>Max Depth = 96<LI>Call Chain = MX_SPI2_Init &rArr; HAL_SPI_Init &rArr; HAL_SPI_MspInit &rArr; HAL_GPIO_Init
</UL>
<BR>[Calls]<UL><LI><a href="#[83]">&gt;&gt;</a>&nbsp;&nbsp;&nbsp;HAL_SPI_Init
<LI><a href="#[73]">&gt;&gt;</a>&nbsp;&nbsp;&nbsp;Error_Handler
</UL>
<BR>[Called By]<UL><LI><a href="#[35]">&gt;&gt;</a>&nbsp;&nbsp;&nbsp;main
<LI><a href="#[54]">&gt;&gt;</a>&nbsp;&nbsp;&nbsp;SD_IO_WriteReadData
<LI><a href="#[4e]">&gt;&gt;</a>&nbsp;&nbsp;&nbsp;SD_IO_WriteByte
</UL>

<P><STRONG><a name="[a3]"></a>MX_TIM3_Init</STRONG> (Thumb, 98 bytes, Stack size 32 bytes, tim.o(i.MX_TIM3_Init))
<BR><BR>[Stack]<UL><LI>Max Depth = 64<LI>Call Chain = MX_TIM3_Init &rArr; HAL_TIM_Base_Init &rArr; HAL_TIM_Base_MspInit &rArr; HAL_NVIC_SetPriority
</UL>
<BR>[Calls]<UL><LI><a href="#[8d]">&gt;&gt;</a>&nbsp;&nbsp;&nbsp;HAL_TIM_ConfigClockSource
<LI><a href="#[89]">&gt;&gt;</a>&nbsp;&nbsp;&nbsp;HAL_TIM_Base_Init
<LI><a href="#[a4]">&gt;&gt;</a>&nbsp;&nbsp;&nbsp;HAL_TIMEx_MasterConfigSynchronization
<LI><a href="#[73]">&gt;&gt;</a>&nbsp;&nbsp;&nbsp;Error_Handler
</UL>
<BR>[Called By]<UL><LI><a href="#[35]">&gt;&gt;</a>&nbsp;&nbsp;&nbsp;main
</UL>

<P><STRONG><a name="[a5]"></a>MX_USART2_UART_Init</STRONG> (Thumb, 48 bytes, Stack size 8 bytes, usart.o(i.MX_USART2_UART_Init))
<BR><BR>[Stack]<UL><LI>Max Depth = 96<LI>Call Chain = MX_USART2_UART_Init &rArr; HAL_UART_Init &rArr; HAL_UART_MspInit &rArr; HAL_GPIO_Init
</UL>
<BR>[Calls]<UL><LI><a href="#[9a]">&gt;&gt;</a>&nbsp;&nbsp;&nbsp;HAL_UART_Init
<LI><a href="#[73]">&gt;&gt;</a>&nbsp;&nbsp;&nbsp;Error_Handler
</UL>
<BR>[Called By]<UL><LI><a href="#[35]">&gt;&gt;</a>&nbsp;&nbsp;&nbsp;main
</UL>

<P><STRONG><a name="[3]"></a>MemManage_Handler</STRONG> (Thumb, 2 bytes, Stack size 0 bytes, stm32f1xx_it.o(i.MemManage_Handler))
<BR><BR>[Calls]<UL><LI><a href="#[3]">&gt;&gt;</a>&nbsp;&nbsp;&nbsp;MemManage_Handler
</UL>
<BR>[Called By]<UL><LI><a href="#[3]">&gt;&gt;</a>&nbsp;&nbsp;&nbsp;MemManage_Handler
</UL>
<BR>[Address Reference Count : 1]<UL><LI> startup_stm32f103xb.o(RESET)
</UL>
<P><STRONG><a name="[1]"></a>NMI_Handler</STRONG> (Thumb, 2 bytes, Stack size 0 bytes, stm32f1xx_it.o(i.NMI_Handler))
<BR>[Address Reference Count : 1]<UL><LI> startup_stm32f103xb.o(RESET)
</UL>
<P><STRONG><a name="[8]"></a>PendSV_Handler</STRONG> (Thumb, 2 bytes, Stack size 0 bytes, stm32f1xx_it.o(i.PendSV_Handler))
<BR>[Address Reference Count : 1]<UL><LI> startup_stm32f103xb.o(RESET)
</UL>
<P><STRONG><a name="[58]"></a>ReadKey</STRONG> (Thumb, 184 bytes, Stack size 16 bytes, key.o(i.ReadKey))
<BR><BR>[Stack]<UL><LI>Max Depth = 32<LI>Call Chain = ReadKey &rArr; HAL_Delay
</UL>
<BR>[Calls]<UL><LI><a href="#[76]">&gt;&gt;</a>&nbsp;&nbsp;&nbsp;HAL_Delay
<LI><a href="#[a6]">&gt;&gt;</a>&nbsp;&nbsp;&nbsp;HAL_GPIO_ReadPin
</UL>
<BR>[Called By]<UL><LI><a href="#[57]">&gt;&gt;</a>&nbsp;&nbsp;&nbsp;Browser_display
<LI><a href="#[35]">&gt;&gt;</a>&nbsp;&nbsp;&nbsp;main
<LI><a href="#[65]">&gt;&gt;</a>&nbsp;&nbsp;&nbsp;Start_Dawring
</UL>

<P><STRONG><a name="[a7]"></a>Read_RAM</STRONG> (Thumb, 114 bytes, Stack size 24 bytes, browser.o(i.Read_RAM))
<BR><BR>[Stack]<UL><LI>Max Depth = 168<LI>Call Chain = Read_RAM &rArr; SPIRAM_RD_Byte &rArr; DEV_SPI_ReadByte &rArr; HAL_SPI_Receive &rArr; HAL_SPI_TransmitReceive &rArr; SPI_EndRxTxTransaction &rArr; SPI_WaitFlagStateUntilTimeout
</UL>
<BR>[Calls]<UL><LI><a href="#[a8]">&gt;&gt;</a>&nbsp;&nbsp;&nbsp;SPIRAM_RD_Byte
</UL>
<BR>[Called By]<UL><LI><a href="#[65]">&gt;&gt;</a>&nbsp;&nbsp;&nbsp;Start_Dawring
</UL>

<P><STRONG><a name="[60]"></a>SDCard_Init</STRONG> (Thumb, 106 bytes, Stack size 8 bytes, sd_card_app.o(i.SDCard_Init))
<BR><BR>[Stack]<UL><LI>Max Depth = 248<LI>Call Chain = SDCard_Init &rArr; f_opendir &rArr; follow_path &rArr; dir_find &rArr; dir_next &rArr; create_chain &rArr; put_fat &rArr; move_window &rArr; sync_window &rArr; disk_write
</UL>
<BR>[Calls]<UL><LI><a href="#[74]">&gt;&gt;</a>&nbsp;&nbsp;&nbsp;FATFS_LinkDriver
<LI><a href="#[4f]">&gt;&gt;</a>&nbsp;&nbsp;&nbsp;BSP_SD_Init
<LI><a href="#[68]">&gt;&gt;</a>&nbsp;&nbsp;&nbsp;f_opendir
<LI><a href="#[a9]">&gt;&gt;</a>&nbsp;&nbsp;&nbsp;f_mount
<LI><a href="#[69]">&gt;&gt;</a>&nbsp;&nbsp;&nbsp;__2printf
</UL>
<BR>[Called By]<UL><LI><a href="#[57]">&gt;&gt;</a>&nbsp;&nbsp;&nbsp;Browser_display
<LI><a href="#[35]">&gt;&gt;</a>&nbsp;&nbsp;&nbsp;main
</UL>

<P><STRONG><a name="[62]"></a>SDCard_ReadBMP</STRONG> (Thumb, 256 bytes, Stack size 656 bytes, sd_card_app.o(i.SDCard_ReadBMP))
<BR><BR>[Stack]<UL><LI>Max Depth = 1496<LI>Call Chain = SDCard_ReadBMP &rArr; f_open &rArr; dir_register &rArr; dir_find &rArr; dir_next &rArr; create_chain &rArr; put_fat &rArr; move_window &rArr; sync_window &rArr; disk_write
</UL>
<BR>[Calls]<UL><LI><a href="#[ab]">&gt;&gt;</a>&nbsp;&nbsp;&nbsp;f_read
<LI><a href="#[aa]">&gt;&gt;</a>&nbsp;&nbsp;&nbsp;f_open
<LI><a href="#[ac]">&gt;&gt;</a>&nbsp;&nbsp;&nbsp;f_lseek
<LI><a href="#[ae]">&gt;&gt;</a>&nbsp;&nbsp;&nbsp;f_close
<LI><a href="#[ad]">&gt;&gt;</a>&nbsp;&nbsp;&nbsp;SPIRAM_WR_Byte
<LI><a href="#[69]">&gt;&gt;</a>&nbsp;&nbsp;&nbsp;__2printf
</UL>
<BR>[Called By]<UL><LI><a href="#[57]">&gt;&gt;</a>&nbsp;&nbsp;&nbsp;Browser_display
</UL>

<P><STRONG><a name="[4d]"></a>SD_IO_CSState</STRONG> (Thumb, 22 bytes, Stack size 0 bytes, sd_card_interface.o(i.SD_IO_CSState))
<BR><BR>[Calls]<UL><LI><a href="#[61]">&gt;&gt;</a>&nbsp;&nbsp;&nbsp;HAL_GPIO_WritePin
</UL>
<BR>[Called By]<UL><LI><a href="#[56]">&gt;&gt;</a>&nbsp;&nbsp;&nbsp;BSP_SD_WriteBlocks
<LI><a href="#[51]">&gt;&gt;</a>&nbsp;&nbsp;&nbsp;BSP_SD_ReadBlocks
<LI><a href="#[4f]">&gt;&gt;</a>&nbsp;&nbsp;&nbsp;BSP_SD_Init
<LI><a href="#[4b]">&gt;&gt;</a>&nbsp;&nbsp;&nbsp;BSP_SD_GetCardState
<LI><a href="#[4c]">&gt;&gt;</a>&nbsp;&nbsp;&nbsp;SD_SendCmd
<LI><a href="#[50]">&gt;&gt;</a>&nbsp;&nbsp;&nbsp;SD_GoIdleState
<LI><a href="#[49]">&gt;&gt;</a>&nbsp;&nbsp;&nbsp;SD_GetCSDRegister
<LI><a href="#[4a]">&gt;&gt;</a>&nbsp;&nbsp;&nbsp;SD_GetCIDRegister
</UL>

<P><STRONG><a name="[4e]"></a>SD_IO_WriteByte</STRONG> (Thumb, 34 bytes, Stack size 16 bytes, sd_card_interface.o(i.SD_IO_WriteByte))
<BR><BR>[Stack]<UL><LI>Max Depth = 112<LI>Call Chain = SD_IO_WriteByte &rArr; MX_SPI2_Init &rArr; HAL_SPI_Init &rArr; HAL_SPI_MspInit &rArr; HAL_GPIO_Init
</UL>
<BR>[Calls]<UL><LI><a href="#[86]">&gt;&gt;</a>&nbsp;&nbsp;&nbsp;HAL_SPI_TransmitReceive
<LI><a href="#[a2]">&gt;&gt;</a>&nbsp;&nbsp;&nbsp;MX_SPI2_Init
</UL>
<BR>[Called By]<UL><LI><a href="#[56]">&gt;&gt;</a>&nbsp;&nbsp;&nbsp;BSP_SD_WriteBlocks
<LI><a href="#[51]">&gt;&gt;</a>&nbsp;&nbsp;&nbsp;BSP_SD_ReadBlocks
<LI><a href="#[4f]">&gt;&gt;</a>&nbsp;&nbsp;&nbsp;BSP_SD_Init
<LI><a href="#[4b]">&gt;&gt;</a>&nbsp;&nbsp;&nbsp;BSP_SD_GetCardState
<LI><a href="#[53]">&gt;&gt;</a>&nbsp;&nbsp;&nbsp;SD_WaitData
<LI><a href="#[4c]">&gt;&gt;</a>&nbsp;&nbsp;&nbsp;SD_SendCmd
<LI><a href="#[af]">&gt;&gt;</a>&nbsp;&nbsp;&nbsp;SD_ReadData
<LI><a href="#[50]">&gt;&gt;</a>&nbsp;&nbsp;&nbsp;SD_GoIdleState
<LI><a href="#[49]">&gt;&gt;</a>&nbsp;&nbsp;&nbsp;SD_GetCSDRegister
<LI><a href="#[4a]">&gt;&gt;</a>&nbsp;&nbsp;&nbsp;SD_GetCIDRegister
</UL>

<P><STRONG><a name="[54]"></a>SD_IO_WriteReadData</STRONG> (Thumb, 34 bytes, Stack size 8 bytes, sd_card_interface.o(i.SD_IO_WriteReadData))
<BR><BR>[Stack]<UL><LI>Max Depth = 104<LI>Call Chain = SD_IO_WriteReadData &rArr; MX_SPI2_Init &rArr; HAL_SPI_Init &rArr; HAL_SPI_MspInit &rArr; HAL_GPIO_Init
</UL>
<BR>[Calls]<UL><LI><a href="#[86]">&gt;&gt;</a>&nbsp;&nbsp;&nbsp;HAL_SPI_TransmitReceive
<LI><a href="#[a2]">&gt;&gt;</a>&nbsp;&nbsp;&nbsp;MX_SPI2_Init
</UL>
<BR>[Called By]<UL><LI><a href="#[56]">&gt;&gt;</a>&nbsp;&nbsp;&nbsp;BSP_SD_WriteBlocks
<LI><a href="#[51]">&gt;&gt;</a>&nbsp;&nbsp;&nbsp;BSP_SD_ReadBlocks
<LI><a href="#[4c]">&gt;&gt;</a>&nbsp;&nbsp;&nbsp;SD_SendCmd
</UL>

<P><STRONG><a name="[a8]"></a>SPIRAM_RD_Byte</STRONG> (Thumb, 64 bytes, Stack size 16 bytes, spi_ram.o(i.SPIRAM_RD_Byte))
<BR><BR>[Stack]<UL><LI>Max Depth = 144<LI>Call Chain = SPIRAM_RD_Byte &rArr; DEV_SPI_ReadByte &rArr; HAL_SPI_Receive &rArr; HAL_SPI_TransmitReceive &rArr; SPI_EndRxTxTransaction &rArr; SPI_WaitFlagStateUntilTimeout
</UL>
<BR>[Calls]<UL><LI><a href="#[61]">&gt;&gt;</a>&nbsp;&nbsp;&nbsp;HAL_GPIO_WritePin
<LI><a href="#[6f]">&gt;&gt;</a>&nbsp;&nbsp;&nbsp;DEV_SPI_WriteByte
<LI><a href="#[6d]">&gt;&gt;</a>&nbsp;&nbsp;&nbsp;DEV_SPI_ReadByte
</UL>
<BR>[Called By]<UL><LI><a href="#[a7]">&gt;&gt;</a>&nbsp;&nbsp;&nbsp;Read_RAM
</UL>

<P><STRONG><a name="[ad]"></a>SPIRAM_WR_Byte</STRONG> (Thumb, 66 bytes, Stack size 16 bytes, spi_ram.o(i.SPIRAM_WR_Byte))
<BR><BR>[Stack]<UL><LI>Max Depth = 104<LI>Call Chain = SPIRAM_WR_Byte &rArr; DEV_SPI_WriteByte &rArr; HAL_SPI_Transmit &rArr; SPI_EndRxTxTransaction &rArr; SPI_WaitFlagStateUntilTimeout
</UL>
<BR>[Calls]<UL><LI><a href="#[61]">&gt;&gt;</a>&nbsp;&nbsp;&nbsp;HAL_GPIO_WritePin
<LI><a href="#[6f]">&gt;&gt;</a>&nbsp;&nbsp;&nbsp;DEV_SPI_WriteByte
</UL>
<BR>[Called By]<UL><LI><a href="#[62]">&gt;&gt;</a>&nbsp;&nbsp;&nbsp;SDCard_ReadBMP
</UL>

<P><STRONG><a name="[6]"></a>SVC_Handler</STRONG> (Thumb, 2 bytes, Stack size 0 bytes, stm32f1xx_it.o(i.SVC_Handler))
<BR>[Address Reference Count : 1]<UL><LI> startup_stm32f103xb.o(RESET)
</UL>
<P><STRONG><a name="[11f]"></a>SpiInit</STRONG> (Thumb, 6 bytes, Stack size 0 bytes, spi.o(i.SpiInit))
<BR><BR>[Called By]<UL><LI><a href="#[35]">&gt;&gt;</a>&nbsp;&nbsp;&nbsp;main
</UL>

<P><STRONG><a name="[b1]"></a>SpiTxRx</STRONG> (Thumb, 60 bytes, Stack size 536 bytes, spi.o(i.SpiTxRx))
<BR><BR>[Stack]<UL><LI>Max Depth = 616<LI>Call Chain = SpiTxRx &rArr; HAL_SPI_TransmitReceive &rArr; SPI_EndRxTxTransaction &rArr; SPI_WaitFlagStateUntilTimeout
</UL>
<BR>[Calls]<UL><LI><a href="#[86]">&gt;&gt;</a>&nbsp;&nbsp;&nbsp;HAL_SPI_TransmitReceive
<LI><a href="#[b2]">&gt;&gt;</a>&nbsp;&nbsp;&nbsp;__aeabi_memcpy
</UL>
<BR>[Called By]<UL><LI><a href="#[151]">&gt;&gt;</a>&nbsp;&nbsp;&nbsp;st25r3911WriteRegister
<LI><a href="#[14c]">&gt;&gt;</a>&nbsp;&nbsp;&nbsp;st25r3911ReadRegister
<LI><a href="#[143]">&gt;&gt;</a>&nbsp;&nbsp;&nbsp;st25r3911ExecuteCommand
<LI><a href="#[154]">&gt;&gt;</a>&nbsp;&nbsp;&nbsp;st25r3911WriteTestRegister
<LI><a href="#[18a]">&gt;&gt;</a>&nbsp;&nbsp;&nbsp;st25r3911WriteFifo
<LI><a href="#[193]">&gt;&gt;</a>&nbsp;&nbsp;&nbsp;st25r3911ReadTestRegister
<LI><a href="#[140]">&gt;&gt;</a>&nbsp;&nbsp;&nbsp;st25r3911ReadMultipleRegisters
<LI><a href="#[13b]">&gt;&gt;</a>&nbsp;&nbsp;&nbsp;st25r3911ReadFifo
<LI><a href="#[13e]">&gt;&gt;</a>&nbsp;&nbsp;&nbsp;st25r3911ExecuteCommands
</UL>

<P><STRONG><a name="[65]"></a>Start_Dawring</STRONG> (Thumb, 2864 bytes, Stack size 320 bytes, browser.o(i.Start_Dawring))
<BR><BR>[Stack]<UL><LI>Max Depth = 1312<LI>Call Chain = Start_Dawring &rArr; rfalNfcaPollerFullCollisionResolution &rArr; rfalNfcaPollerSingleCollisionResolution &rArr; rfalTransceiveBlockingTxRx &rArr; rfalTransceiveBlockingTx &rArr; rfalTransceiveRunBlockingTx &rArr; rfalWorker &rArr; rfalTransceiveTx &rArr; rfalPrepareTransceive &rArr; st25r3911StartGPTimer_8fcs &rArr; st25r3911ModifyRegister &rArr; st25r3911WriteRegister &rArr; SpiTxRx &rArr; HAL_SPI_TransmitReceive &rArr; SPI_EndRxTxTransaction &rArr; SPI_WaitFlagStateUntilTimeout
</UL>
<BR>[Calls]<UL><LI><a href="#[5d]">&gt;&gt;</a>&nbsp;&nbsp;&nbsp;ssd1306_refresh_gram
<LI><a href="#[5a]">&gt;&gt;</a>&nbsp;&nbsp;&nbsp;ssd1306_display_string
<LI><a href="#[58]">&gt;&gt;</a>&nbsp;&nbsp;&nbsp;ReadKey
<LI><a href="#[61]">&gt;&gt;</a>&nbsp;&nbsp;&nbsp;HAL_GPIO_WritePin
<LI><a href="#[76]">&gt;&gt;</a>&nbsp;&nbsp;&nbsp;HAL_Delay
<LI><a href="#[b8]">&gt;&gt;</a>&nbsp;&nbsp;&nbsp;hex2Str
<LI><a href="#[b6]">&gt;&gt;</a>&nbsp;&nbsp;&nbsp;rfalNfcaPollerTechnologyDetection
<LI><a href="#[b4]">&gt;&gt;</a>&nbsp;&nbsp;&nbsp;rfalNfcaPollerInitialize
<LI><a href="#[b7]">&gt;&gt;</a>&nbsp;&nbsp;&nbsp;rfalNfcaPollerFullCollisionResolution
<LI><a href="#[b5]">&gt;&gt;</a>&nbsp;&nbsp;&nbsp;rfalFieldOnAndStartGT
<LI><a href="#[64]">&gt;&gt;</a>&nbsp;&nbsp;&nbsp;rfalFieldOff
<LI><a href="#[a6]">&gt;&gt;</a>&nbsp;&nbsp;&nbsp;HAL_GPIO_ReadPin
<LI><a href="#[b9]">&gt;&gt;</a>&nbsp;&nbsp;&nbsp;rfalTransceiveBlockingTxRx
<LI><a href="#[ba]">&gt;&gt;</a>&nbsp;&nbsp;&nbsp;fail_interface
<LI><a href="#[a7]">&gt;&gt;</a>&nbsp;&nbsp;&nbsp;Read_RAM
<LI><a href="#[59]">&gt;&gt;</a>&nbsp;&nbsp;&nbsp;Browser_paper_clean_full
<LI><a href="#[b3]">&gt;&gt;</a>&nbsp;&nbsp;&nbsp;__aeabi_memclr4
<LI><a href="#[69]">&gt;&gt;</a>&nbsp;&nbsp;&nbsp;__2printf
</UL>
<BR>[Called By]<UL><LI><a href="#[57]">&gt;&gt;</a>&nbsp;&nbsp;&nbsp;Browser_display
</UL>

<P><STRONG><a name="[9]"></a>SysTick_Handler</STRONG> (Thumb, 4 bytes, Stack size 0 bytes, stm32f1xx_it.o(i.SysTick_Handler))
<BR><BR>[Calls]<UL><LI><a href="#[bb]">&gt;&gt;</a>&nbsp;&nbsp;&nbsp;HAL_IncTick
</UL>
<BR>[Address Reference Count : 1]<UL><LI> startup_stm32f103xb.o(RESET)
</UL>
<P><STRONG><a name="[bc]"></a>SystemClock_Config</STRONG> (Thumb, 90 bytes, Stack size 72 bytes, main.o(i.SystemClock_Config))
<BR><BR>[Stack]<UL><LI>Max Depth = 136<LI>Call Chain = SystemClock_Config &rArr; HAL_RCC_ClockConfig &rArr; HAL_InitTick &rArr; HAL_NVIC_SetPriority
</UL>
<BR>[Calls]<UL><LI><a href="#[82]">&gt;&gt;</a>&nbsp;&nbsp;&nbsp;HAL_RCC_OscConfig
<LI><a href="#[80]">&gt;&gt;</a>&nbsp;&nbsp;&nbsp;HAL_RCC_ClockConfig
<LI><a href="#[b3]">&gt;&gt;</a>&nbsp;&nbsp;&nbsp;__aeabi_memclr4
</UL>
<BR>[Called By]<UL><LI><a href="#[35]">&gt;&gt;</a>&nbsp;&nbsp;&nbsp;main
</UL>

<P><STRONG><a name="[36]"></a>SystemInit</STRONG> (Thumb, 56 bytes, Stack size 0 bytes, system_stm32f1xx.o(i.SystemInit))
<BR>[Address Reference Count : 1]<UL><LI> startup_stm32f103xb.o(.text)
</UL>
<P><STRONG><a name="[27]"></a>TIM3_IRQHandler</STRONG> (Thumb, 6 bytes, Stack size 0 bytes, stm32f1xx_it.o(i.TIM3_IRQHandler))
<BR><BR>[Stack]<UL><LI>Max Depth = 16<LI>Call Chain = TIM3_IRQHandler &rArr; HAL_TIM_IRQHandler
</UL>
<BR>[Calls]<UL><LI><a href="#[92]">&gt;&gt;</a>&nbsp;&nbsp;&nbsp;HAL_TIM_IRQHandler
</UL>
<BR>[Address Reference Count : 1]<UL><LI> startup_stm32f103xb.o(RESET)
</UL>
<P><STRONG><a name="[8b]"></a>TIM_Base_SetConfig</STRONG> (Thumb, 94 bytes, Stack size 20 bytes, stm32f1xx_hal_tim.o(i.TIM_Base_SetConfig))
<BR><BR>[Stack]<UL><LI>Max Depth = 20<LI>Call Chain = TIM_Base_SetConfig
</UL>
<BR>[Called By]<UL><LI><a href="#[89]">&gt;&gt;</a>&nbsp;&nbsp;&nbsp;HAL_TIM_Base_Init
</UL>

<P><STRONG><a name="[8e]"></a>TIM_ETR_SetConfig</STRONG> (Thumb, 20 bytes, Stack size 8 bytes, stm32f1xx_hal_tim.o(i.TIM_ETR_SetConfig))
<BR><BR>[Stack]<UL><LI>Max Depth = 8<LI>Call Chain = TIM_ETR_SetConfig
</UL>
<BR>[Called By]<UL><LI><a href="#[8d]">&gt;&gt;</a>&nbsp;&nbsp;&nbsp;HAL_TIM_ConfigClockSource
</UL>

<P><STRONG><a name="[3b]"></a>USER_initialize</STRONG> (Thumb, 26 bytes, Stack size 8 bytes, user_diskio.o(i.USER_initialize))
<BR><BR>[Stack]<UL><LI>Max Depth = 216<LI>Call Chain = USER_initialize &rArr; BSP_SD_Init &rArr; SD_GoIdleState &rArr; SD_SendCmd &rArr; SD_ReadData &rArr; SD_IO_WriteByte &rArr; MX_SPI2_Init &rArr; HAL_SPI_Init &rArr; HAL_SPI_MspInit &rArr; HAL_GPIO_Init
</UL>
<BR>[Calls]<UL><LI><a href="#[4f]">&gt;&gt;</a>&nbsp;&nbsp;&nbsp;BSP_SD_Init
</UL>
<BR>[Address Reference Count : 1]<UL><LI> user_diskio.o(.data)
</UL>
<P><STRONG><a name="[3f]"></a>USER_ioctl</STRONG> (Thumb, 74 bytes, Stack size 72 bytes, user_diskio.o(i.USER_ioctl))
<BR><BR>[Stack]<UL><LI>Max Depth = 296<LI>Call Chain = USER_ioctl &rArr; BSP_SD_GetCardInfo &rArr; SD_GetCSDRegister &rArr; SD_SendCmd &rArr; SD_ReadData &rArr; SD_IO_WriteByte &rArr; MX_SPI2_Init &rArr; HAL_SPI_Init &rArr; HAL_SPI_MspInit &rArr; HAL_GPIO_Init
</UL>
<BR>[Calls]<UL><LI><a href="#[48]">&gt;&gt;</a>&nbsp;&nbsp;&nbsp;BSP_SD_GetCardInfo
</UL>
<BR>[Address Reference Count : 1]<UL><LI> user_diskio.o(.data)
</UL>
<P><STRONG><a name="[3d]"></a>USER_read</STRONG> (Thumb, 52 bytes, Stack size 24 bytes, user_diskio.o(i.USER_read))
<BR><BR>[Stack]<UL><LI>Max Depth = 248<LI>Call Chain = USER_read &rArr; BSP_SD_ReadBlocks &rArr; SD_SendCmd &rArr; SD_ReadData &rArr; SD_IO_WriteByte &rArr; MX_SPI2_Init &rArr; HAL_SPI_Init &rArr; HAL_SPI_MspInit &rArr; HAL_GPIO_Init
</UL>
<BR>[Calls]<UL><LI><a href="#[51]">&gt;&gt;</a>&nbsp;&nbsp;&nbsp;BSP_SD_ReadBlocks
<LI><a href="#[4b]">&gt;&gt;</a>&nbsp;&nbsp;&nbsp;BSP_SD_GetCardState
</UL>
<BR>[Address Reference Count : 1]<UL><LI> user_diskio.o(.data)
</UL>
<P><STRONG><a name="[3c]"></a>USER_status</STRONG> (Thumb, 26 bytes, Stack size 8 bytes, user_diskio.o(i.USER_status))
<BR><BR>[Stack]<UL><LI>Max Depth = 192<LI>Call Chain = USER_status &rArr; BSP_SD_GetCardState &rArr; SD_SendCmd &rArr; SD_ReadData &rArr; SD_IO_WriteByte &rArr; MX_SPI2_Init &rArr; HAL_SPI_Init &rArr; HAL_SPI_MspInit &rArr; HAL_GPIO_Init
</UL>
<BR>[Calls]<UL><LI><a href="#[4b]">&gt;&gt;</a>&nbsp;&nbsp;&nbsp;BSP_SD_GetCardState
</UL>
<BR>[Address Reference Count : 1]<UL><LI> user_diskio.o(.data)
</UL>
<P><STRONG><a name="[3e]"></a>USER_write</STRONG> (Thumb, 52 bytes, Stack size 24 bytes, user_diskio.o(i.USER_write))
<BR><BR>[Stack]<UL><LI>Max Depth = 248<LI>Call Chain = USER_write &rArr; BSP_SD_WriteBlocks &rArr; SD_SendCmd &rArr; SD_ReadData &rArr; SD_IO_WriteByte &rArr; MX_SPI2_Init &rArr; HAL_SPI_Init &rArr; HAL_SPI_MspInit &rArr; HAL_GPIO_Init
</UL>
<BR>[Calls]<UL><LI><a href="#[56]">&gt;&gt;</a>&nbsp;&nbsp;&nbsp;BSP_SD_WriteBlocks
<LI><a href="#[4b]">&gt;&gt;</a>&nbsp;&nbsp;&nbsp;BSP_SD_GetCardState
</UL>
<BR>[Address Reference Count : 1]<UL><LI> user_diskio.o(.data)
</UL>
<P><STRONG><a name="[5]"></a>UsageFault_Handler</STRONG> (Thumb, 2 bytes, Stack size 0 bytes, stm32f1xx_it.o(i.UsageFault_Handler))
<BR><BR>[Calls]<UL><LI><a href="#[5]">&gt;&gt;</a>&nbsp;&nbsp;&nbsp;UsageFault_Handler
</UL>
<BR>[Called By]<UL><LI><a href="#[5]">&gt;&gt;</a>&nbsp;&nbsp;&nbsp;UsageFault_Handler
</UL>
<BR>[Address Reference Count : 1]<UL><LI> startup_stm32f103xb.o(RESET)
</UL>
<P><STRONG><a name="[bf]"></a>__0printf$3</STRONG> (Thumb, 22 bytes, Stack size 24 bytes, printf3.o(i.__0printf$3), UNUSED)
<BR><BR>[Calls]<UL><LI><a href="#[c0]">&gt;&gt;</a>&nbsp;&nbsp;&nbsp;_printf_core
</UL>

<P><STRONG><a name="[1a9]"></a>__1printf$3</STRONG> (Thumb, 0 bytes, Stack size 24 bytes, printf3.o(i.__0printf$3), UNUSED)

<P><STRONG><a name="[69]"></a>__2printf</STRONG> (Thumb, 0 bytes, Stack size 24 bytes, printf3.o(i.__0printf$3))
<BR><BR>[Stack]<UL><LI>Max Depth = 24<LI>Call Chain = __2printf
</UL>
<BR>[Called By]<UL><LI><a href="#[60]">&gt;&gt;</a>&nbsp;&nbsp;&nbsp;SDCard_Init
<LI><a href="#[67]">&gt;&gt;</a>&nbsp;&nbsp;&nbsp;Browser_save_fileame
<LI><a href="#[35]">&gt;&gt;</a>&nbsp;&nbsp;&nbsp;main
<LI><a href="#[62]">&gt;&gt;</a>&nbsp;&nbsp;&nbsp;SDCard_ReadBMP
<LI><a href="#[5f]">&gt;&gt;</a>&nbsp;&nbsp;&nbsp;demoCycle
<LI><a href="#[e6]">&gt;&gt;</a>&nbsp;&nbsp;&nbsp;demoSendNdefUri
<LI><a href="#[e9]">&gt;&gt;</a>&nbsp;&nbsp;&nbsp;demoSendAPDUs
<LI><a href="#[d8]">&gt;&gt;</a>&nbsp;&nbsp;&nbsp;demoPollNFCV
<LI><a href="#[d7]">&gt;&gt;</a>&nbsp;&nbsp;&nbsp;demoPollNFCF
<LI><a href="#[d3]">&gt;&gt;</a>&nbsp;&nbsp;&nbsp;demoPollNFCB
<LI><a href="#[d2]">&gt;&gt;</a>&nbsp;&nbsp;&nbsp;demoPollNFCA
<LI><a href="#[d1]">&gt;&gt;</a>&nbsp;&nbsp;&nbsp;demoPollAP2P
<LI><a href="#[d9]">&gt;&gt;</a>&nbsp;&nbsp;&nbsp;demoIsoDepBlockingTxRx
<LI><a href="#[65]">&gt;&gt;</a>&nbsp;&nbsp;&nbsp;Start_Dawring
</UL>

<P><STRONG><a name="[1aa]"></a>__scatterload_copy</STRONG> (Thumb, 14 bytes, Stack size unknown bytes, handlers.o(i.__scatterload_copy), UNUSED)

<P><STRONG><a name="[1ab]"></a>__scatterload_null</STRONG> (Thumb, 2 bytes, Stack size unknown bytes, handlers.o(i.__scatterload_null), UNUSED)

<P><STRONG><a name="[1ac]"></a>__scatterload_zeroinit</STRONG> (Thumb, 14 bytes, Stack size unknown bytes, handlers.o(i.__scatterload_zeroinit), UNUSED)

<P><STRONG><a name="[f8]"></a>clust2sect</STRONG> (Thumb, 30 bytes, Stack size 0 bytes, ff.o(i.clust2sect))
<BR><BR>[Called By]<UL><LI><a href="#[ab]">&gt;&gt;</a>&nbsp;&nbsp;&nbsp;f_read
<LI><a href="#[ac]">&gt;&gt;</a>&nbsp;&nbsp;&nbsp;f_lseek
<LI><a href="#[f3]">&gt;&gt;</a>&nbsp;&nbsp;&nbsp;dir_sdi
<LI><a href="#[f6]">&gt;&gt;</a>&nbsp;&nbsp;&nbsp;dir_next
</UL>

<P><STRONG><a name="[5f]"></a>demoCycle</STRONG> (Thumb, 256 bytes, Stack size 40 bytes, demo.o(i.demoCycle))
[...]
<BR><BR>[Called By]<UL><LI><a href="#[cc]">&gt;&gt;</a>&nbsp;&nbsp;&nbsp;rfalNfcDepInitialize
<LI><a href="#[12a]">&gt;&gt;</a>&nbsp;&nbsp;&nbsp;nfcipTargetHandleRX
<LI><a href="#[12b]">&gt;&gt;</a>&nbsp;&nbsp;&nbsp;nfcipSetDEPParams
<LI><a href="#[127]">&gt;&gt;</a>&nbsp;&nbsp;&nbsp;nfcipInitiatorHandleDEP
</UL>

<P><STRONG><a name="[123]"></a>nfcipConfig</STRONG> (Thumb, 82 bytes, Stack size 24 bytes, rfal_nfcdep.o(i.nfcipConfig))
<BR><BR>[Stack]<UL><LI>Max Depth = 32<LI>Call Chain = nfcipConfig &rArr; __aeabi_memcpy4
</UL>
<BR>[Calls]<UL><LI><a href="#[db]">&gt;&gt;</a>&nbsp;&nbsp;&nbsp;__aeabi_memcpy4
</UL>
<BR>[Called By]<UL><LI><a href="#[16b]">&gt;&gt;</a>&nbsp;&nbsp;&nbsp;rfalNfcDepATR
</UL>

<P><STRONG><a name="[124]"></a>nfcipDEPControlMsg</STRONG> (Thumb, 90 bytes, Stack size 48 bytes, rfal_nfcdep.o(i.nfcipDEPControlMsg))
<BR><BR>[Stack]<UL><LI>Max Depth = 912<LI>Call Chain = nfcipDEPControlMsg &rArr; nfcipTx &rArr; rfalTransceiveBlockingTx &rArr; rfalTransceiveRunBlockingTx &rArr; rfalWorker &rArr; rfalTransceiveTx &rArr; rfalPrepareTransceive &rArr; st25r3911StartGPTimer_8fcs &rArr; st25r3911ModifyRegister &rArr; st25r3911WriteRegister &rArr; SpiTxRx &rArr; HAL_SPI_TransmitReceive &rArr; SPI_EndRxTxTransaction &rArr; SPI_WaitFlagStateUntilTimeout
</UL>
<BR>[Calls]<UL><LI><a href="#[125]">&gt;&gt;</a>&nbsp;&nbsp;&nbsp;nfcipTx
</UL>
<BR>[Called By]<UL><LI><a href="#[12a]">&gt;&gt;</a>&nbsp;&nbsp;&nbsp;nfcipTargetHandleRX
<LI><a href="#[129]">&gt;&gt;</a>&nbsp;&nbsp;&nbsp;nfcipRun
<LI><a href="#[127]">&gt;&gt;</a>&nbsp;&nbsp;&nbsp;nfcipInitiatorHandleDEP
</UL>

<P><STRONG><a name="[126]"></a>nfcipDataRx</STRONG> (Thumb, 56 bytes, Stack size 8 bytes, rfal_nfcdep.o(i.nfcipDataRx))
<BR><BR>[Stack]<UL><LI>Max Depth = 8<LI>Call Chain = nfcipDataRx
</UL>
<BR>[Calls]<UL><LI><a href="#[117]">&gt;&gt;</a>&nbsp;&nbsp;&nbsp;rfalGetTransceiveStatus
</UL>
<BR>[Called By]<UL><LI><a href="#[12c]">&gt;&gt;</a>&nbsp;&nbsp;&nbsp;nfcipTxRx
<LI><a href="#[129]">&gt;&gt;</a>&nbsp;&nbsp;&nbsp;nfcipRun
</UL>

<P><STRONG><a name="[127]"></a>nfcipInitiatorHandleDEP</STRONG> (Thumb, 616 bytes, Stack size 56 bytes, rfal_nfcdep.o(i.nfcipInitiatorHandleDEP))
<BR><BR>[Stack]<UL><LI>Max Depth = 968<LI>Call Chain = nfcipInitiatorHandleDEP &rArr; nfcipDEPControlMsg &rArr; nfcipTx &rArr; rfalTransceiveBlockingTx &rArr; rfalTransceiveRunBlockingTx &rArr; rfalWorker &rArr; rfalTransceiveTx &rArr; rfalPrepareTransceive &rArr; st25r3911StartGPTimer_8fcs &rArr; st25r3911ModifyRegister &rArr; st25r3911WriteRegister &rArr; SpiTxRx &rArr; HAL_SPI_TransmitReceive &rArr; SPI_EndRxTxTransaction &rArr; SPI_WaitFlagStateUntilTimeout
</UL>
<BR>[Calls]<UL><LI><a href="#[124]">&gt;&gt;</a>&nbsp;&nbsp;&nbsp;nfcipDEPControlMsg
<LI><a href="#[128]">&gt;&gt;</a>&nbsp;&nbsp;&nbsp;nfcipClearCounters
<LI><a href="#[da]">&gt;&gt;</a>&nbsp;&nbsp;&nbsp;__aeabi_memmove
</UL>
<BR>[Called By]<UL><LI><a href="#[129]">&gt;&gt;</a>&nbsp;&nbsp;&nbsp;nfcipRun
</UL>

<P><STRONG><a name="[129]"></a>nfcipRun</STRONG> (Thumb, 324 bytes, Stack size 40 bytes, rfal_nfcdep.o(i.nfcipRun))
<BR><BR>[Stack]<UL><LI>Max Depth = 1016<LI>Call Chain = nfcipRun &rArr; nfcipTargetHandleRX &rArr; nfcipDEPControlMsg &rArr; nfcipTx &rArr; rfalTransceiveBlockingTx &rArr; rfalTransceiveRunBlockingTx &rArr; rfalWorker &rArr; rfalTransceiveTx &rArr; rfalPrepareTransceive &rArr; st25r3911StartGPTimer_8fcs &rArr; st25r3911ModifyRegister &rArr; st25r3911WriteRegister &rArr; SpiTxRx &rArr; HAL_SPI_TransmitReceive &rArr; SPI_EndRxTxTransaction &rArr; SPI_WaitFlagStateUntilTimeout
</UL>
<BR>[Calls]<UL><LI><a href="#[125]">&gt;&gt;</a>&nbsp;&nbsp;&nbsp;nfcipTx
<LI><a href="#[12a]">&gt;&gt;</a>&nbsp;&nbsp;&nbsp;nfcipTargetHandleRX
<LI><a href="#[127]">&gt;&gt;</a>&nbsp;&nbsp;&nbsp;nfcipInitiatorHandleDEP
<LI><a href="#[126]">&gt;&gt;</a>&nbsp;&nbsp;&nbsp;nfcipDataRx
<LI><a href="#[124]">&gt;&gt;</a>&nbsp;&nbsp;&nbsp;nfcipDEPControlMsg
<LI><a href="#[115]">&gt;&gt;</a>&nbsp;&nbsp;&nbsp;timerIsExpired
</UL>
<BR>[Called By]<UL><LI><a href="#[e0]">&gt;&gt;</a>&nbsp;&nbsp;&nbsp;rfalNfcDepGetTransceiveStatus
</UL>

<P><STRONG><a name="[12b]"></a>nfcipSetDEPParams</STRONG> (Thumb, 118 bytes, Stack size 8 bytes, rfal_nfcdep.o(i.nfcipSetDEPParams))
<BR><BR>[Stack]<UL><LI>Max Depth = 8<LI>Call Chain = nfcipSetDEPParams
</UL>
<BR>[Calls]<UL><LI><a href="#[128]">&gt;&gt;</a>&nbsp;&nbsp;&nbsp;nfcipClearCounters
</UL>
<BR>[Called By]<UL><LI><a href="#[df]">&gt;&gt;</a>&nbsp;&nbsp;&nbsp;rfalNfcDepStartTransceive
</UL>

<P><STRONG><a name="[12a]"></a>nfcipTargetHandleRX</STRONG> (Thumb, 820 bytes, Stack size 64 bytes, rfal_nfcdep.o(i.nfcipTargetHandleRX))
<BR><BR>[Stack]<UL><LI>Max Depth = 976<LI>Call Chain = nfcipTargetHandleRX &rArr; nfcipDEPControlMsg &rArr; nfcipTx &rArr; rfalTransceiveBlockingTx &rArr; rfalTransceiveRunBlockingTx &rArr; rfalWorker &rArr; rfalTransceiveTx &rArr; rfalPrepareTransceive &rArr; st25r3911StartGPTimer_8fcs &rArr; st25r3911ModifyRegister &rArr; st25r3911WriteRegister &rArr; SpiTxRx &rArr; HAL_SPI_TransmitReceive &rArr; SPI_EndRxTxTransaction &rArr; SPI_WaitFlagStateUntilTimeout
</UL>
<BR>[Calls]<UL><LI><a href="#[125]">&gt;&gt;</a>&nbsp;&nbsp;&nbsp;nfcipTx
<LI><a href="#[124]">&gt;&gt;</a>&nbsp;&nbsp;&nbsp;nfcipDEPControlMsg
<LI><a href="#[128]">&gt;&gt;</a>&nbsp;&nbsp;&nbsp;nfcipClearCounters
<LI><a href="#[11c]">&gt;&gt;</a>&nbsp;&nbsp;&nbsp;rfalTransceiveBlockingTx
<LI><a href="#[11d]">&gt;&gt;</a>&nbsp;&nbsp;&nbsp;timerCalculateTimer
<LI><a href="#[da]">&gt;&gt;</a>&nbsp;&nbsp;&nbsp;__aeabi_memmove
</UL>
<BR>[Called By]<UL><LI><a href="#[129]">&gt;&gt;</a>&nbsp;&nbsp;&nbsp;nfcipRun
</UL>

<P><STRONG><a name="[125]"></a>nfcipTx</STRONG> (Thumb, 380 bytes, Stack size 48 bytes, rfal_nfcdep.o(i.nfcipTx))
<BR><BR>[Stack]<UL><LI>Max Depth = 864<LI>Call Chain = nfcipTx &rArr; rfalTransceiveBlockingTx &rArr; rfalTransceiveRunBlockingTx &rArr; rfalWorker &rArr; rfalTransceiveTx &rArr; rfalPrepareTransceive &rArr; st25r3911StartGPTimer_8fcs &rArr; st25r3911ModifyRegister &rArr; st25r3911WriteRegister &rArr; SpiTxRx &rArr; HAL_SPI_TransmitReceive &rArr; SPI_EndRxTxTransaction &rArr; SPI_WaitFlagStateUntilTimeout
</UL>
<BR>[Calls]<UL><LI><a href="#[11c]">&gt;&gt;</a>&nbsp;&nbsp;&nbsp;rfalTransceiveBlockingTx
<LI><a href="#[b2]">&gt;&gt;</a>&nbsp;&nbsp;&nbsp;__aeabi_memcpy
</UL>
<BR>[Called By]<UL><LI><a href="#[12c]">&gt;&gt;</a>&nbsp;&nbsp;&nbsp;nfcipTxRx
<LI><a href="#[12a]">&gt;&gt;</a>&nbsp;&nbsp;&nbsp;nfcipTargetHandleRX
<LI><a href="#[129]">&gt;&gt;</a>&nbsp;&nbsp;&nbsp;nfcipRun
<LI><a href="#[124]">&gt;&gt;</a>&nbsp;&nbsp;&nbsp;nfcipDEPControlMsg
</UL>

<P><STRONG><a name="[12c]"></a>nfcipTxRx</STRONG> (Thumb, 96 bytes, Stack size 32 bytes, rfal_nfcdep.o(i.nfcipTxRx))
<BR><BR>[Stack]<UL><LI>Max Depth = 896<LI>Call Chain = nfcipTxRx &rArr; nfcipTx &rArr; rfalTransceiveBlockingTx &rArr; rfalTransceiveRunBlockingTx &rArr; rfalWorker &rArr; rfalTransceiveTx &rArr; rfalPrepareTransceive &rArr; st25r3911StartGPTimer_8fcs &rArr; st25r3911ModifyRegister &rArr; st25r3911WriteRegister &rArr; SpiTxRx &rArr; HAL_SPI_TransmitReceive &rArr; SPI_EndRxTxTransaction &rArr; SPI_WaitFlagStateUntilTimeout
</UL>
<BR>[Calls]<UL><LI><a href="#[5e]">&gt;&gt;</a>&nbsp;&nbsp;&nbsp;rfalWorker
<LI><a href="#[125]">&gt;&gt;</a>&nbsp;&nbsp;&nbsp;nfcipTx
<LI><a href="#[126]">&gt;&gt;</a>&nbsp;&nbsp;&nbsp;nfcipDataRx
</UL>
<BR>[Called By]<UL><LI><a href="#[16e]">&gt;&gt;</a>&nbsp;&nbsp;&nbsp;rfalNfcDepPSL
<LI><a href="#[16b]">&gt;&gt;</a>&nbsp;&nbsp;&nbsp;rfalNfcDepATR
</UL>

<P><STRONG><a name="[17a]"></a>rfalNfcfComputeValidSENF</STRONG> (Thumb, 232 bytes, Stack size 40 bytes, rfal_nfcf.o(i.rfalNfcfComputeValidSENF))
<BR><BR>[Stack]<UL><LI>Max Depth = 52<LI>Call Chain = rfalNfcfComputeValidSENF &rArr; memcmp
</UL>
<BR>[Calls]<UL><LI><a href="#[17b]">&gt;&gt;</a>&nbsp;&nbsp;&nbsp;memcmp
<LI><a href="#[b2]">&gt;&gt;</a>&nbsp;&nbsp;&nbsp;__aeabi_memcpy
</UL>
<BR>[Called By]<UL><LI><a href="#[ef]">&gt;&gt;</a>&nbsp;&nbsp;&nbsp;rfalNfcfPollerCollisionResolution
</UL>

<P><STRONG><a name="[135]"></a>rfalCleanupTransceive</STRONG> (Thumb, 34 bytes, Stack size 8 bytes, rfal_rfst25r3911.o(i.rfalCleanupTransceive))
<BR><BR>[Stack]<UL><LI>Max Depth = 664<LI>Call Chain = rfalCleanupTransceive &rArr; st25r3911SetRegisterBits &rArr; st25r3911WriteRegister &rArr; SpiTxRx &rArr; HAL_SPI_TransmitReceive &rArr; SPI_EndRxTxTransaction &rArr; SPI_WaitFlagStateUntilTimeout
</UL>
<BR>[Calls]<UL><LI><a href="#[137]">&gt;&gt;</a>&nbsp;&nbsp;&nbsp;st25r3911SetRegisterBits
<LI><a href="#[136]">&gt;&gt;</a>&nbsp;&nbsp;&nbsp;st25r3911ClrRegisterBits
</UL>
<BR>[Called By]<UL><LI><a href="#[64]">&gt;&gt;</a>&nbsp;&nbsp;&nbsp;rfalFieldOff
<LI><a href="#[188]">&gt;&gt;</a>&nbsp;&nbsp;&nbsp;rfalTransceiveTx
<LI><a href="#[187]">&gt;&gt;</a>&nbsp;&nbsp;&nbsp;rfalTransceiveRx
</UL>

<P><STRONG><a name="[138]"></a>rfalErrorHandling</STRONG> (Thumb, 166 bytes, Stack size 16 bytes, rfal_rfst25r3911.o(i.rfalErrorHandling))
<BR><BR>[Stack]<UL><LI>Max Depth = 664<LI>Call Chain = rfalErrorHandling &rArr; rfalFIFOStatusIsMissingPar &rArr; rfalFIFOStatusUpdate &rArr; st25r3911ReadMultipleRegisters &rArr; SpiTxRx &rArr; HAL_SPI_TransmitReceive &rArr; SPI_EndRxTxTransaction &rArr; SPI_WaitFlagStateUntilTimeout
</UL>
<BR>[Calls]<UL><LI><a href="#[13b]">&gt;&gt;</a>&nbsp;&nbsp;&nbsp;st25r3911ReadFifo
<LI><a href="#[13e]">&gt;&gt;</a>&nbsp;&nbsp;&nbsp;st25r3911ExecuteCommands
<LI><a href="#[13d]">&gt;&gt;</a>&nbsp;&nbsp;&nbsp;rfalFIFOStatusIsMissingPar
<LI><a href="#[13a]">&gt;&gt;</a>&nbsp;&nbsp;&nbsp;rfalFIFOStatusIsIncompleteByte
<LI><a href="#[139]">&gt;&gt;</a>&nbsp;&nbsp;&nbsp;rfalFIFOStatusGetNumBytes
<LI><a href="#[13c]">&gt;&gt;</a>&nbsp;&nbsp;&nbsp;rfalFIFOGetNumIncompleteBits
</UL>
<BR>[Called By]<UL><LI><a href="#[187]">&gt;&gt;</a>&nbsp;&nbsp;&nbsp;rfalTransceiveRx
</UL>

<P><STRONG><a name="[13c]"></a>rfalFIFOGetNumIncompleteBits</STRONG> (Thumb, 18 bytes, Stack size 8 bytes, rfal_rfst25r3911.o(i.rfalFIFOGetNumIncompleteBits))
<BR><BR>[Stack]<UL><LI>Max Depth = 648<LI>Call Chain = rfalFIFOGetNumIncompleteBits &rArr; rfalFIFOStatusUpdate &rArr; st25r3911ReadMultipleRegisters &rArr; SpiTxRx &rArr; HAL_SPI_TransmitReceive &rArr; SPI_EndRxTxTransaction &rArr; SPI_WaitFlagStateUntilTimeout
</UL>
<BR>[Calls]<UL><LI><a href="#[13f]">&gt;&gt;</a>&nbsp;&nbsp;&nbsp;rfalFIFOStatusUpdate
</UL>
<BR>[Called By]<UL><LI><a href="#[187]">&gt;&gt;</a>&nbsp;&nbsp;&nbsp;rfalTransceiveRx
<LI><a href="#[138]">&gt;&gt;</a>&nbsp;&nbsp;&nbsp;rfalErrorHandling
</UL>

<P><STRONG><a name="[139]"></a>rfalFIFOStatusGetNumBytes</STRONG> (Thumb, 14 bytes, Stack size 8 bytes, rfal_rfst25r3911.o(i.rfalFIFOStatusGetNumBytes))
<BR><BR>[Stack]<UL><LI>Max Depth = 648<LI>Call Chain = rfalFIFOStatusGetNumBytes &rArr; rfalFIFOStatusUpdate &rArr; st25r3911ReadMultipleRegisters &rArr; SpiTxRx &rArr; HAL_SPI_TransmitReceive &rArr; SPI_EndRxTxTransaction &rArr; SPI_WaitFlagStateUntilTimeout
</UL>
<BR>[Calls]<UL><LI><a href="#[13f]">&gt;&gt;</a>&nbsp;&nbsp;&nbsp;rfalFIFOStatusUpdate
</UL>
<BR>[Called By]<UL><LI><a href="#[187]">&gt;&gt;</a>&nbsp;&nbsp;&nbsp;rfalTransceiveRx
<LI><a href="#[138]">&gt;&gt;</a>&nbsp;&nbsp;&nbsp;rfalErrorHandling
</UL>

<P><STRONG><a name="[13a]"></a>rfalFIFOStatusIsIncompleteByte</STRONG> (Thumb, 22 bytes, Stack size 8 bytes, rfal_rfst25r3911.o(i.rfalFIFOStatusIsIncompleteByte))
<BR><BR>[Stack]<UL><LI>Max Depth = 648<LI>Call Chain = rfalFIFOStatusIsIncompleteByte &rArr; rfalFIFOStatusUpdate &rArr; st25r3911ReadMultipleRegisters &rArr; SpiTxRx &rArr; HAL_SPI_TransmitReceive &rArr; SPI_EndRxTxTransaction &rArr; SPI_WaitFlagStateUntilTimeout
</UL>
<BR>[Calls]<UL><LI><a href="#[13f]">&gt;&gt;</a>&nbsp;&nbsp;&nbsp;rfalFIFOStatusUpdate
</UL>
<BR>[Called By]<UL><LI><a href="#[187]">&gt;&gt;</a>&nbsp;&nbsp;&nbsp;rfalTransceiveRx
<LI><a href="#[138]">&gt;&gt;</a>&nbsp;&nbsp;&nbsp;rfalErrorHandling
</UL>

<P><STRONG><a name="[13d]"></a>rfalFIFOStatusIsMissingPar</STRONG> (Thumb, 18 bytes, Stack size 8 bytes, rfal_rfst25r3911.o(i.rfalFIFOStatusIsMissingPar))
<BR><BR>[Stack]<UL><LI>Max Depth = 648<LI>Call Chain = rfalFIFOStatusIsMissingPar &rArr; rfalFIFOStatusUpdate &rArr; st25r3911ReadMultipleRegisters &rArr; SpiTxRx &rArr; HAL_SPI_TransmitReceive &rArr; SPI_EndRxTxTransaction &rArr; SPI_WaitFlagStateUntilTimeout
</UL>
<BR>[Calls]<UL><LI><a href="#[13f]">&gt;&gt;</a>&nbsp;&nbsp;&nbsp;rfalFIFOStatusUpdate
</UL>
<BR>[Called By]<UL><LI><a href="#[187]">&gt;&gt;</a>&nbsp;&nbsp;&nbsp;rfalTransceiveRx
<LI><a href="#[138]">&gt;&gt;</a>&nbsp;&nbsp;&nbsp;rfalErrorHandling
</UL>

<P><STRONG><a name="[13f]"></a>rfalFIFOStatusUpdate</STRONG> (Thumb, 24 bytes, Stack size 0 bytes, rfal_rfst25r3911.o(i.rfalFIFOStatusUpdate))
<BR><BR>[Stack]<UL><LI>Max Depth = 640<LI>Call Chain = rfalFIFOStatusUpdate &rArr; st25r3911ReadMultipleRegisters &rArr; SpiTxRx &rArr; HAL_SPI_TransmitReceive &rArr; SPI_EndRxTxTransaction &rArr; SPI_WaitFlagStateUntilTimeout
</UL>
<BR>[Calls]<UL><LI><a href="#[140]">&gt;&gt;</a>&nbsp;&nbsp;&nbsp;st25r3911ReadMultipleRegisters
</UL>
<BR>[Called By]<UL><LI><a href="#[13d]">&gt;&gt;</a>&nbsp;&nbsp;&nbsp;rfalFIFOStatusIsMissingPar
<LI><a href="#[13a]">&gt;&gt;</a>&nbsp;&nbsp;&nbsp;rfalFIFOStatusIsIncompleteByte
<LI><a href="#[139]">&gt;&gt;</a>&nbsp;&nbsp;&nbsp;rfalFIFOStatusGetNumBytes
<LI><a href="#[13c]">&gt;&gt;</a>&nbsp;&nbsp;&nbsp;rfalFIFOGetNumIncompleteBits
</UL>

<P><STRONG><a name="[153]"></a>rfalPrepareTransceive</STRONG> (Thumb, 184 bytes, Stack size 16 bytes, rfal_rfst25r3911.o(i.rfalPrepareTransceive))
<BR><BR>[Stack]<UL><LI>Max Depth = 688<LI>Call Chain = rfalPrepareTransceive &rArr; st25r3911StartGPTimer_8fcs &rArr; st25r3911ModifyRegister &rArr; st25r3911WriteRegister &rArr; SpiTxRx &rArr; HAL_SPI_TransmitReceive &rArr; SPI_EndRxTxTransaction &rArr; SPI_WaitFlagStateUntilTimeout
</UL>
<BR>[Calls]<UL><LI><a href="#[137]">&gt;&gt;</a>&nbsp;&nbsp;&nbsp;st25r3911SetRegisterBits
<LI><a href="#[149]">&gt;&gt;</a>&nbsp;&nbsp;&nbsp;st25r3911GetInterrupt
<LI><a href="#[143]">&gt;&gt;</a>&nbsp;&nbsp;&nbsp;st25r3911ExecuteCommand
<LI><a href="#[14a]">&gt;&gt;</a>&nbsp;&nbsp;&nbsp;st25r3911EnableInterrupts
<LI><a href="#[136]">&gt;&gt;</a>&nbsp;&nbsp;&nbsp;st25r3911ClrRegisterBits
<LI><a href="#[132]">&gt;&gt;</a>&nbsp;&nbsp;&nbsp;st25r3911ChangeRegisterBits
<LI><a href="#[152]">&gt;&gt;</a>&nbsp;&nbsp;&nbsp;st25r3911StartGPTimer_8fcs
</UL>
<BR>[Called By]<UL><LI><a href="#[14e]">&gt;&gt;</a>&nbsp;&nbsp;&nbsp;rfalISO14443ATransceiveShortFrame
<LI><a href="#[148]">&gt;&gt;</a>&nbsp;&nbsp;&nbsp;rfalStartTransceive
<LI><a href="#[188]">&gt;&gt;</a>&nbsp;&nbsp;&nbsp;rfalTransceiveTx
</UL>

<P><STRONG><a name="[17e]"></a>rfalRunListenModeWorker</STRONG> (Thumb, 300 bytes, Stack size 16 bytes, rfal_rfst25r3911.o(i.rfalRunListenModeWorker))
<BR><BR>[Stack]<UL><LI>Max Depth = 696<LI>Call Chain = rfalRunListenModeWorker &rArr; rfalListenSetState &rArr;  rfalListenSetState (Cycle)
</UL>
<BR>[Calls]<UL><LI><a href="#[137]">&gt;&gt;</a>&nbsp;&nbsp;&nbsp;st25r3911SetRegisterBits
<LI><a href="#[14c]">&gt;&gt;</a>&nbsp;&nbsp;&nbsp;st25r3911ReadRegister
<LI><a href="#[149]">&gt;&gt;</a>&nbsp;&nbsp;&nbsp;st25r3911GetInterrupt
<LI><a href="#[143]">&gt;&gt;</a>&nbsp;&nbsp;&nbsp;st25r3911ExecuteCommand
<LI><a href="#[136]">&gt;&gt;</a>&nbsp;&nbsp;&nbsp;st25r3911ClrRegisterBits
<LI><a href="#[154]">&gt;&gt;</a>&nbsp;&nbsp;&nbsp;st25r3911WriteTestRegister
<LI><a href="#[13b]">&gt;&gt;</a>&nbsp;&nbsp;&nbsp;st25r3911ReadFifo
<LI><a href="#[16a]">&gt;&gt;</a>&nbsp;&nbsp;&nbsp;rfalListenSetState
</UL>
<BR>[Called By]<UL><LI><a href="#[5e]">&gt;&gt;</a>&nbsp;&nbsp;&nbsp;rfalWorker
</UL>

<P><STRONG><a name="[14b]"></a>rfalTransceiveRunBlockingTx</STRONG> (Thumb, 36 bytes, Stack size 8 bytes, rfal_rfst25r3911.o(i.rfalTransceiveRunBlockingTx))
<BR><BR>[Stack]<UL><LI>Max Depth = 768<LI>Call Chain = rfalTransceiveRunBlockingTx &rArr; rfalWorker &rArr; rfalTransceiveTx &rArr; rfalPrepareTransceive &rArr; st25r3911StartGPTimer_8fcs &rArr; st25r3911ModifyRegister &rArr; st25r3911WriteRegister &rArr; SpiTxRx &rArr; HAL_SPI_TransmitReceive &rArr; SPI_EndRxTxTransaction &rArr; SPI_WaitFlagStateUntilTimeout
</UL>
<BR>[Calls]<UL><LI><a href="#[5e]">&gt;&gt;</a>&nbsp;&nbsp;&nbsp;rfalWorker
<LI><a href="#[117]">&gt;&gt;</a>&nbsp;&nbsp;&nbsp;rfalGetTransceiveStatus
</UL>
<BR>[Called By]<UL><LI><a href="#[147]">&gt;&gt;</a>&nbsp;&nbsp;&nbsp;rfalISO14443ATransceiveAnticollisionFrame
<LI><a href="#[11c]">&gt;&gt;</a>&nbsp;&nbsp;&nbsp;rfalTransceiveBlockingTx
<LI><a href="#[157]">&gt;&gt;</a>&nbsp;&nbsp;&nbsp;rfalISO15693TransceiveAnticollisionFrame
</UL>

<P><STRONG><a name="[187]"></a>rfalTransceiveRx</STRONG> (Thumb, 936 bytes, Stack size 56 bytes, rfal_rfst25r3911.o(i.rfalTransceiveRx))
<BR><BR>[Stack]<UL><LI>Max Depth = 720<LI>Call Chain = rfalTransceiveRx &rArr; rfalErrorHandling &rArr; rfalFIFOStatusIsMissingPar &rArr; rfalFIFOStatusUpdate &rArr; st25r3911ReadMultipleRegisters &rArr; SpiTxRx &rArr; HAL_SPI_TransmitReceive &rArr; SPI_EndRxTxTransaction &rArr; SPI_WaitFlagStateUntilTimeout
</UL>
<BR>[Calls]<UL><LI><a href="#[149]">&gt;&gt;</a>&nbsp;&nbsp;&nbsp;st25r3911GetInterrupt
<LI><a href="#[12e]">&gt;&gt;</a>&nbsp;&nbsp;&nbsp;st25r3911CheckReg
<LI><a href="#[113]">&gt;&gt;</a>&nbsp;&nbsp;&nbsp;iso15693VICCDecode
<LI><a href="#[115]">&gt;&gt;</a>&nbsp;&nbsp;&nbsp;timerIsExpired
<LI><a href="#[11d]">&gt;&gt;</a>&nbsp;&nbsp;&nbsp;timerCalculateTimer
<LI><a href="#[154]">&gt;&gt;</a>&nbsp;&nbsp;&nbsp;st25r3911WriteTestRegister
<LI><a href="#[13b]">&gt;&gt;</a>&nbsp;&nbsp;&nbsp;st25r3911ReadFifo
<LI><a href="#[db]">&gt;&gt;</a>&nbsp;&nbsp;&nbsp;__aeabi_memcpy4
<LI><a href="#[13d]">&gt;&gt;</a>&nbsp;&nbsp;&nbsp;rfalFIFOStatusIsMissingPar
<LI><a href="#[13a]">&gt;&gt;</a>&nbsp;&nbsp;&nbsp;rfalFIFOStatusIsIncompleteByte
<LI><a href="#[139]">&gt;&gt;</a>&nbsp;&nbsp;&nbsp;rfalFIFOStatusGetNumBytes
<LI><a href="#[13c]">&gt;&gt;</a>&nbsp;&nbsp;&nbsp;rfalFIFOGetNumIncompleteBits
<LI><a href="#[138]">&gt;&gt;</a>&nbsp;&nbsp;&nbsp;rfalErrorHandling
<LI><a href="#[135]">&gt;&gt;</a>&nbsp;&nbsp;&nbsp;rfalCleanupTransceive
</UL>
<BR>[Called By]<UL><LI><a href="#[5e]">&gt;&gt;</a>&nbsp;&nbsp;&nbsp;rfalWorker
</UL>

<P><STRONG><a name="[188]"></a>rfalTransceiveTx</STRONG> (Thumb, 678 bytes, Stack size 64 bytes, rfal_rfst25r3911.o(i.rfalTransceiveTx))
<BR><BR>[Stack]<UL><LI>Max Depth = 752<LI>Call Chain = rfalTransceiveTx &rArr; rfalPrepareTransceive &rArr; st25r3911StartGPTimer_8fcs &rArr; st25r3911ModifyRegister &rArr; st25r3911WriteRegister &rArr; SpiTxRx &rArr; HAL_SPI_TransmitReceive &rArr; SPI_EndRxTxTransaction &rArr; SPI_WaitFlagStateUntilTimeout
</UL>
<BR>[Calls]<UL><LI><a href="#[149]">&gt;&gt;</a>&nbsp;&nbsp;&nbsp;st25r3911GetInterrupt
<LI><a href="#[143]">&gt;&gt;</a>&nbsp;&nbsp;&nbsp;st25r3911ExecuteCommand
<LI><a href="#[189]">&gt;&gt;</a>&nbsp;&nbsp;&nbsp;st25r3911SetNumTxBits
<LI><a href="#[12e]">&gt;&gt;</a>&nbsp;&nbsp;&nbsp;st25r3911CheckReg
<LI><a href="#[111]">&gt;&gt;</a>&nbsp;&nbsp;&nbsp;iso15693VCDCode
<LI><a href="#[11d]">&gt;&gt;</a>&nbsp;&nbsp;&nbsp;timerCalculateTimer
<LI><a href="#[154]">&gt;&gt;</a>&nbsp;&nbsp;&nbsp;st25r3911WriteTestRegister
<LI><a href="#[18a]">&gt;&gt;</a>&nbsp;&nbsp;&nbsp;st25r3911WriteFifo
<LI><a href="#[14f]">&gt;&gt;</a>&nbsp;&nbsp;&nbsp;rfalIsGTExpired
<LI><a href="#[153]">&gt;&gt;</a>&nbsp;&nbsp;&nbsp;rfalPrepareTransceive
<LI><a href="#[135]">&gt;&gt;</a>&nbsp;&nbsp;&nbsp;rfalCleanupTransceive
</UL>
<BR>[Called By]<UL><LI><a href="#[5e]">&gt;&gt;</a>&nbsp;&nbsp;&nbsp;rfalWorker
</UL>

<P><STRONG><a name="[c0]"></a>_printf_core</STRONG> (Thumb, 436 bytes, Stack size 96 bytes, printf3.o(i._printf_core), UNUSED)
<BR><BR>[Calls]<UL><LI><a href="#[c1]">&gt;&gt;</a>&nbsp;&nbsp;&nbsp;__aeabi_uidivmod
</UL>
<BR>[Called By]<UL><LI><a href="#[bf]">&gt;&gt;</a>&nbsp;&nbsp;&nbsp;__0printf$3
</UL>
<P>
<H3>
Undefined Global Symbols
</H3><HR></body></html>
