Archive member included to satisfy reference by file (symbol)

c:/st/stm32cubeide_1.3.0/stm32cubeide/plugins/com.st.stm32cube.ide.mcu.externaltools.gnu-tools-for-stm32.7-2018-q2-update.win32_1.0.0.201904181610/tools/bin/../lib/gcc/arm-none-eabi/7.3.1/../../../../arm-none-eabi/lib/thumb/v7e-m/fpv4-sp/hard\libc_nano.a(lib_a-errno.o)
                              Core/Src/syscalls.o (__errno)
c:/st/stm32cubeide_1.3.0/stm32cubeide/plugins/com.st.stm32cube.ide.mcu.externaltools.gnu-tools-for-stm32.7-2018-q2-update.win32_1.0.0.201904181610/tools/bin/../lib/gcc/arm-none-eabi/7.3.1/../../../../arm-none-eabi/lib/thumb/v7e-m/fpv4-sp/hard\libc_nano.a(lib_a-exit.o)
                              c:/st/stm32cubeide_1.3.0/stm32cubeide/plugins/com.st.stm32cube.ide.mcu.externaltools.gnu-tools-for-stm32.7-2018-q2-update.win32_1.0.0.201904181610/tools/bin/../lib/gcc/arm-none-eabi/7.3.1/../../../../arm-none-eabi/lib/thumb/v7e-m/fpv4-sp/hard/crt0.o (exit)
c:/st/stm32cubeide_1.3.0/stm32cubeide/plugins/com.st.stm32cube.ide.mcu.externaltools.gnu-tools-for-stm32.7-2018-q2-update.win32_1.0.0.201904181610/tools/bin/../lib/gcc/arm-none-eabi/7.3.1/../../../../arm-none-eabi/lib/thumb/v7e-m/fpv4-sp/hard\libc_nano.a(lib_a-impure.o)
                              c:/st/stm32cubeide_1.3.0/stm32cubeide/plugins/com.st.stm32cube.ide.mcu.externaltools.gnu-tools-for-stm32.7-2018-q2-update.win32_1.0.0.201904181610/tools/bin/../lib/gcc/arm-none-eabi/7.3.1/../../../../arm-none-eabi/lib/thumb/v7e-m/fpv4-sp/hard\libc_nano.a(lib_a-exit.o) (_global_impure_ptr)
c:/st/stm32cubeide_1.3.0/stm32cubeide/plugins/com.st.stm32cube.ide.mcu.externaltools.gnu-tools-for-stm32.7-2018-q2-update.win32_1.0.0.201904181610/tools/bin/../lib/gcc/arm-none-eabi/7.3.1/../../../../arm-none-eabi/lib/thumb/v7e-m/fpv4-sp/hard\libc_nano.a(lib_a-init.o)
                              c:/st/stm32cubeide_1.3.0/stm32cubeide/plugins/com.st.stm32cube.ide.mcu.externaltools.gnu-tools-for-stm32.7-2018-q2-update.win32_1.0.0.201904181610/tools/bin/../lib/gcc/arm-none-eabi/7.3.1/../../../../arm-none-eabi/lib/thumb/v7e-m/fpv4-sp/hard/crt0.o (__libc_init_array)
c:/st/stm32cubeide_1.3.0/stm32cubeide/plugins/com.st.stm32cube.ide.mcu.externaltools.gnu-tools-for-stm32.7-2018-q2-update.win32_1.0.0.201904181610/tools/bin/../lib/gcc/arm-none-eabi/7.3.1/../../../../arm-none-eabi/lib/thumb/v7e-m/fpv4-sp/hard\libc_nano.a(lib_a-malloc.o)
                              Middlewares/ST/STM32_USB_Device_Library/Class/MSC/Src/usbd_msc.o (malloc)
c:/st/stm32cubeide_1.3.0/stm32cubeide/plugins/com.st.stm32cube.ide.mcu.externaltools.gnu-tools-for-stm32.7-2018-q2-update.win32_1.0.0.201904181610/tools/bin/../lib/gcc/arm-none-eabi/7.3.1/../../../../arm-none-eabi/lib/thumb/v7e-m/fpv4-sp/hard\libc_nano.a(lib_a-memset.o)
                              c:/st/stm32cubeide_1.3.0/stm32cubeide/plugins/com.st.stm32cube.ide.mcu.externaltools.gnu-tools-for-stm32.7-2018-q2-update.win32_1.0.0.201904181610/tools/bin/../lib/gcc/arm-none-eabi/7.3.1/../../../../arm-none-eabi/lib/thumb/v7e-m/fpv4-sp/hard/crt0.o (memset)
c:/st/stm32cubeide_1.3.0/stm32cubeide/plugins/com.st.stm32cube.ide.mcu.externaltools.gnu-tools-for-stm32.7-2018-q2-update.win32_1.0.0.201904181610/tools/bin/../lib/gcc/arm-none-eabi/7.3.1/../../../../arm-none-eabi/lib/thumb/v7e-m/fpv4-sp/hard\libc_nano.a(lib_a-nano-freer.o)
                              c:/st/stm32cubeide_1.3.0/stm32cubeide/plugins/com.st.stm32cube.ide.mcu.externaltools.gnu-tools-for-stm32.7-2018-q2-update.win32_1.0.0.201904181610/tools/bin/../lib/gcc/arm-none-eabi/7.3.1/../../../../arm-none-eabi/lib/thumb/v7e-m/fpv4-sp/hard\libc_nano.a(lib_a-malloc.o) (_free_r)
c:/st/stm32cubeide_1.3.0/stm32cubeide/plugins/com.st.stm32cube.ide.mcu.externaltools.gnu-tools-for-stm32.7-2018-q2-update.win32_1.0.0.201904181610/tools/bin/../lib/gcc/arm-none-eabi/7.3.1/../../../../arm-none-eabi/lib/thumb/v7e-m/fpv4-sp/hard\libc_nano.a(lib_a-nano-mallocr.o)
                              c:/st/stm32cubeide_1.3.0/stm32cubeide/plugins/com.st.stm32cube.ide.mcu.externaltools.gnu-tools-for-stm32.7-2018-q2-update.win32_1.0.0.201904181610/tools/bin/../lib/gcc/arm-none-eabi/7.3.1/../../../../arm-none-eabi/lib/thumb/v7e-m/fpv4-sp/hard\libc_nano.a(lib_a-malloc.o) (_malloc_r)
c:/st/stm32cubeide_1.3.0/stm32cubeide/plugins/com.st.stm32cube.ide.mcu.externaltools.gnu-tools-for-stm32.7-2018-q2-update.win32_1.0.0.201904181610/tools/bin/../lib/gcc/arm-none-eabi/7.3.1/../../../../arm-none-eabi/lib/thumb/v7e-m/fpv4-sp/hard\libc_nano.a(lib_a-sbrkr.o)
                              c:/st/stm32cubeide_1.3.0/stm32cubeide/plugins/com.st.stm32cube.ide.mcu.externaltools.gnu-tools-for-stm32.7-2018-q2-update.win32_1.0.0.201904181610/tools/bin/../lib/gcc/arm-none-eabi/7.3.1/../../../../arm-none-eabi/lib/thumb/v7e-m/fpv4-sp/hard\libc_nano.a(lib_a-nano-mallocr.o) (_sbrk_r)
[...]
Memory Configuration

Name             Origin             Length             Attributes
RAM              0x0000000020000000 0x0000000000050000 xrw
FLASH            0x0000000008000000 0x0000000000180000 xr
*default*        0x0000000000000000 0xffffffffffffffff

Linker script and memory map

LOAD c:/st/stm32cubeide_1.3.0/stm32cubeide/plugins/com.st.stm32cube.ide.mcu.externaltools.gnu-tools-for-stm32.7-2018-q2-update.win32_1.0.0.201904181610/tools/bin/../lib/gcc/arm-none-eabi/7.3.1/thumb/v7e-m/fpv4-sp/hard/crti.o
LOAD c:/st/stm32cubeide_1.3.0/stm32cubeide/plugins/com.st.stm32cube.ide.mcu.externaltools.gnu-tools-for-stm32.7-2018-q2-update.win32_1.0.0.201904181610/tools/bin/../lib/gcc/arm-none-eabi/7.3.1/thumb/v7e-m/fpv4-sp/hard/crtbegin.o
LOAD c:/st/stm32cubeide_1.3.0/stm32cubeide/plugins/com.st.stm32cube.ide.mcu.externaltools.gnu-tools-for-stm32.7-2018-q2-update.win32_1.0.0.201904181610/tools/bin/../lib/gcc/arm-none-eabi/7.3.1/../../../../arm-none-eabi/lib/thumb/v7e-m/fpv4-sp/hard/crt0.o
LOAD Core/Src/main.o
LOAD Core/Src/stm32f4xx_hal_msp.o
LOAD Core/Src/stm32f4xx_it.o
LOAD Core/Src/syscalls.o
LOAD Core/Src/sysmem.o
LOAD Core/Src/system_stm32f4xx.o
LOAD Core/Startup/startup_stm32f413zhtx.o
LOAD Drivers/STM32F4xx_HAL_Driver/Src/stm32f4xx_hal.o
LOAD Drivers/STM32F4xx_HAL_Driver/Src/stm32f4xx_hal_cortex.o
LOAD Drivers/STM32F4xx_HAL_Driver/Src/stm32f4xx_hal_dma.o
LOAD Drivers/STM32F4xx_HAL_Driver/Src/stm32f4xx_hal_dma_ex.o
LOAD Drivers/STM32F4xx_HAL_Driver/Src/stm32f4xx_hal_exti.o
LOAD Drivers/STM32F4xx_HAL_Driver/Src/stm32f4xx_hal_flash.o
LOAD Drivers/STM32F4xx_HAL_Driver/Src/stm32f4xx_hal_flash_ex.o
LOAD Drivers/STM32F4xx_HAL_Driver/Src/stm32f4xx_hal_flash_ramfunc.o
LOAD Drivers/STM32F4xx_HAL_Driver/Src/stm32f4xx_hal_gpio.o
LOAD Drivers/STM32F4xx_HAL_Driver/Src/stm32f4xx_hal_pcd.o
LOAD Drivers/STM32F4xx_HAL_Driver/Src/stm32f4xx_hal_pcd_ex.o
LOAD Drivers/STM32F4xx_HAL_Driver/Src/stm32f4xx_hal_pwr.o
LOAD Drivers/STM32F4xx_HAL_Driver/Src/stm32f4xx_hal_pwr_ex.o
LOAD Drivers/STM32F4xx_HAL_Driver/Src/stm32f4xx_hal_rcc.o
LOAD Drivers/STM32F4xx_HAL_Driver/Src/stm32f4xx_hal_rcc_ex.o
LOAD Drivers/STM32F4xx_HAL_Driver/Src/stm32f4xx_hal_sd.o
LOAD Drivers/STM32F4xx_HAL_Driver/Src/stm32f4xx_hal_tim.o
LOAD Drivers/STM32F4xx_HAL_Driver/Src/stm32f4xx_hal_tim_ex.o
LOAD Drivers/STM32F4xx_HAL_Driver/Src/stm32f4xx_ll_sdmmc.o
LOAD Drivers/STM32F4xx_HAL_Driver/Src/stm32f4xx_ll_usb.o
LOAD FATFS/App/fatfs.o
LOAD FATFS/Target/bsp_driver_sd.o
LOAD FATFS/Target/sd_diskio.o
LOAD Middlewares/ST/STM32_USB_Device_Library/Class/MSC/Src/usbd_msc.o
LOAD Middlewares/ST/STM32_USB_Device_Library/Class/MSC/Src/usbd_msc_bot.o
LOAD Middlewares/ST/STM32_USB_Device_Library/Class/MSC/Src/usbd_msc_data.o
LOAD Middlewares/ST/STM32_USB_Device_Library/Class/MSC/Src/usbd_msc_scsi.o
LOAD Middlewares/ST/STM32_USB_Device_Library/Core/Src/usbd_core.o
LOAD Middlewares/ST/STM32_USB_Device_Library/Core/Src/usbd_ctlreq.o
LOAD Middlewares/ST/STM32_USB_Device_Library/Core/Src/usbd_ioreq.o
LOAD Middlewares/Third_Party/FatFs/src/diskio.o
LOAD Middlewares/Third_Party/FatFs/src/ff.o
LOAD Middlewares/Third_Party/FatFs/src/ff_gen_drv.o
LOAD Middlewares/Third_Party/FatFs/src/option/syscall.o
LOAD USB_DEVICE/App/usb_device.o
LOAD USB_DEVICE/App/usbd_desc.o
LOAD USB_DEVICE/App/usbd_storage_if.o
LOAD USB_DEVICE/Target/usbd_conf.o
START GROUP
LOAD c:/st/stm32cubeide_1.3.0/stm32cubeide/plugins/com.st.stm32cube.ide.mcu.externaltools.gnu-tools-for-stm32.7-2018-q2-update.win32_1.0.0.201904181610/tools/bin/../lib/gcc/arm-none-eabi/7.3.1/../../../../arm-none-eabi/lib/thumb/v7e-m/fpv4-sp/hard\libc_nano.a
LOAD c:/st/stm32cubeide_1.3.0/stm32cubeide/plugins/com.st.stm32cube.ide.mcu.externaltools.gnu-tools-for-stm32.7-2018-q2-update.win32_1.0.0.201904181610/tools/bin/../lib/gcc/arm-none-eabi/7.3.1/../../../../arm-none-eabi/lib/thumb/v7e-m/fpv4-sp/hard\libm.a
END GROUP
START GROUP
LOAD c:/st/stm32cubeide_1.3.0/stm32cubeide/plugins/com.st.stm32cube.ide.mcu.externaltools.gnu-tools-for-stm32.7-2018-q2-update.win32_1.0.0.201904181610/tools/bin/../lib/gcc/arm-none-eabi/7.3.1/thumb/v7e-m/fpv4-sp/hard\libgcc.a
LOAD c:/st/stm32cubeide_1.3.0/stm32cubeide/plugins/com.st.stm32cube.ide.mcu.externaltools.gnu-tools-for-stm32.7-2018-q2-update.win32_1.0.0.201904181610/tools/bin/../lib/gcc/arm-none-eabi/7.3.1/../../../../arm-none-eabi/lib/thumb/v7e-m/fpv4-sp/hard\libc_nano.a
END GROUP
START GROUP
LOAD c:/st/stm32cubeide_1.3.0/stm32cubeide/plugins/com.st.stm32cube.ide.mcu.externaltools.gnu-tools-for-stm32.7-2018-q2-update.win32_1.0.0.201904181610/tools/bin/../lib/gcc/arm-none-eabi/7.3.1/thumb/v7e-m/fpv4-sp/hard\libgcc.a
LOAD c:/st/stm32cubeide_1.3.0/stm32cubeide/plugins/com.st.stm32cube.ide.mcu.externaltools.gnu-tools-for-stm32.7-2018-q2-update.win32_1.0.0.201904181610/tools/bin/../lib/gcc/arm-none-eabi/7.3.1/../../../../arm-none-eabi/lib/thumb/v7e-m/fpv4-sp/hard\libc_nano.a
LOAD c:/st/stm32cubeide_1.3.0/stm32cubeide/plugins/com.st.stm32cube.ide.mcu.externaltools.gnu-tools-for-stm32.7-2018-q2-update.win32_1.0.0.201904181610/tools/bin/../lib/gcc/arm-none-eabi/7.3.1/../../../../arm-none-eabi/lib/thumb/v7e-m/fpv4-sp/hard\libnosys.a
END GROUP
START GROUP
LOAD c:/st/stm32cubeide_1.3.0/stm32cubeide/plugins/com.st.stm32cube.ide.mcu.externaltools.gnu-tools-for-stm32.7-2018-q2-update.win32_1.0.0.201904181610/tools/bin/../lib/gcc/arm-none-eabi/7.3.1/thumb/v7e-m/fpv4-sp/hard\libgcc.a
LOAD c:/st/stm32cubeide_1.3.0/stm32cubeide/plugins/com.st.stm32cube.ide.mcu.externaltools.gnu-tools-for-stm32.7-2018-q2-update.win32_1.0.0.201904181610/tools/bin/../lib/gcc/arm-none-eabi/7.3.1/../../../../arm-none-eabi/lib/thumb/v7e-m/fpv4-sp/hard\libc_nano.a
LOAD c:/st/stm32cubeide_1.3.0/stm32cubeide/plugins/com.st.stm32cube.ide.mcu.externaltools.gnu-tools-for-stm32.7-2018-q2-update.win32_1.0.0.201904181610/tools/bin/../lib/gcc/arm-none-eabi/7.3.1/../../../../arm-none-eabi/lib/thumb/v7e-m/fpv4-sp/hard\libnosys.a
END GROUP
LOAD c:/st/stm32cubeide_1.3.0/stm32cubeide/plugins/com.st.stm32cube.ide.mcu.externaltools.gnu-tools-for-stm32.7-2018-q2-update.win32_1.0.0.201904181610/tools/bin/../lib/gcc/arm-none-eabi/7.3.1/thumb/v7e-m/fpv4-sp/hard/crtend.o
LOAD c:/st/stm32cubeide_1.3.0/stm32cubeide/plugins/com.st.stm32cube.ide.mcu.externaltools.gnu-tools-for-stm32.7-2018-q2-update.win32_1.0.0.201904181610/tools/bin/../lib/gcc/arm-none-eabi/7.3.1/thumb/v7e-m/fpv4-sp/hard/crtn.o
                0x0000000020050000                _estack = (ORIGIN (RAM) + LENGTH (RAM))
                0x0000000000002000                _Min_Heap_Size = 0x2000
                0x0000000000001000                _Min_Stack_Size = 0x1000

.isr_vector     0x0000000008000000      0x1d8
                0x0000000008000000                . = ALIGN (0x4)
 *(.isr_vector)
 .isr_vector    0x0000000008000000      0x1d8 Core/Startup/startup_stm32f413zhtx.o
                0x0000000008000000                g_pfnVectors
                0x00000000080001d8                . = ALIGN (0x4)

.text           0x00000000080001d8     0xcd50
                0x00000000080001d8                . = ALIGN (0x4)
 *(.text)
 .text          0x00000000080001d8       0x40 c:/st/stm32cubeide_1.3.0/stm32cubeide/plugins/com.st.stm32cube.ide.mcu.externaltools.gnu-tools-for-stm32.7-2018-q2-update.win32_1.0.0.201904181610/tools/bin/../lib/gcc/arm-none-eabi/7.3.1/thumb/v7e-m/fpv4-sp/hard/crtbegin.o
 .text          0x0000000008000218      0x378 c:/st/stm32cubeide_1.3.0/stm32cubeide/plugins/com.st.stm32cube.ide.mcu.externaltools.gnu-tools-for-stm32.7-2018-q2-update.win32_1.0.0.201904181610/tools/bin/../lib/gcc/arm-none-eabi/7.3.1/thumb/v7e-m/fpv4-sp/hard\libgcc.a(_arm_addsubdf3.o)
                0x0000000008000218                __aeabi_drsub
                0x0000000008000220                __aeabi_dsub
                0x0000000008000220                __subdf3
                0x0000000008000224                __aeabi_dadd
                0x0000000008000224                __adddf3
                0x000000000800049c                __floatunsidf
                0x000000000800049c                __aeabi_ui2d
                0x00000000080004bc                __floatsidf
                0x00000000080004bc                __aeabi_i2d
                0x00000000080004e0                __aeabi_f2d
                0x00000000080004e0                __extendsfdf2
                0x0000000008000524                __floatundidf
                0x0000000008000524                __aeabi_ul2d
                0x0000000008000534                __floatdidf
                0x0000000008000534                __aeabi_l2d
 .text          0x0000000008000590      0x424 c:/st/stm32cubeide_1.3.0/stm32cubeide/plugins/com.st.stm32cube.ide.mcu.externaltools.gnu-tools-for-stm32.7-2018-q2-update.win32_1.0.0.201904181610/tools/bin/../lib/gcc/arm-none-eabi/7.3.1/thumb/v7e-m/fpv4-sp/hard\libgcc.a(_arm_muldivdf3.o)
                0x0000000008000590                __aeabi_dmul
                0x0000000008000590                __muldf3
                0x00000000080007e4                __divdf3
                0x00000000080007e4                __aeabi_ddiv
 .text          0x00000000080009b4       0x40 c:/st/stm32cubeide_1.3.0/stm32cubeide/plugins/com.st.stm32cube.ide.mcu.externaltools.gnu-tools-for-stm32.7-2018-q2-update.win32_1.0.0.201904181610/tools/bin/../lib/gcc/arm-none-eabi/7.3.1/thumb/v7e-m/fpv4-sp/hard\libgcc.a(_arm_fixunsdfsi.o)
                0x00000000080009b4                __aeabi_d2uiz
                0x00000000080009b4                __fixunsdfsi
 .text          0x00000000080009f4       0x30 c:/st/stm32cubeide_1.3.0/stm32cubeide/plugins/com.st.stm32cube.ide.mcu.externaltools.gnu-tools-for-stm32.7-2018-q2-update.win32_1.0.0.201904181610/tools/bin/../lib/gcc/arm-none-eabi/7.3.1/thumb/v7e-m/fpv4-sp/hard\libgcc.a(_aeabi_uldivmod.o)
                0x00000000080009f4                __aeabi_uldivmod
 .text          0x0000000008000a24      0x2cc c:/st/stm32cubeide_1.3.0/stm32cubeide/plugins/com.st.stm32cube.ide.mcu.externaltools.gnu-tools-for-stm32.7-2018-q2-update.win32_1.0.0.201904181610/tools/bin/../lib/gcc/arm-none-eabi/7.3.1/thumb/v7e-m/fpv4-sp/hard\libgcc.a(_udivmoddi4.o)
                0x0000000008000a24                __udivmoddi4
 .text          0x0000000008000cf0        0x4 c:/st/stm32cubeide_1.3.0/stm32cubeide/plugins/com.st.stm32cube.ide.mcu.externaltools.gnu-tools-for-stm32.7-2018-q2-update.win32_1.0.0.201904181610/tools/bin/../lib/gcc/arm-none-eabi/7.3.1/thumb/v7e-m/fpv4-sp/hard\libgcc.a(_dvmd_tls.o)
                0x0000000008000cf0                __aeabi_idiv0
                0x0000000008000cf0                __aeabi_ldiv0
 *(.text*)
 .text.bufclear
                0x0000000008000cf4       0x34 Core/Src/main.o
                0x0000000008000cf4                bufclear
 .text.main     0x0000000008000d28      0x17c Core/Src/main.o
                0x0000000008000d28                main
 .text.SystemClock_Config
                0x0000000008000ea4      0x110 Core/Src/main.o
                0x0000000008000ea4                SystemClock_Config
 .text.MX_SDIO_SD_Init
                0x0000000008000fb4       0x40 Core/Src/main.o
 .text.MX_GPIO_Init
                0x0000000008000ff4       0xbc Core/Src/main.o
 .text.Error_Handler
                0x00000000080010b0        0xe Core/Src/main.o
                0x00000000080010b0                Error_Handler
 *fill*         0x00000000080010be        0x2 
 .text.HAL_MspInit
                0x00000000080010c0       0x50 Core/Src/stm32f4xx_hal_msp.o
                0x00000000080010c0                HAL_MspInit
 .text.HAL_SD_MspInit
                0x0000000008001110      0x114 Core/Src/stm32f4xx_hal_msp.o
                0x0000000008001110                HAL_SD_MspInit
 .text.NMI_Handler
                0x0000000008001224        0xe Core/Src/stm32f4xx_it.o
                0x0000000008001224                NMI_Handler
 .text.HardFault_Handler
                0x0000000008001232        0x6 Core/Src/stm32f4xx_it.o
                0x0000000008001232                HardFault_Handler
 .text.MemManage_Handler
                0x0000000008001238        0x6 Core/Src/stm32f4xx_it.o
                0x0000000008001238                MemManage_Handler
 .text.BusFault_Handler
                0x000000000800123e        0x6 Core/Src/stm32f4xx_it.o
                0x000000000800123e                BusFault_Handler
 .text.UsageFault_Handler
                0x0000000008001244        0x6 Core/Src/stm32f4xx_it.o
                0x0000000008001244                UsageFault_Handler
 .text.SVC_Handler
                0x000000000800124a        0xe Core/Src/stm32f4xx_it.o
                0x000000000800124a                SVC_Handler
 .text.DebugMon_Handler
                0x0000000008001258        0xe Core/Src/stm32f4xx_it.o
                0x0000000008001258                DebugMon_Handler
 .text.PendSV_Handler
                0x0000000008001266        0xe Core/Src/stm32f4xx_it.o
                0x0000000008001266                PendSV_Handler
 .text.SysTick_Handler
                0x0000000008001274        0xc Core/Src/stm32f4xx_it.o
                0x0000000008001274                SysTick_Handler
 .text.OTG_FS_IRQHandler
                0x0000000008001280       0x14 Core/Src/stm32f4xx_it.o
                0x0000000008001280                OTG_FS_IRQHandler
 .text._sbrk    0x0000000008001294       0x58 Core/Src/sysmem.o
                0x0000000008001294                _sbrk
 .text.SystemInit
                0x00000000080012ec       0x2c Core/Src/system_stm32f4xx.o
                0x00000000080012ec                SystemInit
 .text.Reset_Handler
                0x0000000008001318       0x50 Core/Startup/startup_stm32f413zhtx.o
                0x0000000008001318                Reset_Handler
 .text.Default_Handler
                0x0000000008001368        0x2 Core/Startup/startup_stm32f413zhtx.o
                0x0000000008001368                RTC_Alarm_IRQHandler
                0x0000000008001368                EXTI2_IRQHandler
                0x0000000008001368                TIM8_CC_IRQHandler
                0x0000000008001368                UART8_IRQHandler
                0x0000000008001368                FMPI2C1_EV_IRQHandler
                0x0000000008001368                SPI4_IRQHandler
                0x0000000008001368                TIM1_CC_IRQHandler
                0x0000000008001368                DMA2_Stream5_IRQHandler
                0x0000000008001368                DMA1_Stream5_IRQHandler
                0x0000000008001368                CAN3_RX1_IRQHandler
                0x0000000008001368                PVD_IRQHandler
                0x0000000008001368                SDIO_IRQHandler
                0x0000000008001368                TAMP_STAMP_IRQHandler
                0x0000000008001368                CAN2_RX1_IRQHandler
                0x0000000008001368                EXTI3_IRQHandler
                0x0000000008001368                TIM8_TRG_COM_TIM14_IRQHandler
                0x0000000008001368                DFSDM1_FLT1_IRQHandler
                0x0000000008001368                TIM1_UP_TIM10_IRQHandler
                0x0000000008001368                TIM8_UP_TIM13_IRQHandler
                0x0000000008001368                I2C3_ER_IRQHandler
                0x0000000008001368                EXTI0_IRQHandler
                0x0000000008001368                I2C2_EV_IRQHandler
                0x0000000008001368                DMA1_Stream2_IRQHandler
                0x0000000008001368                CAN1_RX0_IRQHandler
                0x0000000008001368                FPU_IRQHandler
                0x0000000008001368                CAN3_SCE_IRQHandler
                0x0000000008001368                CAN2_SCE_IRQHandler
                0x0000000008001368                DMA2_Stream2_IRQHandler
                0x0000000008001368                SPI1_IRQHandler
                0x0000000008001368                TIM6_DAC_IRQHandler
                0x0000000008001368                TIM1_BRK_TIM9_IRQHandler
                0x0000000008001368                CAN2_RX0_IRQHandler
                0x0000000008001368                DMA2_Stream3_IRQHandler
                0x0000000008001368                USART6_IRQHandler
                0x0000000008001368                CAN3_RX0_IRQHandler
                0x0000000008001368                USART3_IRQHandler
                0x0000000008001368                DFSDM2_FLT3_IRQHandler
                0x0000000008001368                CAN1_RX1_IRQHandler
                0x0000000008001368                UART5_IRQHandler
                0x0000000008001368                DMA2_Stream0_IRQHandler
                0x0000000008001368                TIM4_IRQHandler
                0x0000000008001368                QUADSPI_IRQHandler
                0x0000000008001368                I2C1_EV_IRQHandler
                0x0000000008001368                DMA1_Stream6_IRQHandler
                0x0000000008001368                DMA1_Stream1_IRQHandler
                0x0000000008001368                UART4_IRQHandler
                0x0000000008001368                TIM3_IRQHandler
                0x0000000008001368                RCC_IRQHandler
                0x0000000008001368                UART9_IRQHandler
                0x0000000008001368                TIM8_BRK_TIM12_IRQHandler
                0x0000000008001368                Default_Handler
                0x0000000008001368                EXTI15_10_IRQHandler
                0x0000000008001368                ADC_IRQHandler
                0x0000000008001368                DMA1_Stream7_IRQHandler
                0x0000000008001368                DFSDM2_FLT0_IRQHandler
                0x0000000008001368                SPI5_IRQHandler
                0x0000000008001368                TIM7_IRQHandler
                0x0000000008001368                CAN2_TX_IRQHandler
                0x0000000008001368                TIM5_IRQHandler
                0x0000000008001368                DMA2_Stream7_IRQHandler
                0x0000000008001368                I2C3_EV_IRQHandler
                0x0000000008001368                DFSDM2_FLT2_IRQHandler
                0x0000000008001368                EXTI9_5_IRQHandler
                0x0000000008001368                RTC_WKUP_IRQHandler
                0x0000000008001368                SPI2_IRQHandler
                0x0000000008001368                DMA1_Stream0_IRQHandler
                0x0000000008001368                CAN1_TX_IRQHandler
                0x0000000008001368                FMPI2C1_ER_IRQHandler
                0x0000000008001368                EXTI4_IRQHandler
                0x0000000008001368                DFSDM2_FLT1_IRQHandler
                0x0000000008001368                RNG_IRQHandler
                0x0000000008001368                FSMC_IRQHandler
                0x0000000008001368                WWDG_IRQHandler
                0x0000000008001368                CAN3_TX_IRQHandler
                0x0000000008001368                TIM2_IRQHandler
                0x0000000008001368                OTG_FS_WKUP_IRQHandler
                0x0000000008001368                TIM1_TRG_COM_TIM11_IRQHandler
                0x0000000008001368                EXTI1_IRQHandler
                0x0000000008001368                UART7_IRQHandler
                0x0000000008001368                USART2_IRQHandler
                0x0000000008001368                DFSDM1_FLT0_IRQHandler
                0x0000000008001368                I2C2_ER_IRQHandler
                0x0000000008001368                DMA2_Stream1_IRQHandler
                0x0000000008001368                CAN1_SCE_IRQHandler
                0x0000000008001368                FLASH_IRQHandler
                0x0000000008001368                DMA2_Stream4_IRQHandler
                0x0000000008001368                USART1_IRQHandler
                0x0000000008001368                SPI3_IRQHandler
                0x0000000008001368                DMA1_Stream4_IRQHandler
                0x0000000008001368                I2C1_ER_IRQHandler
                0x0000000008001368                LPTIM1_IRQHandler
                0x0000000008001368                DMA2_Stream6_IRQHandler
                0x0000000008001368                UART10_IRQHandler
                0x0000000008001368                SAI1_IRQHandler
                0x0000000008001368                DMA1_Stream3_IRQHandler
 *fill*         0x000000000800136a        0x2 
 .text.HAL_Init
                0x000000000800136c       0x44 Drivers/STM32F4xx_HAL_Driver/Src/stm32f4xx_hal.o
                0x000000000800136c                HAL_Init
 .text.HAL_InitTick
                0x00000000080013b0       0x60 Drivers/STM32F4xx_HAL_Driver/Src/stm32f4xx_hal.o
                0x00000000080013b0                HAL_InitTick
 .text.HAL_IncTick
                0x0000000008001410       0x28 Drivers/STM32F4xx_HAL_Driver/Src/stm32f4xx_hal.o
                0x0000000008001410                HAL_IncTick
 .text.HAL_GetTick
                0x0000000008001438       0x18 Drivers/STM32F4xx_HAL_Driver/Src/stm32f4xx_hal.o
                0x0000000008001438                HAL_GetTick
 .text.HAL_Delay
                0x0000000008001450       0x44 Drivers/STM32F4xx_HAL_Driver/Src/stm32f4xx_hal.o
                0x0000000008001450                HAL_Delay
 .text.__NVIC_SetPriorityGrouping
                0x0000000008001494       0x48 Drivers/STM32F4xx_HAL_Driver/Src/stm32f4xx_hal_cortex.o
 .text.__NVIC_GetPriorityGrouping
                0x00000000080014dc       0x1c Drivers/STM32F4xx_HAL_Driver/Src/stm32f4xx_hal_cortex.o
 .text.__NVIC_EnableIRQ
                0x00000000080014f8       0x3c Drivers/STM32F4xx_HAL_Driver/Src/stm32f4xx_hal_cortex.o
 .text.__NVIC_SetPriority
                0x0000000008001534       0x54 Drivers/STM32F4xx_HAL_Driver/Src/stm32f4xx_hal_cortex.o
 .text.NVIC_EncodePriority
                0x0000000008001588       0x66 Drivers/STM32F4xx_HAL_Driver/Src/stm32f4xx_hal_cortex.o
 *fill*         0x00000000080015ee        0x2 
 .text.SysTick_Config
                0x00000000080015f0       0x44 Drivers/STM32F4xx_HAL_Driver/Src/stm32f4xx_hal_cortex.o
 .text.HAL_NVIC_SetPriorityGrouping
                0x0000000008001634       0x16 Drivers/STM32F4xx_HAL_Driver/Src/stm32f4xx_hal_cortex.o
                0x0000000008001634                HAL_NVIC_SetPriorityGrouping
 .text.HAL_NVIC_SetPriority
                0x000000000800164a       0x38 Drivers/STM32F4xx_HAL_Driver/Src/stm32f4xx_hal_cortex.o
                0x000000000800164a                HAL_NVIC_SetPriority
 .text.HAL_NVIC_EnableIRQ
                0x0000000008001682       0x1c Drivers/STM32F4xx_HAL_Driver/Src/stm32f4xx_hal_cortex.o
                0x0000000008001682                HAL_NVIC_EnableIRQ
 .text.HAL_SYSTICK_Config
                0x000000000800169e       0x18 Drivers/STM32F4xx_HAL_Driver/Src/stm32f4xx_hal_cortex.o
                0x000000000800169e                HAL_SYSTICK_Config
 *fill*         0x00000000080016b6        0x2 
 .text.HAL_GPIO_Init
                0x00000000080016b8      0x324 Drivers/STM32F4xx_HAL_Driver/Src/stm32f4xx_hal_gpio.o
                0x00000000080016b8                HAL_GPIO_Init
 .text.HAL_GPIO_WritePin
                0x00000000080019dc       0x32 Drivers/STM32F4xx_HAL_Driver/Src/stm32f4xx_hal_gpio.o
                0x00000000080019dc                HAL_GPIO_WritePin
 .text.HAL_PCD_Init
                0x0000000008001a0e      0x248 Drivers/STM32F4xx_HAL_Driver/Src/stm32f4xx_hal_pcd.o
                0x0000000008001a0e                HAL_PCD_Init
 .text.HAL_PCD_Start
                0x0000000008001c56       0x66 Drivers/STM32F4xx_HAL_Driver/Src/stm32f4xx_hal_pcd.o
                0x0000000008001c56                HAL_PCD_Start
 .text.HAL_PCD_IRQHandler
                0x0000000008001cbc      0x7be Drivers/STM32F4xx_HAL_Driver/Src/stm32f4xx_hal_pcd.o
                0x0000000008001cbc                HAL_PCD_IRQHandler
 .text.HAL_PCD_SetAddress
                0x000000000800247a       0x4a Drivers/STM32F4xx_HAL_Driver/Src/stm32f4xx_hal_pcd.o
                0x000000000800247a                HAL_PCD_SetAddress
 .text.HAL_PCD_EP_Open
                0x00000000080024c4       0xd0 Drivers/STM32F4xx_HAL_Driver/Src/stm32f4xx_hal_pcd.o
                0x00000000080024c4                HAL_PCD_EP_Open
 .text.HAL_PCD_EP_Close
                0x0000000008002594       0x94 Drivers/STM32F4xx_HAL_Driver/Src/stm32f4xx_hal_pcd.o
                0x0000000008002594                HAL_PCD_EP_Close
 .text.HAL_PCD_EP_Receive
                0x0000000008002628       0x96 Drivers/STM32F4xx_HAL_Driver/Src/stm32f4xx_hal_pcd.o
                0x0000000008002628                HAL_PCD_EP_Receive
 .text.HAL_PCD_EP_GetRxCount
                0x00000000080026be       0x30 Drivers/STM32F4xx_HAL_Driver/Src/stm32f4xx_hal_pcd.o
                0x00000000080026be                HAL_PCD_EP_GetRxCount
 .text.HAL_PCD_EP_Transmit
                0x00000000080026ee       0x94 Drivers/STM32F4xx_HAL_Driver/Src/stm32f4xx_hal_pcd.o
                0x00000000080026ee                HAL_PCD_EP_Transmit
 .text.HAL_PCD_EP_SetStall
                0x0000000008002782       0xc8 Drivers/STM32F4xx_HAL_Driver/Src/stm32f4xx_hal_pcd.o
                0x0000000008002782                HAL_PCD_EP_SetStall
 .text.HAL_PCD_EP_ClrStall
                0x000000000800284a       0xac Drivers/STM32F4xx_HAL_Driver/Src/stm32f4xx_hal_pcd.o
                0x000000000800284a                HAL_PCD_EP_ClrStall
 .text.HAL_PCD_EP_Flush
                0x00000000080028f6       0x5a Drivers/STM32F4xx_HAL_Driver/Src/stm32f4xx_hal_pcd.o
                0x00000000080028f6                HAL_PCD_EP_Flush
 .text.PCD_WriteEmptyTxFifo
                0x0000000008002950      0x11a Drivers/STM32F4xx_HAL_Driver/Src/stm32f4xx_hal_pcd.o
 *fill*         0x0000000008002a6a        0x2 
 .text.PCD_EP_OutXfrComplete_int
                0x0000000008002a6c      0x218 Drivers/STM32F4xx_HAL_Driver/Src/stm32f4xx_hal_pcd.o
 .text.PCD_EP_OutSetupPacket_int
                0x0000000008002c84       0x8c Drivers/STM32F4xx_HAL_Driver/Src/stm32f4xx_hal_pcd.o
 .text.HAL_PCDEx_SetTxFiFo
                0x0000000008002d10       0x8e Drivers/STM32F4xx_HAL_Driver/Src/stm32f4xx_hal_pcd_ex.o
                0x0000000008002d10                HAL_PCDEx_SetTxFiFo
 .text.HAL_PCDEx_SetRxFiFo
                0x0000000008002d9e       0x22 Drivers/STM32F4xx_HAL_Driver/Src/stm32f4xx_hal_pcd_ex.o
                0x0000000008002d9e                HAL_PCDEx_SetRxFiFo
 .text.HAL_PCDEx_ActivateLPM
                0x0000000008002dc0       0x48 Drivers/STM32F4xx_HAL_Driver/Src/stm32f4xx_hal_pcd_ex.o
                0x0000000008002dc0                HAL_PCDEx_ActivateLPM
 .text.HAL_PCDEx_LPM_Callback
                0x0000000008002e08       0x18 Drivers/STM32F4xx_HAL_Driver/Src/stm32f4xx_hal_pcd_ex.o
                0x0000000008002e08                HAL_PCDEx_LPM_Callback
 .text.HAL_RCC_ClockConfig
                0x0000000008002e20      0x1cc Drivers/STM32F4xx_HAL_Driver/Src/stm32f4xx_hal_rcc.o
                0x0000000008002e20                HAL_RCC_ClockConfig
 .text.HAL_RCC_GetSysClockFreq
                0x0000000008002fec      0x1b0 Drivers/STM32F4xx_HAL_Driver/Src/stm32f4xx_hal_rcc.o
                0x0000000008002fec                HAL_RCC_GetSysClockFreq
 .text.HAL_RCC_GetHCLKFreq
                0x000000000800319c       0x18 Drivers/STM32F4xx_HAL_Driver/Src/stm32f4xx_hal_rcc.o
                0x000000000800319c                HAL_RCC_GetHCLKFreq
 .text.HAL_RCCEx_PeriphCLKConfig
                0x00000000080031b4      0x518 Drivers/STM32F4xx_HAL_Driver/Src/stm32f4xx_hal_rcc_ex.o
                0x00000000080031b4                HAL_RCCEx_PeriphCLKConfig
 .text.HAL_RCC_OscConfig
                0x00000000080036cc      0x484 Drivers/STM32F4xx_HAL_Driver/Src/stm32f4xx_hal_rcc_ex.o
                0x00000000080036cc                HAL_RCC_OscConfig
 .text.HAL_SD_Init
                0x0000000008003b50       0x60 Drivers/STM32F4xx_HAL_Driver/Src/stm32f4xx_hal_sd.o
                0x0000000008003b50                HAL_SD_Init
 .text.HAL_SD_InitCard
                0x0000000008003bb0       0xc0 Drivers/STM32F4xx_HAL_Driver/Src/stm32f4xx_hal_sd.o
                0x0000000008003bb0                HAL_SD_InitCard
 .text.HAL_SD_ReadBlocks
                0x0000000008003c70      0x3f0 Drivers/STM32F4xx_HAL_Driver/Src/stm32f4xx_hal_sd.o
                0x0000000008003c70                HAL_SD_ReadBlocks
 .text.HAL_SD_WriteBlocks
                0x0000000008004060      0x340 Drivers/STM32F4xx_HAL_Driver/Src/stm32f4xx_hal_sd.o
                0x0000000008004060                HAL_SD_WriteBlocks
 .text.HAL_SD_GetCardCSD
                0x00000000080043a0      0x348 Drivers/STM32F4xx_HAL_Driver/Src/stm32f4xx_hal_sd.o
                0x00000000080043a0                HAL_SD_GetCardCSD
 .text.HAL_SD_GetCardInfo
                0x00000000080046e8       0x58 Drivers/STM32F4xx_HAL_Driver/Src/stm32f4xx_hal_sd.o
                0x00000000080046e8                HAL_SD_GetCardInfo
 .text.HAL_SD_ConfigWideBusOperation
                0x0000000008004740       0xf8 Drivers/STM32F4xx_HAL_Driver/Src/stm32f4xx_hal_sd.o
                0x0000000008004740                HAL_SD_ConfigWideBusOperation
 .text.HAL_SD_GetCardState
                0x0000000008004838       0x40 Drivers/STM32F4xx_HAL_Driver/Src/stm32f4xx_hal_sd.o
                0x0000000008004838                HAL_SD_GetCardState
 .text.SD_InitCard
                0x0000000008004878      0x19a Drivers/STM32F4xx_HAL_Driver/Src/stm32f4xx_hal_sd.o
 *fill*         0x0000000008004a12        0x2 
 .text.SD_PowerON
                0x0000000008004a14      0x11c Drivers/STM32F4xx_HAL_Driver/Src/stm32f4xx_hal_sd.o
 .text.SD_SendStatus
                0x0000000008004b30       0x50 Drivers/STM32F4xx_HAL_Driver/Src/stm32f4xx_hal_sd.o
 .text.SD_WideBus_Enable
                0x0000000008004b80       0x96 Drivers/STM32F4xx_HAL_Driver/Src/stm32f4xx_hal_sd.o
 .text.SD_WideBus_Disable
                0x0000000008004c16       0x96 Drivers/STM32F4xx_HAL_Driver/Src/stm32f4xx_hal_sd.o
 .text.SD_FindSCR
                0x0000000008004cac      0x194 Drivers/STM32F4xx_HAL_Driver/Src/stm32f4xx_hal_sd.o
 .text.SDIO_Init
                0x0000000008004e40       0x56 Drivers/STM32F4xx_HAL_Driver/Src/stm32f4xx_ll_sdmmc.o
                0x0000000008004e40                SDIO_Init
 .text.SDIO_ReadFIFO
                0x0000000008004e96       0x1a Drivers/STM32F4xx_HAL_Driver/Src/stm32f4xx_ll_sdmmc.o
                0x0000000008004e96                SDIO_ReadFIFO
 .text.SDIO_WriteFIFO
                0x0000000008004eb0       0x22 Drivers/STM32F4xx_HAL_Driver/Src/stm32f4xx_ll_sdmmc.o
                0x0000000008004eb0                SDIO_WriteFIFO
 .text.SDIO_PowerState_ON
                0x0000000008004ed2       0x1e Drivers/STM32F4xx_HAL_Driver/Src/stm32f4xx_ll_sdmmc.o
                0x0000000008004ed2                SDIO_PowerState_ON
 .text.SDIO_GetPowerState
                0x0000000008004ef0       0x1c Drivers/STM32F4xx_HAL_Driver/Src/stm32f4xx_ll_sdmmc.o
                0x0000000008004ef0                SDIO_GetPowerState
 .text.SDIO_SendCommand
                0x0000000008004f0c       0x54 Drivers/STM32F4xx_HAL_Driver/Src/stm32f4xx_ll_sdmmc.o
                0x0000000008004f0c                SDIO_SendCommand
 .text.SDIO_GetCommandResponse
                0x0000000008004f60       0x1a Drivers/STM32F4xx_HAL_Driver/Src/stm32f4xx_ll_sdmmc.o
                0x0000000008004f60                SDIO_GetCommandResponse
 .text.SDIO_GetResponse
                0x0000000008004f7a       0x26 Drivers/STM32F4xx_HAL_Driver/Src/stm32f4xx_ll_sdmmc.o
                0x0000000008004f7a                SDIO_GetResponse
 .text.SDIO_ConfigData
                0x0000000008004fa0       0x58 Drivers/STM32F4xx_HAL_Driver/Src/stm32f4xx_ll_sdmmc.o
                0x0000000008004fa0                SDIO_ConfigData
 .text.SDMMC_CmdBlockLength
                0x0000000008004ff8       0x44 Drivers/STM32F4xx_HAL_Driver/Src/stm32f4xx_ll_sdmmc.o
                0x0000000008004ff8                SDMMC_CmdBlockLength
 .text.SDMMC_CmdReadSingleBlock
                0x000000000800503c       0x44 Drivers/STM32F4xx_HAL_Driver/Src/stm32f4xx_ll_sdmmc.o
                0x000000000800503c                SDMMC_CmdReadSingleBlock
 .text.SDMMC_CmdReadMultiBlock
                0x0000000008005080       0x44 Drivers/STM32F4xx_HAL_Driver/Src/stm32f4xx_ll_sdmmc.o
                0x0000000008005080                SDMMC_CmdReadMultiBlock
 .text.SDMMC_CmdWriteSingleBlock
                0x00000000080050c4       0x44 Drivers/STM32F4xx_HAL_Driver/Src/stm32f4xx_ll_sdmmc.o
                0x00000000080050c4                SDMMC_CmdWriteSingleBlock
 .text.SDMMC_CmdWriteMultiBlock
                0x0000000008005108       0x44 Drivers/STM32F4xx_HAL_Driver/Src/stm32f4xx_ll_sdmmc.o
                0x0000000008005108                SDMMC_CmdWriteMultiBlock
 .text.SDMMC_CmdStopTransfer
                0x000000000800514c       0x44 Drivers/STM32F4xx_HAL_Driver/Src/stm32f4xx_ll_sdmmc.o
                0x000000000800514c                SDMMC_CmdStopTransfer
 .text.SDMMC_CmdSelDesel
                0x0000000008005190       0x46 Drivers/STM32F4xx_HAL_Driver/Src/stm32f4xx_ll_sdmmc.o
                0x0000000008005190                SDMMC_CmdSelDesel
 .text.SDMMC_CmdGoIdleState
                0x00000000080051d6       0x3c Drivers/STM32F4xx_HAL_Driver/Src/stm32f4xx_ll_sdmmc.o
                0x00000000080051d6                SDMMC_CmdGoIdleState
 .text.SDMMC_CmdOperCond
                0x0000000008005212       0x3e Drivers/STM32F4xx_HAL_Driver/Src/stm32f4xx_ll_sdmmc.o
                0x0000000008005212                SDMMC_CmdOperCond
 .text.SDMMC_CmdAppCommand
                0x0000000008005250       0x44 Drivers/STM32F4xx_HAL_Driver/Src/stm32f4xx_ll_sdmmc.o
                0x0000000008005250                SDMMC_CmdAppCommand
 .text.SDMMC_CmdAppOperCommand
                0x0000000008005294       0x46 Drivers/STM32F4xx_HAL_Driver/Src/stm32f4xx_ll_sdmmc.o
                0x0000000008005294                SDMMC_CmdAppOperCommand
 .text.SDMMC_CmdBusWidth
                0x00000000080052da       0x44 Drivers/STM32F4xx_HAL_Driver/Src/stm32f4xx_ll_sdmmc.o
                0x00000000080052da                SDMMC_CmdBusWidth
 .text.SDMMC_CmdSendSCR
                0x000000000800531e       0x42 Drivers/STM32F4xx_HAL_Driver/Src/stm32f4xx_ll_sdmmc.o
                0x000000000800531e                SDMMC_CmdSendSCR
 .text.SDMMC_CmdSendCID
                0x0000000008005360       0x3c Drivers/STM32F4xx_HAL_Driver/Src/stm32f4xx_ll_sdmmc.o
                0x0000000008005360                SDMMC_CmdSendCID
 .text.SDMMC_CmdSendCSD
                0x000000000800539c       0x3e Drivers/STM32F4xx_HAL_Driver/Src/stm32f4xx_ll_sdmmc.o
                0x000000000800539c                SDMMC_CmdSendCSD
 .text.SDMMC_CmdSetRelAdd
                0x00000000080053da       0x42 Drivers/STM32F4xx_HAL_Driver/Src/stm32f4xx_ll_sdmmc.o
                0x00000000080053da                SDMMC_CmdSetRelAdd
 .text.SDMMC_CmdSendStatus
                0x000000000800541c       0x44 Drivers/STM32F4xx_HAL_Driver/Src/stm32f4xx_ll_sdmmc.o
                0x000000000800541c                SDMMC_CmdSendStatus
 .text.SDMMC_GetCmdError
                0x0000000008005460       0x50 Drivers/STM32F4xx_HAL_Driver/Src/stm32f4xx_ll_sdmmc.o
 .text.SDMMC_GetCmdResp1
                0x00000000080054b0      0x1d8 Drivers/STM32F4xx_HAL_Driver/Src/stm32f4xx_ll_sdmmc.o
 .text.SDMMC_GetCmdResp2
                0x0000000008005688       0x8c Drivers/STM32F4xx_HAL_Driver/Src/stm32f4xx_ll_sdmmc.o
 .text.SDMMC_GetCmdResp3
                0x0000000008005714       0x74 Drivers/STM32F4xx_HAL_Driver/Src/stm32f4xx_ll_sdmmc.o
 .text.SDMMC_GetCmdResp6
                0x0000000008005788       0xe8 Drivers/STM32F4xx_HAL_Driver/Src/stm32f4xx_ll_sdmmc.o
 .text.SDMMC_GetCmdResp7
                0x0000000008005870       0x98 Drivers/STM32F4xx_HAL_Driver/Src/stm32f4xx_ll_sdmmc.o
 .text.USB_CoreInit
                0x0000000008005908       0xc2 Drivers/STM32F4xx_HAL_Driver/Src/stm32f4xx_ll_usb.o
                0x0000000008005908                USB_CoreInit
 *fill*         0x00000000080059ca        0x2 
 .text.USB_SetTurnaroundTime
                0x00000000080059cc      0x144 Drivers/STM32F4xx_HAL_Driver/Src/stm32f4xx_ll_usb.o
                0x00000000080059cc                USB_SetTurnaroundTime
 .text.USB_EnableGlobalInt
                0x0000000008005b10       0x22 Drivers/STM32F4xx_HAL_Driver/Src/stm32f4xx_ll_usb.o
                0x0000000008005b10                USB_EnableGlobalInt
 .text.USB_DisableGlobalInt
                0x0000000008005b32       0x22 Drivers/STM32F4xx_HAL_Driver/Src/stm32f4xx_ll_usb.o
                0x0000000008005b32                USB_DisableGlobalInt
 .text.USB_SetCurrentMode
                0x0000000008005b54       0x54 Drivers/STM32F4xx_HAL_Driver/Src/stm32f4xx_ll_usb.o
                0x0000000008005b54                USB_SetCurrentMode
 .text.USB_DevInit
                0x0000000008005ba8      0x2bc Drivers/STM32F4xx_HAL_Driver/Src/stm32f4xx_ll_usb.o
                0x0000000008005ba8                USB_DevInit
 .text.USB_FlushTxFifo
                0x0000000008005e64       0x4c Drivers/STM32F4xx_HAL_Driver/Src/stm32f4xx_ll_usb.o
                0x0000000008005e64                USB_FlushTxFifo
 .text.USB_FlushRxFifo
                0x0000000008005eb0       0x44 Drivers/STM32F4xx_HAL_Driver/Src/stm32f4xx_ll_usb.o
                0x0000000008005eb0                USB_FlushRxFifo
 .text.USB_SetDevSpeed
                0x0000000008005ef4       0x32 Drivers/STM32F4xx_HAL_Driver/Src/stm32f4xx_ll_usb.o
                0x0000000008005ef4                USB_SetDevSpeed
 .text.USB_GetDevSpeed
                0x0000000008005f26       0x4a Drivers/STM32F4xx_HAL_Driver/Src/stm32f4xx_ll_usb.o
                0x0000000008005f26                USB_GetDevSpeed
 .text.USB_ActivateEndpoint
                0x0000000008005f70      0x10e Drivers/STM32F4xx_HAL_Driver/Src/stm32f4xx_ll_usb.o
                0x0000000008005f70                USB_ActivateEndpoint
 *fill*         0x000000000800607e        0x2 
 .text.USB_DeactivateEndpoint
                0x0000000008006080      0x1b8 Drivers/STM32F4xx_HAL_Driver/Src/stm32f4xx_ll_usb.o
                0x0000000008006080                USB_DeactivateEndpoint
 .text.USB_EPStartXfer
                0x0000000008006238      0x488 Drivers/STM32F4xx_HAL_Driver/Src/stm32f4xx_ll_usb.o
                0x0000000008006238                USB_EPStartXfer
 .text.USB_EP0StartXfer
                0x00000000080066c0      0x2a6 Drivers/STM32F4xx_HAL_Driver/Src/stm32f4xx_ll_usb.o
                0x00000000080066c0                USB_EP0StartXfer
 .text.USB_WritePacket
                0x0000000008006966       0x6a Drivers/STM32F4xx_HAL_Driver/Src/stm32f4xx_ll_usb.o
                0x0000000008006966                USB_WritePacket
 .text.USB_ReadPacket
                0x00000000080069d0       0x52 Drivers/STM32F4xx_HAL_Driver/Src/stm32f4xx_ll_usb.o
                0x00000000080069d0                USB_ReadPacket
 .text.USB_EPSetStall
                0x0000000008006a22       0xdc Drivers/STM32F4xx_HAL_Driver/Src/stm32f4xx_ll_usb.o
                0x0000000008006a22                USB_EPSetStall
 .text.USB_EPClearStall
                0x0000000008006afe       0xcc Drivers/STM32F4xx_HAL_Driver/Src/stm32f4xx_ll_usb.o
                0x0000000008006afe                USB_EPClearStall
 .text.USB_SetDevAddress
                0x0000000008006bca       0x4c Drivers/STM32F4xx_HAL_Driver/Src/stm32f4xx_ll_usb.o
                0x0000000008006bca                USB_SetDevAddress
 .text.USB_DevConnect
                0x0000000008006c16       0x30 Drivers/STM32F4xx_HAL_Driver/Src/stm32f4xx_ll_usb.o
                0x0000000008006c16                USB_DevConnect
 .text.USB_DevDisconnect
                0x0000000008006c46       0x30 Drivers/STM32F4xx_HAL_Driver/Src/stm32f4xx_ll_usb.o
                0x0000000008006c46                USB_DevDisconnect
 .text.USB_ReadInterrupts
                0x0000000008006c76       0x26 Drivers/STM32F4xx_HAL_Driver/Src/stm32f4xx_ll_usb.o
                0x0000000008006c76                USB_ReadInterrupts
 .text.USB_ReadDevAllOutEpInterrupt
                0x0000000008006c9c       0x34 Drivers/STM32F4xx_HAL_Driver/Src/stm32f4xx_ll_usb.o
                0x0000000008006c9c                USB_ReadDevAllOutEpInterrupt
 .text.USB_ReadDevAllInEpInterrupt
                0x0000000008006cd0       0x34 Drivers/STM32F4xx_HAL_Driver/Src/stm32f4xx_ll_usb.o
                0x0000000008006cd0                USB_ReadDevAllInEpInterrupt
 .text.USB_ReadDevOutEPInterrupt
                0x0000000008006d04       0x3c Drivers/STM32F4xx_HAL_Driver/Src/stm32f4xx_ll_usb.o
                0x0000000008006d04                USB_ReadDevOutEPInterrupt
 .text.USB_ReadDevInEPInterrupt
                0x0000000008006d40       0x5c Drivers/STM32F4xx_HAL_Driver/Src/stm32f4xx_ll_usb.o
                0x0000000008006d40                USB_ReadDevInEPInterrupt
 .text.USB_GetMode
                0x0000000008006d9c       0x1c Drivers/STM32F4xx_HAL_Driver/Src/stm32f4xx_ll_usb.o
                0x0000000008006d9c                USB_GetMode
 .text.USB_ActivateSetup
                0x0000000008006db8       0x46 Drivers/STM32F4xx_HAL_Driver/Src/stm32f4xx_ll_usb.o
                0x0000000008006db8                USB_ActivateSetup
 *fill*         0x0000000008006dfe        0x2 
 .text.USB_EP0_OutStart
                0x0000000008006e00       0xbc Drivers/STM32F4xx_HAL_Driver/Src/stm32f4xx_ll_usb.o
                0x0000000008006e00                USB_EP0_OutStart
 .text.USB_CoreReset
                0x0000000008006ebc       0x68 Drivers/STM32F4xx_HAL_Driver/Src/stm32f4xx_ll_usb.o
 .text.MX_FATFS_Init
                0x0000000008006f24       0x24 FATFS/App/fatfs.o
                0x0000000008006f24                MX_FATFS_Init
 .text.get_fattime
                0x0000000008006f48       0x10 FATFS/App/fatfs.o
                0x0000000008006f48                get_fattime
 .text.BSP_SD_Init
                0x0000000008006f58       0x48 FATFS/Target/bsp_driver_sd.o
                0x0000000008006f58                BSP_SD_Init
 .text.BSP_SD_ReadBlocks
                0x0000000008006fa0       0x3c FATFS/Target/bsp_driver_sd.o
                0x0000000008006fa0                BSP_SD_ReadBlocks
 .text.BSP_SD_WriteBlocks
                0x0000000008006fdc       0x3c FATFS/Target/bsp_driver_sd.o
                0x0000000008006fdc                BSP_SD_WriteBlocks
 .text.BSP_SD_GetCardState
                0x0000000008007018       0x20 FATFS/Target/bsp_driver_sd.o
                0x0000000008007018                BSP_SD_GetCardState
 .text.BSP_SD_GetCardInfo
                0x0000000008007038       0x1c FATFS/Target/bsp_driver_sd.o
                0x0000000008007038                BSP_SD_GetCardInfo
 .text.BSP_SD_IsDetected
                0x0000000008007054       0x1a FATFS/Target/bsp_driver_sd.o
                0x0000000008007054                BSP_SD_IsDetected
 *fill*         0x000000000800706e        0x2 
 .text.SD_CheckStatus
                0x0000000008007070       0x3c FATFS/Target/sd_diskio.o
 .text.SD_initialize
                0x00000000080070ac       0x3c FATFS/Target/sd_diskio.o
                0x00000000080070ac                SD_initialize
 .text.SD_status
                0x00000000080070e8       0x1c FATFS/Target/sd_diskio.o
                0x00000000080070e8                SD_status
 .text.SD_read  0x0000000008007104       0x42 FATFS/Target/sd_diskio.o
                0x0000000008007104                SD_read
 .text.SD_write
                0x0000000008007146       0x42 FATFS/Target/sd_diskio.o
                0x0000000008007146                SD_write
 .text.SD_ioctl
                0x0000000008007188       0xb0 FATFS/Target/sd_diskio.o
                0x0000000008007188                SD_ioctl
 .text.USBD_MSC_Init
                0x0000000008007238       0x9c Middlewares/ST/STM32_USB_Device_Library/Class/MSC/Src/usbd_msc.o
                0x0000000008007238                USBD_MSC_Init
 .text.USBD_MSC_DeInit
                0x00000000080072d4       0x58 Middlewares/ST/STM32_USB_Device_Library/Class/MSC/Src/usbd_msc.o
                0x00000000080072d4                USBD_MSC_DeInit
 .text.USBD_MSC_Setup
                0x000000000800732c      0x1d0 Middlewares/ST/STM32_USB_Device_Library/Class/MSC/Src/usbd_msc.o
                0x000000000800732c                USBD_MSC_Setup
 .text.USBD_MSC_DataIn
                0x00000000080074fc       0x20 Middlewares/ST/STM32_USB_Device_Library/Class/MSC/Src/usbd_msc.o
                0x00000000080074fc                USBD_MSC_DataIn
 .text.USBD_MSC_DataOut
                0x000000000800751c       0x20 Middlewares/ST/STM32_USB_Device_Library/Class/MSC/Src/usbd_msc.o
                0x000000000800751c                USBD_MSC_DataOut
 .text.USBD_MSC_GetHSCfgDesc
                0x000000000800753c       0x20 Middlewares/ST/STM32_USB_Device_Library/Class/MSC/Src/usbd_msc.o
                0x000000000800753c                USBD_MSC_GetHSCfgDesc
 .text.USBD_MSC_GetFSCfgDesc
                0x000000000800755c       0x20 Middlewares/ST/STM32_USB_Device_Library/Class/MSC/Src/usbd_msc.o
                0x000000000800755c                USBD_MSC_GetFSCfgDesc
 .text.USBD_MSC_GetOtherSpeedCfgDesc
                0x000000000800757c       0x20 Middlewares/ST/STM32_USB_Device_Library/Class/MSC/Src/usbd_msc.o
                0x000000000800757c                USBD_MSC_GetOtherSpeedCfgDesc
 .text.USBD_MSC_GetDeviceQualifierDescriptor
                0x000000000800759c       0x20 Middlewares/ST/STM32_USB_Device_Library/Class/MSC/Src/usbd_msc.o
                0x000000000800759c                USBD_MSC_GetDeviceQualifierDescriptor
 .text.USBD_MSC_RegisterStorage
                0x00000000080075bc       0x2a Middlewares/ST/STM32_USB_Device_Library/Class/MSC/Src/usbd_msc.o
                0x00000000080075bc                USBD_MSC_RegisterStorage
 .text.MSC_BOT_Init
                0x00000000080075e6       0x68 Middlewares/ST/STM32_USB_Device_Library/Class/MSC/Src/usbd_msc_bot.o
                0x00000000080075e6                MSC_BOT_Init
 .text.MSC_BOT_Reset
                0x000000000800764e       0x44 Middlewares/ST/STM32_USB_Device_Library/Class/MSC/Src/usbd_msc_bot.o
                0x000000000800764e                MSC_BOT_Reset
 .text.MSC_BOT_DeInit
                0x0000000008007692       0x22 Middlewares/ST/STM32_USB_Device_Library/Class/MSC/Src/usbd_msc_bot.o
                0x0000000008007692                MSC_BOT_DeInit
 .text.MSC_BOT_DataIn
                0x00000000080076b4       0x62 Middlewares/ST/STM32_USB_Device_Library/Class/MSC/Src/usbd_msc_bot.o
                0x00000000080076b4                MSC_BOT_DataIn
 .text.MSC_BOT_DataOut
                0x0000000008007716       0x56 Middlewares/ST/STM32_USB_Device_Library/Class/MSC/Src/usbd_msc_bot.o
                0x0000000008007716                MSC_BOT_DataOut
 .text.MSC_BOT_CBW_Decode
                0x000000000800776c      0x10c Middlewares/ST/STM32_USB_Device_Library/Class/MSC/Src/usbd_msc_bot.o
 .text.MSC_BOT_SendData
                0x0000000008007878       0x56 Middlewares/ST/STM32_USB_Device_Library/Class/MSC/Src/usbd_msc_bot.o
 *fill*         0x00000000080078ce        0x2 
 .text.MSC_BOT_SendCSW
                0x00000000080078d0       0x58 Middlewares/ST/STM32_USB_Device_Library/Class/MSC/Src/usbd_msc_bot.o
                0x00000000080078d0                MSC_BOT_SendCSW
 .text.MSC_BOT_Abort
                0x0000000008007928       0x5c Middlewares/ST/STM32_USB_Device_Library/Class/MSC/Src/usbd_msc_bot.o
 .text.MSC_BOT_CplClrFeature
                0x0000000008007984       0x50 Middlewares/ST/STM32_USB_Device_Library/Class/MSC/Src/usbd_msc_bot.o
                0x0000000008007984                MSC_BOT_CplClrFeature
 .text.SCSI_ProcessCmd
                0x00000000080079d4      0x19e Middlewares/ST/STM32_USB_Device_Library/Class/MSC/Src/usbd_msc_scsi.o
                0x00000000080079d4                SCSI_ProcessCmd
 .text.SCSI_TestUnitReady
                0x0000000008007b72       0x94 Middlewares/ST/STM32_USB_Device_Library/Class/MSC/Src/usbd_msc_scsi.o
 *fill*         0x0000000008007c06        0x2 
 .text.SCSI_Inquiry
                0x0000000008007c08       0xdc Middlewares/ST/STM32_USB_Device_Library/Class/MSC/Src/usbd_msc_scsi.o
 .text.SCSI_ReadCapacity10
                0x0000000008007ce4       0xde Middlewares/ST/STM32_USB_Device_Library/Class/MSC/Src/usbd_msc_scsi.o
 .text.SCSI_ReadCapacity16
                0x0000000008007dc2      0x148 Middlewares/ST/STM32_USB_Device_Library/Class/MSC/Src/usbd_msc_scsi.o
 .text.SCSI_ReadFormatCapacity
                0x0000000008007f0a       0xd8 Middlewares/ST/STM32_USB_Device_Library/Class/MSC/Src/usbd_msc_scsi.o
 *fill*         0x0000000008007fe2        0x2 
 .text.SCSI_ModeSense6
                0x0000000008007fe4       0x4c Middlewares/ST/STM32_USB_Device_Library/Class/MSC/Src/usbd_msc_scsi.o
 .text.SCSI_ModeSense10
                0x0000000008008030       0x4c Middlewares/ST/STM32_USB_Device_Library/Class/MSC/Src/usbd_msc_scsi.o
 .text.SCSI_RequestSense
                0x000000000800807c       0xf2 Middlewares/ST/STM32_USB_Device_Library/Class/MSC/Src/usbd_msc_scsi.o
 .text.SCSI_SenseCode
                0x000000000800816e       0x86 Middlewares/ST/STM32_USB_Device_Library/Class/MSC/Src/usbd_msc_scsi.o
                0x000000000800816e                SCSI_SenseCode
 .text.SCSI_StartStopUnit
                0x00000000080081f4       0x96 Middlewares/ST/STM32_USB_Device_Library/Class/MSC/Src/usbd_msc_scsi.o
 .text.SCSI_AllowPreventRemovable
                0x000000000800828a       0x46 Middlewares/ST/STM32_USB_Device_Library/Class/MSC/Src/usbd_msc_scsi.o
 .text.SCSI_Read10
                0x00000000080082d0      0x134 Middlewares/ST/STM32_USB_Device_Library/Class/MSC/Src/usbd_msc_scsi.o
 .text.SCSI_Read12
                0x0000000008008404      0x14a Middlewares/ST/STM32_USB_Device_Library/Class/MSC/Src/usbd_msc_scsi.o
 .text.SCSI_Write10
                0x000000000800854e      0x17e Middlewares/ST/STM32_USB_Device_Library/Class/MSC/Src/usbd_msc_scsi.o
 .text.SCSI_Write12
                0x00000000080086cc      0x19e Middlewares/ST/STM32_USB_Device_Library/Class/MSC/Src/usbd_msc_scsi.o
 .text.SCSI_Verify10
                0x000000000800886a       0x66 Middlewares/ST/STM32_USB_Device_Library/Class/MSC/Src/usbd_msc_scsi.o
 .text.SCSI_CheckAddressRange
                0x00000000080088d0       0x44 Middlewares/ST/STM32_USB_Device_Library/Class/MSC/Src/usbd_msc_scsi.o
 .text.SCSI_ProcessRead
                0x0000000008008914       0xe6 Middlewares/ST/STM32_USB_Device_Library/Class/MSC/Src/usbd_msc_scsi.o
 .text.SCSI_ProcessWrite
                0x00000000080089fa      0x106 Middlewares/ST/STM32_USB_Device_Library/Class/MSC/Src/usbd_msc_scsi.o
 .text.SCSI_UpdateBotData
                0x0000000008008b00       0x46 Middlewares/ST/STM32_USB_Device_Library/Class/MSC/Src/usbd_msc_scsi.o
 .text.USBD_Init
                0x0000000008008b46       0x6c Middlewares/ST/STM32_USB_Device_Library/Core/Src/usbd_core.o
                0x0000000008008b46                USBD_Init
 .text.USBD_RegisterClass
                0x0000000008008bb2       0x42 Middlewares/ST/STM32_USB_Device_Library/Core/Src/usbd_core.o
                0x0000000008008bb2                USBD_RegisterClass
 .text.USBD_Start
                0x0000000008008bf4       0x18 Middlewares/ST/STM32_USB_Device_Library/Core/Src/usbd_core.o
                0x0000000008008bf4                USBD_Start
 .text.USBD_RunTestMode
                0x0000000008008c0c       0x16 Middlewares/ST/STM32_USB_Device_Library/Core/Src/usbd_core.o
                0x0000000008008c0c                USBD_RunTestMode
 .text.USBD_SetClassConfig
                0x0000000008008c22       0x38 Middlewares/ST/STM32_USB_Device_Library/Core/Src/usbd_core.o
                0x0000000008008c22                USBD_SetClassConfig
 .text.USBD_ClrClassConfig
                0x0000000008008c5a       0x30 Middlewares/ST/STM32_USB_Device_Library/Core/Src/usbd_core.o
                0x0000000008008c5a                USBD_ClrClassConfig
 .text.USBD_LL_SetupStage
                0x0000000008008c8a       0xa6 Middlewares/ST/STM32_USB_Device_Library/Core/Src/usbd_core.o
                0x0000000008008c8a                USBD_LL_SetupStage
 .text.USBD_LL_DataOutStage
                0x0000000008008d30       0xc6 Middlewares/ST/STM32_USB_Device_Library/Core/Src/usbd_core.o
                0x0000000008008d30                USBD_LL_DataOutStage
 .text.USBD_LL_DataInStage
                0x0000000008008df6      0x12c Middlewares/ST/STM32_USB_Device_Library/Core/Src/usbd_core.o
                0x0000000008008df6                USBD_LL_DataInStage
 .text.USBD_LL_Reset
                0x0000000008008f22       0x82 Middlewares/ST/STM32_USB_Device_Library/Core/Src/usbd_core.o
                0x0000000008008f22                USBD_LL_Reset
 .text.USBD_LL_SetSpeed
                0x0000000008008fa4       0x20 Middlewares/ST/STM32_USB_Device_Library/Core/Src/usbd_core.o
                0x0000000008008fa4                USBD_LL_SetSpeed
 .text.USBD_LL_Suspend
                0x0000000008008fc4       0x2a Middlewares/ST/STM32_USB_Device_Library/Core/Src/usbd_core.o
                0x0000000008008fc4                USBD_LL_Suspend
 .text.USBD_LL_Resume
                0x0000000008008fee       0x2c Middlewares/ST/STM32_USB_Device_Library/Core/Src/usbd_core.o
                0x0000000008008fee                USBD_LL_Resume
 .text.USBD_LL_SOF
                0x000000000800901a       0x34 Middlewares/ST/STM32_USB_Device_Library/Core/Src/usbd_core.o
                0x000000000800901a                USBD_LL_SOF
 .text.USBD_LL_IsoINIncomplete
                0x000000000800904e       0x1a Middlewares/ST/STM32_USB_Device_Library/Core/Src/usbd_core.o
                0x000000000800904e                USBD_LL_IsoINIncomplete
 .text.USBD_LL_IsoOUTIncomplete
                0x0000000008009068       0x1a Middlewares/ST/STM32_USB_Device_Library/Core/Src/usbd_core.o
                0x0000000008009068                USBD_LL_IsoOUTIncomplete
 .text.USBD_LL_DevConnected
                0x0000000008009082       0x16 Middlewares/ST/STM32_USB_Device_Library/Core/Src/usbd_core.o
                0x0000000008009082                USBD_LL_DevConnected
 .text.USBD_LL_DevDisconnected
                0x0000000008009098       0x38 Middlewares/ST/STM32_USB_Device_Library/Core/Src/usbd_core.o
                0x0000000008009098                USBD_LL_DevDisconnected
 .text.SWAPBYTE
                0x00000000080090d0       0x3c Middlewares/ST/STM32_USB_Device_Library/Core/Src/usbd_ctlreq.o
 .text.USBD_StdDevReq
                0x000000000800910c       0xdc Middlewares/ST/STM32_USB_Device_Library/Core/Src/usbd_ctlreq.o
                0x000000000800910c                USBD_StdDevReq
 .text.USBD_StdItfReq
                0x00000000080091e8       0x8c Middlewares/ST/STM32_USB_Device_Library/Core/Src/usbd_ctlreq.o
                0x00000000080091e8                USBD_StdItfReq
 .text.USBD_StdEPReq
                0x0000000008009274      0x2aa Middlewares/ST/STM32_USB_Device_Library/Core/Src/usbd_ctlreq.o
                0x0000000008009274                USBD_StdEPReq
 *fill*         0x000000000800951e        0x2 
 .text.USBD_GetDescriptor
                0x0000000008009520      0x2d4 Middlewares/ST/STM32_USB_Device_Library/Core/Src/usbd_ctlreq.o
 .text.USBD_SetAddress
                0x00000000080097f4       0x84 Middlewares/ST/STM32_USB_Device_Library/Core/Src/usbd_ctlreq.o
 .text.USBD_SetConfig
                0x0000000008009878      0x148 Middlewares/ST/STM32_USB_Device_Library/Core/Src/usbd_ctlreq.o
 .text.USBD_GetConfig
                0x00000000080099c0       0x68 Middlewares/ST/STM32_USB_Device_Library/Core/Src/usbd_ctlreq.o
 .text.USBD_GetStatus
                0x0000000008009a28       0x66 Middlewares/ST/STM32_USB_Device_Library/Core/Src/usbd_ctlreq.o
 .text.USBD_SetFeature
                0x0000000008009a8e       0x28 Middlewares/ST/STM32_USB_Device_Library/Core/Src/usbd_ctlreq.o
 .text.USBD_ClrFeature
                0x0000000008009ab6       0x42 Middlewares/ST/STM32_USB_Device_Library/Core/Src/usbd_ctlreq.o
 .text.USBD_ParseSetupRequest
                0x0000000008009af8       0x74 Middlewares/ST/STM32_USB_Device_Library/Core/Src/usbd_ctlreq.o
                0x0000000008009af8                USBD_ParseSetupRequest
 .text.USBD_CtlError
                0x0000000008009b6c       0x22 Middlewares/ST/STM32_USB_Device_Library/Core/Src/usbd_ctlreq.o
                0x0000000008009b6c                USBD_CtlError
 .text.USBD_GetString
                0x0000000008009b8e       0x8c Middlewares/ST/STM32_USB_Device_Library/Core/Src/usbd_ctlreq.o
                0x0000000008009b8e                USBD_GetString
 .text.USBD_GetLen
                0x0000000008009c1a       0x34 Middlewares/ST/STM32_USB_Device_Library/Core/Src/usbd_ctlreq.o
 .text.USBD_CtlSendData
                0x0000000008009c4e       0x36 Middlewares/ST/STM32_USB_Device_Library/Core/Src/usbd_ioreq.o
                0x0000000008009c4e                USBD_CtlSendData
 .text.USBD_CtlContinueSendData
                0x0000000008009c84       0x22 Middlewares/ST/STM32_USB_Device_Library/Core/Src/usbd_ioreq.o
                0x0000000008009c84                USBD_CtlContinueSendData
 .text.USBD_CtlContinueRx
                0x0000000008009ca6       0x22 Middlewares/ST/STM32_USB_Device_Library/Core/Src/usbd_ioreq.o
                0x0000000008009ca6                USBD_CtlContinueRx
 .text.USBD_CtlSendStatus
                0x0000000008009cc8       0x26 Middlewares/ST/STM32_USB_Device_Library/Core/Src/usbd_ioreq.o
                0x0000000008009cc8                USBD_CtlSendStatus
 .text.USBD_CtlReceiveStatus
                0x0000000008009cee       0x26 Middlewares/ST/STM32_USB_Device_Library/Core/Src/usbd_ioreq.o
                0x0000000008009cee                USBD_CtlReceiveStatus
 .text.disk_status
                0x0000000008009d14       0x34 Middlewares/Third_Party/FatFs/src/diskio.o
                0x0000000008009d14                disk_status
 .text.disk_initialize
                0x0000000008009d48       0x4c Middlewares/Third_Party/FatFs/src/diskio.o
                0x0000000008009d48                disk_initialize
 .text.disk_read
                0x0000000008009d94       0x40 Middlewares/Third_Party/FatFs/src/diskio.o
                0x0000000008009d94                disk_read
 .text.disk_write
                0x0000000008009dd4       0x40 Middlewares/Third_Party/FatFs/src/diskio.o
                0x0000000008009dd4                disk_write
 .text.ld_word  0x0000000008009e14       0x30 Middlewares/Third_Party/FatFs/src/ff.o
 .text.ld_dword
                0x0000000008009e44       0x46 Middlewares/Third_Party/FatFs/src/ff.o
 .text.st_word  0x0000000008009e8a       0x36 Middlewares/Third_Party/FatFs/src/ff.o
 .text.st_dword
                0x0000000008009ec0       0x58 Middlewares/Third_Party/FatFs/src/ff.o
 .text.mem_cpy  0x0000000008009f18       0x42 Middlewares/Third_Party/FatFs/src/ff.o
 .text.mem_set  0x0000000008009f5a       0x34 Middlewares/Third_Party/FatFs/src/ff.o
 .text.mem_cmp  0x0000000008009f8e       0x4e Middlewares/Third_Party/FatFs/src/ff.o
 .text.chk_chr  0x0000000008009fdc       0x36 Middlewares/Third_Party/FatFs/src/ff.o
 *fill*         0x000000000800a012        0x2 
 .text.chk_lock
                0x000000000800a014       0xb8 Middlewares/Third_Party/FatFs/src/ff.o
 .text.enq_lock
                0x000000000800a0cc       0x44 Middlewares/Third_Party/FatFs/src/ff.o
 .text.inc_lock
                0x000000000800a110      0x11c Middlewares/Third_Party/FatFs/src/ff.o
 .text.clear_lock
                0x000000000800a22c       0x48 Middlewares/Third_Party/FatFs/src/ff.o
 .text.sync_window
                0x000000000800a274       0x88 Middlewares/Third_Party/FatFs/src/ff.o
 .text.move_window
                0x000000000800a2fc       0x5a Middlewares/Third_Party/FatFs/src/ff.o
 .text.clust2sect
                0x000000000800a356       0x3e Middlewares/Third_Party/FatFs/src/ff.o
 .text.get_fat  0x000000000800a394      0x14a Middlewares/Third_Party/FatFs/src/ff.o
 .text.put_fat  0x000000000800a4de      0x1ce Middlewares/Third_Party/FatFs/src/ff.o
 .text.remove_chain
                0x000000000800a6ac       0xca Middlewares/Third_Party/FatFs/src/ff.o
 .text.create_chain
                0x000000000800a776      0x130 Middlewares/Third_Party/FatFs/src/ff.o
 .text.clmt_clust
                0x000000000800a8a6       0x68 Middlewares/Third_Party/FatFs/src/ff.o
 .text.dir_sdi  0x000000000800a90e       0xf6 Middlewares/Third_Party/FatFs/src/ff.o
 .text.dir_next
                0x000000000800aa04      0x18a Middlewares/Third_Party/FatFs/src/ff.o
 .text.dir_alloc
                0x000000000800ab8e       0x8e Middlewares/Third_Party/FatFs/src/ff.o
 .text.ld_clust
                0x000000000800ac1c       0x3e Middlewares/Third_Party/FatFs/src/ff.o
 .text.st_clust
                0x000000000800ac5a       0x40 Middlewares/Third_Party/FatFs/src/ff.o
 .text.dir_find
                0x000000000800ac9a       0xaa Middlewares/Third_Party/FatFs/src/ff.o
 .text.dir_register
                0x000000000800ad44       0x64 Middlewares/Third_Party/FatFs/src/ff.o
 .text.create_name
                0x000000000800ada8      0x128 Middlewares/Third_Party/FatFs/src/ff.o
 .text.follow_path
                0x000000000800aed0       0xe2 Middlewares/Third_Party/FatFs/src/ff.o
 .text.get_ldnumber
                0x000000000800afb2       0x88 Middlewares/Third_Party/FatFs/src/ff.o
 *fill*         0x000000000800b03a        0x2 
 .text.check_fs
                0x000000000800b03c       0xac Middlewares/Third_Party/FatFs/src/ff.o
 .text.find_volume
                0x000000000800b0e8      0x498 Middlewares/Third_Party/FatFs/src/ff.o
 .text.validate
                0x000000000800b580       0x6a Middlewares/Third_Party/FatFs/src/ff.o
 *fill*         0x000000000800b5ea        0x2 
 .text.f_mount  0x000000000800b5ec       0x8c Middlewares/Third_Party/FatFs/src/ff.o
                0x000000000800b5ec                f_mount
 .text.f_open   0x000000000800b678      0x37c Middlewares/Third_Party/FatFs/src/ff.o
                0x000000000800b678                f_open
 .text.f_read   0x000000000800b9f4      0x27e Middlewares/Third_Party/FatFs/src/ff.o
                0x000000000800b9f4                f_read
 .text.f_write  0x000000000800bc72      0x2ea Middlewares/Third_Party/FatFs/src/ff.o
                0x000000000800bc72                f_write
 .text.f_getfree
                0x000000000800bf5c      0x16a Middlewares/Third_Party/FatFs/src/ff.o
                0x000000000800bf5c                f_getfree
 .text.f_gets   0x000000000800c0c6       0x7a Middlewares/Third_Party/FatFs/src/ff.o
                0x000000000800c0c6                f_gets
 .text.putc_bfd
                0x000000000800c140       0x7a Middlewares/Third_Party/FatFs/src/ff.o
 .text.putc_flush
                0x000000000800c1ba       0x4c Middlewares/Third_Party/FatFs/src/ff.o
 .text.putc_init
                0x000000000800c206       0x2a Middlewares/Third_Party/FatFs/src/ff.o
 .text.f_puts   0x000000000800c230       0x48 Middlewares/Third_Party/FatFs/src/ff.o
                0x000000000800c230                f_puts
 .text.FATFS_LinkDriverEx
                0x000000000800c278       0x98 Middlewares/Third_Party/FatFs/src/ff_gen_drv.o
                0x000000000800c278                FATFS_LinkDriverEx
 .text.FATFS_LinkDriver
                0x000000000800c310       0x1e Middlewares/Third_Party/FatFs/src/ff_gen_drv.o
                0x000000000800c310                FATFS_LinkDriver
 *fill*         0x000000000800c32e        0x2 
 .text.MX_USB_DEVICE_Init
                0x000000000800c330       0x60 USB_DEVICE/App/usb_device.o
                0x000000000800c330                MX_USB_DEVICE_Init
 .text.USBD_FS_DeviceDescriptor
                0x000000000800c390       0x24 USB_DEVICE/App/usbd_desc.o
                0x000000000800c390                USBD_FS_DeviceDescriptor
 .text.USBD_FS_LangIDStrDescriptor
                0x000000000800c3b4       0x24 USB_DEVICE/App/usbd_desc.o
                0x000000000800c3b4                USBD_FS_LangIDStrDescriptor
 .text.USBD_FS_ProductStrDescriptor
                0x000000000800c3d8       0x3c USB_DEVICE/App/usbd_desc.o
                0x000000000800c3d8                USBD_FS_ProductStrDescriptor
 .text.USBD_FS_ManufacturerStrDescriptor
                0x000000000800c414       0x28 USB_DEVICE/App/usbd_desc.o
                0x000000000800c414                USBD_FS_ManufacturerStrDescriptor
 .text.USBD_FS_SerialStrDescriptor
                0x000000000800c43c       0x24 USB_DEVICE/App/usbd_desc.o
                0x000000000800c43c                USBD_FS_SerialStrDescriptor
 .text.USBD_FS_ConfigStrDescriptor
                0x000000000800c460       0x3c USB_DEVICE/App/usbd_desc.o
                0x000000000800c460                USBD_FS_ConfigStrDescriptor
 .text.USBD_FS_InterfaceStrDescriptor
                0x000000000800c49c       0x3c USB_DEVICE/App/usbd_desc.o
                0x000000000800c49c                USBD_FS_InterfaceStrDescriptor
 .text.Get_SerialNum
                0x000000000800c4d8       0x58 USB_DEVICE/App/usbd_desc.o
 .text.IntToUnicode
                0x000000000800c530       0x7c USB_DEVICE/App/usbd_desc.o
 .text.STORAGE_Init_FS
                0x000000000800c5ac       0x18 USB_DEVICE/App/usbd_storage_if.o
 .text.STORAGE_GetCapacity_FS
                0x000000000800c5c4       0x44 USB_DEVICE/App/usbd_storage_if.o
 .text.STORAGE_IsReady_FS
                0x000000000800c608       0x18 USB_DEVICE/App/usbd_storage_if.o
 .text.STORAGE_IsWriteProtected_FS
                0x000000000800c620       0x18 USB_DEVICE/App/usbd_storage_if.o
 .text.STORAGE_Read_FS
                0x000000000800c638       0x34 USB_DEVICE/App/usbd_storage_if.o
 .text.STORAGE_Write_FS
                0x000000000800c66c       0x70 USB_DEVICE/App/usbd_storage_if.o
 .text.STORAGE_GetMaxLun_FS
                0x000000000800c6dc       0x10 USB_DEVICE/App/usbd_storage_if.o
 .text.HAL_PCD_MspInit
                0x000000000800c6ec       0xa8 USB_DEVICE/Target/usbd_conf.o
                0x000000000800c6ec                HAL_PCD_MspInit
 .text.HAL_PCD_SetupStageCallback
                0x000000000800c794       0x24 USB_DEVICE/Target/usbd_conf.o
                0x000000000800c794                HAL_PCD_SetupStageCallback
 .text.HAL_PCD_DataOutStageCallback
                0x000000000800c7b8       0x36 USB_DEVICE/Target/usbd_conf.o
                0x000000000800c7b8                HAL_PCD_DataOutStageCallback
 .text.HAL_PCD_DataInStageCallback
                0x000000000800c7ee       0x34 USB_DEVICE/Target/usbd_conf.o
                0x000000000800c7ee                HAL_PCD_DataInStageCallback
 .text.HAL_PCD_SOFCallback
                0x000000000800c822       0x1c USB_DEVICE/Target/usbd_conf.o
                0x000000000800c822                HAL_PCD_SOFCallback
 .text.HAL_PCD_ResetCallback
                0x000000000800c83e       0x3c USB_DEVICE/Target/usbd_conf.o
                0x000000000800c83e                HAL_PCD_ResetCallback
 *fill*         0x000000000800c87a        0x2 
 .text.HAL_PCD_SuspendCallback
                0x000000000800c87c       0x4c USB_DEVICE/Target/usbd_conf.o
                0x000000000800c87c                HAL_PCD_SuspendCallback
 .text.HAL_PCD_ResumeCallback
                0x000000000800c8c8       0x1c USB_DEVICE/Target/usbd_conf.o
                0x000000000800c8c8                HAL_PCD_ResumeCallback
 .text.HAL_PCD_ISOOUTIncompleteCallback
                0x000000000800c8e4       0x24 USB_DEVICE/Target/usbd_conf.o
                0x000000000800c8e4                HAL_PCD_ISOOUTIncompleteCallback
 .text.HAL_PCD_ISOINIncompleteCallback
                0x000000000800c908       0x24 USB_DEVICE/Target/usbd_conf.o
                0x000000000800c908                HAL_PCD_ISOINIncompleteCallback
 .text.HAL_PCD_ConnectCallback
                0x000000000800c92c       0x1c USB_DEVICE/Target/usbd_conf.o
                0x000000000800c92c                HAL_PCD_ConnectCallback
 .text.HAL_PCD_DisconnectCallback
                0x000000000800c948       0x1c USB_DEVICE/Target/usbd_conf.o
                0x000000000800c948                HAL_PCD_DisconnectCallback
 .text.USBD_LL_Init
                0x000000000800c964       0xa0 USB_DEVICE/Target/usbd_conf.o
                0x000000000800c964                USBD_LL_Init
 .text.USBD_LL_Start
                0x000000000800ca04       0x36 USB_DEVICE/Target/usbd_conf.o
                0x000000000800ca04                USBD_LL_Start
 .text.USBD_LL_OpenEP
                0x000000000800ca3a       0x4c USB_DEVICE/Target/usbd_conf.o
                0x000000000800ca3a                USBD_LL_OpenEP
 .text.USBD_LL_CloseEP
                0x000000000800ca86       0x3e USB_DEVICE/Target/usbd_conf.o
                0x000000000800ca86                USBD_LL_CloseEP
 .text.USBD_LL_FlushEP
                0x000000000800cac4       0x3e USB_DEVICE/Target/usbd_conf.o
                0x000000000800cac4                USBD_LL_FlushEP
 .text.USBD_LL_StallEP
                0x000000000800cb02       0x3e USB_DEVICE/Target/usbd_conf.o
                0x000000000800cb02                USBD_LL_StallEP
 .text.USBD_LL_ClearStallEP
                0x000000000800cb40       0x3e USB_DEVICE/Target/usbd_conf.o
                0x000000000800cb40                USBD_LL_ClearStallEP
 .text.USBD_LL_IsStallEP
                0x000000000800cb7e       0x58 USB_DEVICE/Target/usbd_conf.o
                0x000000000800cb7e                USBD_LL_IsStallEP
 .text.USBD_LL_SetUSBAddress
                0x000000000800cbd6       0x3e USB_DEVICE/Target/usbd_conf.o
                0x000000000800cbd6                USBD_LL_SetUSBAddress
 .text.USBD_LL_Transmit
                0x000000000800cc14       0x42 USB_DEVICE/Target/usbd_conf.o
                0x000000000800cc14                USBD_LL_Transmit
 .text.USBD_LL_PrepareReceive
                0x000000000800cc56       0x42 USB_DEVICE/Target/usbd_conf.o
                0x000000000800cc56                USBD_LL_PrepareReceive
 .text.USBD_LL_GetRxDataSize
                0x000000000800cc98       0x26 USB_DEVICE/Target/usbd_conf.o
                0x000000000800cc98                USBD_LL_GetRxDataSize
 *fill*         0x000000000800ccbe        0x2 
 .text.USBD_Get_USB_Status
                0x000000000800ccc0       0x58 USB_DEVICE/Target/usbd_conf.o
                0x000000000800ccc0                USBD_Get_USB_Status
 .text.__errno  0x000000000800cd18        0xc c:/st/stm32cubeide_1.3.0/stm32cubeide/plugins/com.st.stm32cube.ide.mcu.externaltools.gnu-tools-for-stm32.7-2018-q2-update.win32_1.0.0.201904181610/tools/bin/../lib/gcc/arm-none-eabi/7.3.1/../../../../arm-none-eabi/lib/thumb/v7e-m/fpv4-sp/hard\libc_nano.a(lib_a-errno.o)
                0x000000000800cd18                __errno
 .text.__libc_init_array
                0x000000000800cd24       0x48 c:/st/stm32cubeide_1.3.0/stm32cubeide/plugins/com.st.stm32cube.ide.mcu.externaltools.gnu-tools-for-stm32.7-2018-q2-update.win32_1.0.0.201904181610/tools/bin/../lib/gcc/arm-none-eabi/7.3.1/../../../../arm-none-eabi/lib/thumb/v7e-m/fpv4-sp/hard\libc_nano.a(lib_a-init.o)
                0x000000000800cd24                __libc_init_array
 .text.malloc   0x000000000800cd6c       0x10 c:/st/stm32cubeide_1.3.0/stm32cubeide/plugins/com.st.stm32cube.ide.mcu.externaltools.gnu-tools-for-stm32.7-2018-q2-update.win32_1.0.0.201904181610/tools/bin/../lib/gcc/arm-none-eabi/7.3.1/../../../../arm-none-eabi/lib/thumb/v7e-m/fpv4-sp/hard\libc_nano.a(lib_a-malloc.o)
                0x000000000800cd6c                malloc
 .text.free     0x000000000800cd7c       0x10 c:/st/stm32cubeide_1.3.0/stm32cubeide/plugins/com.st.stm32cube.ide.mcu.externaltools.gnu-tools-for-stm32.7-2018-q2-update.win32_1.0.0.201904181610/tools/bin/../lib/gcc/arm-none-eabi/7.3.1/../../../../arm-none-eabi/lib/thumb/v7e-m/fpv4-sp/hard\libc_nano.a(lib_a-malloc.o)
                0x000000000800cd7c                free
 .text.memset   0x000000000800cd8c       0x10 c:/st/stm32cubeide_1.3.0/stm32cubeide/plugins/com.st.stm32cube.ide.mcu.externaltools.gnu-tools-for-stm32.7-2018-q2-update.win32_1.0.0.201904181610/tools/bin/../lib/gcc/arm-none-eabi/7.3.1/../../../../arm-none-eabi/lib/thumb/v7e-m/fpv4-sp/hard\libc_nano.a(lib_a-memset.o)
                0x000000000800cd8c                memset
 .text._free_r  0x000000000800cd9c       0x9c c:/st/stm32cubeide_1.3.0/stm32cubeide/plugins/com.st.stm32cube.ide.mcu.externaltools.gnu-tools-for-stm32.7-2018-q2-update.win32_1.0.0.201904181610/tools/bin/../lib/gcc/arm-none-eabi/7.3.1/../../../../arm-none-eabi/lib/thumb/v7e-m/fpv4-sp/hard\libc_nano.a(lib_a-nano-freer.o)
                0x000000000800cd9c                _free_r
 .text._malloc_r
                0x000000000800ce38       0xb4 c:/st/stm32cubeide_1.3.0/stm32cubeide/plugins/com.st.stm32cube.ide.mcu.externaltools.gnu-tools-for-stm32.7-2018-q2-update.win32_1.0.0.201904181610/tools/bin/../lib/gcc/arm-none-eabi/7.3.1/../../../../arm-none-eabi/lib/thumb/v7e-m/fpv4-sp/hard\libc_nano.a(lib_a-nano-mallocr.o)
                0x000000000800ce38                _malloc_r
 .text._sbrk_r  0x000000000800ceec       0x20 c:/st/stm32cubeide_1.3.0/stm32cubeide/plugins/com.st.stm32cube.ide.mcu.externaltools.gnu-tools-for-stm32.7-2018-q2-update.win32_1.0.0.201904181610/tools/bin/../lib/gcc/arm-none-eabi/7.3.1/../../../../arm-none-eabi/lib/thumb/v7e-m/fpv4-sp/hard\libc_nano.a(lib_a-sbrkr.o)
                0x000000000800ceec                _sbrk_r
 .text.__malloc_lock
                0x000000000800cf0c        0x2 c:/st/stm32cubeide_1.3.0/stm32cubeide/plugins/com.st.stm32cube.ide.mcu.externaltools.gnu-tools-for-stm32.7-2018-q2-update.win32_1.0.0.201904181610/tools/bin/../lib/gcc/arm-none-eabi/7.3.1/../../../../arm-none-eabi/lib/thumb/v7e-m/fpv4-sp/hard\libc_nano.a(lib_a-mlock.o)
                0x000000000800cf0c                __malloc_lock
 .text.__malloc_unlock
                0x000000000800cf0e        0x2 c:/st/stm32cubeide_1.3.0/stm32cubeide/plugins/com.st.stm32cube.ide.mcu.externaltools.gnu-tools-for-stm32.7-2018-q2-update.win32_1.0.0.201904181610/tools/bin/../lib/gcc/arm-none-eabi/7.3.1/../../../../arm-none-eabi/lib/thumb/v7e-m/fpv4-sp/hard\libc_nano.a(lib_a-mlock.o)
                0x000000000800cf0e                __malloc_unlock
 *(.glue_7)
 .glue_7        0x000000000800cf10        0x0 linker stubs
 *(.glue_7t)
 .glue_7t       0x000000000800cf10        0x0 linker stubs
 *(.eh_frame)
 .eh_frame      0x000000000800cf10        0x0 c:/st/stm32cubeide_1.3.0/stm32cubeide/plugins/com.st.stm32cube.ide.mcu.externaltools.gnu-tools-for-stm32.7-2018-q2-update.win32_1.0.0.201904181610/tools/bin/../lib/gcc/arm-none-eabi/7.3.1/thumb/v7e-m/fpv4-sp/hard/crtbegin.o
 *(.init)
 .init          0x000000000800cf10        0x4 c:/st/stm32cubeide_1.3.0/stm32cubeide/plugins/com.st.stm32cube.ide.mcu.externaltools.gnu-tools-for-stm32.7-2018-q2-update.win32_1.0.0.201904181610/tools/bin/../lib/gcc/arm-none-eabi/7.3.1/thumb/v7e-m/fpv4-sp/hard/crti.o
                0x000000000800cf10                _init
 .init          0x000000000800cf14        0x8 c:/st/stm32cubeide_1.3.0/stm32cubeide/plugins/com.st.stm32cube.ide.mcu.externaltools.gnu-tools-for-stm32.7-2018-q2-update.win32_1.0.0.201904181610/tools/bin/../lib/gcc/arm-none-eabi/7.3.1/thumb/v7e-m/fpv4-sp/hard/crtn.o
 *(.fini)
 .fini          0x000000000800cf1c        0x4 c:/st/stm32cubeide_1.3.0/stm32cubeide/plugins/com.st.stm32cube.ide.mcu.externaltools.gnu-tools-for-stm32.7-2018-q2-update.win32_1.0.0.201904181610/tools/bin/../lib/gcc/arm-none-eabi/7.3.1/thumb/v7e-m/fpv4-sp/hard/crti.o
                0x000000000800cf1c                _fini
 .fini          0x000000000800cf20        0x8 c:/st/stm32cubeide_1.3.0/stm32cubeide/plugins/com.st.stm32cube.ide.mcu.externaltools.gnu-tools-for-stm32.7-2018-q2-update.win32_1.0.0.201904181610/tools/bin/../lib/gcc/arm-none-eabi/7.3.1/thumb/v7e-m/fpv4-sp/hard/crtn.o
                0x000000000800cf28                . = ALIGN (0x4)
                0x000000000800cf28                _etext = .

.vfp11_veneer   0x000000000800cf28        0x0
 .vfp11_veneer  0x000000000800cf28        0x0 linker stubs

.v4_bx          0x000000000800cf28        0x0
 .v4_bx         0x000000000800cf28        0x0 linker stubs

.iplt           0x000000000800cf28        0x0
 .iplt          0x000000000800cf28        0x0 c:/st/stm32cubeide_1.3.0/stm32cubeide/plugins/com.st.stm32cube.ide.mcu.externaltools.gnu-tools-for-stm32.7-2018-q2-update.win32_1.0.0.201904181610/tools/bin/../lib/gcc/arm-none-eabi/7.3.1/thumb/v7e-m/fpv4-sp/hard/crtbegin.o

.rodata         0x000000000800cf28      0x180
                0x000000000800cf28                . = ALIGN (0x4)
 *(.rodata)
 .rodata        0x000000000800cf28       0x2f Core/Src/main.o
 *fill*         0x000000000800cf57        0x1 
 .rodata        0x000000000800cf58       0x44 Middlewares/Third_Party/FatFs/src/ff.o
 .rodata        0x000000000800cf9c       0x42 USB_DEVICE/App/usbd_desc.o
 *(.rodata*)
 *fill*         0x000000000800cfde        0x2 
 .rodata.AHBPrescTable
                0x000000000800cfe0       0x10 Core/Src/system_stm32f4xx.o
                0x000000000800cfe0                AHBPrescTable
 .rodata.SD_Driver
                0x000000000800cff0       0x14 FATFS/Target/sd_diskio.o
                0x000000000800cff0                SD_Driver
 .rodata.ExCvt  0x000000000800d004       0x80 Middlewares/Third_Party/FatFs/src/ff.o
 .rodata.STORAGE_Inquirydata_FS
                0x000000000800d084       0x24 USB_DEVICE/App/usbd_storage_if.o
                0x000000000800d084                STORAGE_Inquirydata_FS
                0x000000000800d0a8                . = ALIGN (0x4)

.ARM.extab      0x000000000800d0a8        0x0
                0x000000000800d0a8                . = ALIGN (0x4)
 *(.ARM.extab* .gnu.linkonce.armextab.*)
                0x000000000800d0a8                . = ALIGN (0x4)

.ARM            0x000000000800d0a8        0x8
                0x000000000800d0a8                . = ALIGN (0x4)
                0x000000000800d0a8                __exidx_start = .
 *(.ARM.exidx*)
 .ARM.exidx     0x000000000800d0a8        0x8 c:/st/stm32cubeide_1.3.0/stm32cubeide/plugins/com.st.stm32cube.ide.mcu.externaltools.gnu-tools-for-stm32.7-2018-q2-update.win32_1.0.0.201904181610/tools/bin/../lib/gcc/arm-none-eabi/7.3.1/thumb/v7e-m/fpv4-sp/hard\libgcc.a(_udivmoddi4.o)
                0x000000000800d0b0                __exidx_end = .
                0x000000000800d0b0                . = ALIGN (0x4)

.rel.dyn        0x000000000800d0b0        0x0
 .rel.iplt      0x000000000800d0b0        0x0 c:/st/stm32cubeide_1.3.0/stm32cubeide/plugins/com.st.stm32cube.ide.mcu.externaltools.gnu-tools-for-stm32.7-2018-q2-update.win32_1.0.0.201904181610/tools/bin/../lib/gcc/arm-none-eabi/7.3.1/thumb/v7e-m/fpv4-sp/hard/crtbegin.o

.preinit_array  0x000000000800d0b0        0x0
                0x000000000800d0b0                . = ALIGN (0x4)
                0x000000000800d0b0                PROVIDE (__preinit_array_start = .)
 *(.preinit_array*)
                0x000000000800d0b0                PROVIDE (__preinit_array_end = .)
                0x000000000800d0b0                . = ALIGN (0x4)

.init_array     0x000000000800d0b0        0x4
                0x000000000800d0b0                . = ALIGN (0x4)
                0x000000000800d0b0                PROVIDE (__init_array_start = .)
 *(SORT_BY_NAME(.init_array.*))
 *(.init_array*)
 .init_array    0x000000000800d0b0        0x4 c:/st/stm32cubeide_1.3.0/stm32cubeide/plugins/com.st.stm32cube.ide.mcu.externaltools.gnu-tools-for-stm32.7-2018-q2-update.win32_1.0.0.201904181610/tools/bin/../lib/gcc/arm-none-eabi/7.3.1/thumb/v7e-m/fpv4-sp/hard/crtbegin.o
                0x000000000800d0b4                PROVIDE (__init_array_end = .)
                0x000000000800d0b4                . = ALIGN (0x4)

.fini_array     0x000000000800d0b4        0x4
                0x000000000800d0b4                . = ALIGN (0x4)
                [!provide]                        PROVIDE (__fini_array_start = .)
 *(SORT_BY_NAME(.fini_array.*))
 *(.fini_array*)
 .fini_array    0x000000000800d0b4        0x4 c:/st/stm32cubeide_1.3.0/stm32cubeide/plugins/com.st.stm32cube.ide.mcu.externaltools.gnu-tools-for-stm32.7-2018-q2-update.win32_1.0.0.201904181610/tools/bin/../lib/gcc/arm-none-eabi/7.3.1/thumb/v7e-m/fpv4-sp/hard/crtbegin.o
                [!provide]                        PROVIDE (__fini_array_end = .)
                0x000000000800d0b8                . = ALIGN (0x4)
                0x000000000800d0b8                _sidata = LOADADDR (.data)

.data           0x0000000020000000      0x1c8 load address 0x000000000800d0b8
                0x0000000020000000                . = ALIGN (0x4)
                0x0000000020000000                _sdata = .
 *(.data)
 *(.data*)
 .data.SystemCoreClock
                0x0000000020000000        0x4 Core/Src/system_stm32f4xx.o
                0x0000000020000000                SystemCoreClock
 .data.uwTickPrio
                0x0000000020000004        0x4 Drivers/STM32F4xx_HAL_Driver/Src/stm32f4xx_hal.o
                0x0000000020000004                uwTickPrio
 .data.uwTickFreq
                0x0000000020000008        0x1 Drivers/STM32F4xx_HAL_Driver/Src/stm32f4xx_hal.o
                0x0000000020000008                uwTickFreq
 .data.Stat     0x0000000020000009        0x1 FATFS/Target/sd_diskio.o
 *fill*         0x000000002000000a        0x2 
 .data.USBD_MSC
                0x000000002000000c       0x38 Middlewares/ST/STM32_USB_Device_Library/Class/MSC/Src/usbd_msc.o
                0x000000002000000c                USBD_MSC
 .data.USBD_MSC_CfgHSDesc
                0x0000000020000044       0x20 Middlewares/ST/STM32_USB_Device_Library/Class/MSC/Src/usbd_msc.o
 .data.USBD_MSC_CfgFSDesc
                0x0000000020000064       0x20 Middlewares/ST/STM32_USB_Device_Library/Class/MSC/Src/usbd_msc.o
 .data.USBD_MSC_OtherSpeedCfgDesc
                0x0000000020000084       0x20 Middlewares/ST/STM32_USB_Device_Library/Class/MSC/Src/usbd_msc.o
 .data.USBD_MSC_DeviceQualifierDesc
                0x00000000200000a4        0xa Middlewares/ST/STM32_USB_Device_Library/Class/MSC/Src/usbd_msc.o
 *fill*         0x00000000200000ae        0x2 
 .data.MSC_Page00_Inquiry_Data
                0x00000000200000b0        0x6 Middlewares/ST/STM32_USB_Device_Library/Class/MSC/Src/usbd_msc_data.o
                0x00000000200000b0                MSC_Page00_Inquiry_Data
 *fill*         0x00000000200000b6        0x2 
 .data.MSC_Page80_Inquiry_Data
                0x00000000200000b8        0x8 Middlewares/ST/STM32_USB_Device_Library/Class/MSC/Src/usbd_msc_data.o
                0x00000000200000b8                MSC_Page80_Inquiry_Data
 .data.MSC_Mode_Sense6_data
                0x00000000200000c0       0x17 Middlewares/ST/STM32_USB_Device_Library/Class/MSC/Src/usbd_msc_data.o
                0x00000000200000c0                MSC_Mode_Sense6_data
 *fill*         0x00000000200000d7        0x1 
 .data.MSC_Mode_Sense10_data
                0x00000000200000d8       0x1b Middlewares/ST/STM32_USB_Device_Library/Class/MSC/Src/usbd_msc_data.o
                0x00000000200000d8                MSC_Mode_Sense10_data
 *fill*         0x00000000200000f3        0x1 
 .data.FS_Desc  0x00000000200000f4       0x1c USB_DEVICE/App/usbd_desc.o
                0x00000000200000f4                FS_Desc
 .data.USBD_FS_DeviceDesc
                0x0000000020000110       0x12 USB_DEVICE/App/usbd_desc.o
                0x0000000020000110                USBD_FS_DeviceDesc
 *fill*         0x0000000020000122        0x2 
 .data.USBD_LangIDDesc
                0x0000000020000124        0x4 USB_DEVICE/App/usbd_desc.o
                0x0000000020000124                USBD_LangIDDesc
 .data.USBD_StringSerial
                0x0000000020000128       0x1a USB_DEVICE/App/usbd_desc.o
                0x0000000020000128                USBD_StringSerial
 *fill*         0x0000000020000142        0x2 
 .data.USBD_Storage_Interface_fops_FS
                0x0000000020000144       0x20 USB_DEVICE/App/usbd_storage_if.o
                0x0000000020000144                USBD_Storage_Interface_fops_FS
 .data._impure_ptr
                0x0000000020000164        0x4 c:/st/stm32cubeide_1.3.0/stm32cubeide/plugins/com.st.stm32cube.ide.mcu.externaltools.gnu-tools-for-stm32.7-2018-q2-update.win32_1.0.0.201904181610/tools/bin/../lib/gcc/arm-none-eabi/7.3.1/../../../../arm-none-eabi/lib/thumb/v7e-m/fpv4-sp/hard\libc_nano.a(lib_a-impure.o)
                0x0000000020000164                _impure_ptr
 .data.impure_data
                0x0000000020000168       0x60 c:/st/stm32cubeide_1.3.0/stm32cubeide/plugins/com.st.stm32cube.ide.mcu.externaltools.gnu-tools-for-stm32.7-2018-q2-update.win32_1.0.0.201904181610/tools/bin/../lib/gcc/arm-none-eabi/7.3.1/../../../../arm-none-eabi/lib/thumb/v7e-m/fpv4-sp/hard\libc_nano.a(lib_a-impure.o)
                0x00000000200001c8                . = ALIGN (0x4)
                0x00000000200001c8                _edata = .

.igot.plt       0x00000000200001c8        0x0 load address 0x000000000800d280
 .igot.plt      0x00000000200001c8        0x0 c:/st/stm32cubeide_1.3.0/stm32cubeide/plugins/com.st.stm32cube.ide.mcu.externaltools.gnu-tools-for-stm32.7-2018-q2-update.win32_1.0.0.201904181610/tools/bin/../lib/gcc/arm-none-eabi/7.3.1/thumb/v7e-m/fpv4-sp/hard/crtbegin.o
                0x00000000200001c8                . = ALIGN (0x4)

.bss            0x00000000200001c8     0x1b94 load address 0x000000000800d280
                0x00000000200001c8                _sbss = .
                0x00000000200001c8                __bss_start__ = _sbss
 *(.bss)
 .bss           0x00000000200001c8       0x1c c:/st/stm32cubeide_1.3.0/stm32cubeide/plugins/com.st.stm32cube.ide.mcu.externaltools.gnu-tools-for-stm32.7-2018-q2-update.win32_1.0.0.201904181610/tools/bin/../lib/gcc/arm-none-eabi/7.3.1/thumb/v7e-m/fpv4-sp/hard/crtbegin.o
 *(.bss*)
 .bss.heap_end.6424
                0x00000000200001e4        0x4 Core/Src/sysmem.o
 .bss.cfgidx.10102
                0x00000000200001e8        0x1 Middlewares/ST/STM32_USB_Device_Library/Core/Src/usbd_ctlreq.o
 *fill*         0x00000000200001e9        0x3 
 .bss.FatFs     0x00000000200001ec        0x4 Middlewares/Third_Party/FatFs/src/ff.o
 .bss.Fsid      0x00000000200001f0        0x2 Middlewares/Third_Party/FatFs/src/ff.o
 *fill*         0x00000000200001f2        0x2 
 .bss.Files     0x00000000200001f4       0x20 Middlewares/Third_Party/FatFs/src/ff.o
 .bss.disk      0x0000000020000214        0xc Middlewares/Third_Party/FatFs/src/ff_gen_drv.o
                0x0000000020000214                disk
 .bss.__malloc_free_list
                0x0000000020000220        0x4 c:/st/stm32cubeide_1.3.0/stm32cubeide/plugins/com.st.stm32cube.ide.mcu.externaltools.gnu-tools-for-stm32.7-2018-q2-update.win32_1.0.0.201904181610/tools/bin/../lib/gcc/arm-none-eabi/7.3.1/../../../../arm-none-eabi/lib/thumb/v7e-m/fpv4-sp/hard\libc_nano.a(lib_a-nano-mallocr.o)
                0x0000000020000220                __malloc_free_list
 .bss.__malloc_sbrk_start
                0x0000000020000224        0x4 c:/st/stm32cubeide_1.3.0/stm32cubeide/plugins/com.st.stm32cube.ide.mcu.externaltools.gnu-tools-for-stm32.7-2018-q2-update.win32_1.0.0.201904181610/tools/bin/../lib/gcc/arm-none-eabi/7.3.1/../../../../arm-none-eabi/lib/thumb/v7e-m/fpv4-sp/hard\libc_nano.a(lib_a-nano-mallocr.o)
                0x0000000020000224                __malloc_sbrk_start
 *(COMMON)
 COMMON         0x0000000020000228      0xde8 Core/Src/main.o
                0x0000000020000228                fre_clust
                0x000000002000022c                fp
                0x0000000020000230                fs
                0x0000000020000460                free1
                0x0000000020000464                buffer
                0x0000000020000864                read_data
                0x00000000200008c8                hsd
                0x000000002000094c                byte_read
                0x0000000020000950                pfs
                0x0000000020000954                fresult
                0x0000000020000958                total
                0x000000002000095c                SdCard
                0x000000002000097c                fres
                0x0000000020000980                fil
                0x0000000020000bb0                fatfs
                0x0000000020000de0                myfile
 COMMON         0x0000000020001010        0x4 Drivers/STM32F4xx_HAL_Driver/Src/stm32f4xx_hal.o
                0x0000000020001010                uwTick
 COMMON         0x0000000020001014      0x468 FATFS/App/fatfs.o
                0x0000000020001014                retSD
                0x0000000020001018                SDPath
                0x000000002000101c                SDFile
                0x000000002000124c                SDFatFS
 COMMON         0x000000002000147c      0x2d0 USB_DEVICE/App/usb_device.o
                0x000000002000147c                hUsbDeviceFS
 COMMON         0x000000002000174c      0x200 USB_DEVICE/App/usbd_desc.o
                0x000000002000174c                USBD_StrDesc
 COMMON         0x000000002000194c        0x4 USB_DEVICE/App/usbd_storage_if.o
                0x000000002000194c                timeout
 COMMON         0x0000000020001950      0x408 USB_DEVICE/Target/usbd_conf.o
                0x0000000020001950                hpcd_USB_OTG_FS
 COMMON         0x0000000020001d58        0x4 c:/st/stm32cubeide_1.3.0/stm32cubeide/plugins/com.st.stm32cube.ide.mcu.externaltools.gnu-tools-for-stm32.7-2018-q2-update.win32_1.0.0.201904181610/tools/bin/../lib/gcc/arm-none-eabi/7.3.1/../../../../arm-none-eabi/lib/thumb/v7e-m/fpv4-sp/hard\libc_nano.a(lib_a-reent.o)
                0x0000000020001d58                errno
                0x0000000020001d5c                . = ALIGN (0x4)
                0x0000000020001d5c                _ebss = .
                0x0000000020001d5c                __bss_end__ = _ebss

._user_heap_stack
                0x0000000020001d5c     0x3004 load address 0x000000000800d280
                0x0000000020001d60                . = ALIGN (0x8)
 *fill*         0x0000000020001d5c        0x4 
                0x0000000020001d60                PROVIDE (end = .)
                [!provide]                        PROVIDE (_end = .)
                0x0000000020003d60                . = (. + _Min_Heap_Size)
 *fill*         0x0000000020001d60     0x2000 
                0x0000000020004d60                . = (. + _Min_Stack_Size)
 *fill*         0x0000000020003d60     0x1000 
                0x0000000020004d60                . = ALIGN (0x8)

/DISCARD/
 libc.a(*)
 libm.a(*)
 libgcc.a(*)

.ARM.attributes
                0x0000000000000000       0x30
 *(.ARM.attributes)
 .ARM.attributes
                0x0000000000000000       0x22 c:/st/stm32cubeide_1.3.0/stm32cubeide/plugins/com.st.stm32cube.ide.mcu.externaltools.gnu-tools-for-stm32.7-2018-q2-update.win32_1.0.0.201904181610/tools/bin/../lib/gcc/arm-none-eabi/7.3.1/thumb/v7e-m/fpv4-sp/hard/crti.o
 .ARM.attributes
                0x0000000000000022       0x34 c:/st/stm32cubeide_1.3.0/stm32cubeide/plugins/com.st.stm32cube.ide.mcu.externaltools.gnu-tools-for-stm32.7-2018-q2-update.win32_1.0.0.201904181610/tools/bin/../lib/gcc/arm-none-eabi/7.3.1/thumb/v7e-m/fpv4-sp/hard/crtbegin.o
 .ARM.attributes
                0x0000000000000056       0x39 Core/Src/main.o
 .ARM.attributes
                0x000000000000008f       0x39 Core/Src/stm32f4xx_hal_msp.o
 .ARM.attributes
                0x00000000000000c8       0x39 Core/Src/stm32f4xx_it.o
 .ARM.attributes
                0x0000000000000101       0x39 Core/Src/sysmem.o
 .ARM.attributes
                0x000000000000013a       0x39 Core/Src/system_stm32f4xx.o
 .ARM.attributes
                0x0000000000000173       0x21 Core/Startup/startup_stm32f413zhtx.o
 .ARM.attributes
                0x0000000000000194       0x39 Drivers/STM32F4xx_HAL_Driver/Src/stm32f4xx_hal.o
 .ARM.attributes
                0x00000000000001cd       0x39 Drivers/STM32F4xx_HAL_Driver/Src/stm32f4xx_hal_cortex.o
 .ARM.attributes
                0x0000000000000206       0x39 Drivers/STM32F4xx_HAL_Driver/Src/stm32f4xx_hal_gpio.o
 .ARM.attributes
                0x000000000000023f       0x39 Drivers/STM32F4xx_HAL_Driver/Src/stm32f4xx_hal_pcd.o
 .ARM.attributes
                0x0000000000000278       0x39 Drivers/STM32F4xx_HAL_Driver/Src/stm32f4xx_hal_pcd_ex.o
 .ARM.attributes
                0x00000000000002b1       0x39 Drivers/STM32F4xx_HAL_Driver/Src/stm32f4xx_hal_rcc.o
 .ARM.attributes
                0x00000000000002ea       0x39 Drivers/STM32F4xx_HAL_Driver/Src/stm32f4xx_hal_rcc_ex.o
 .ARM.attributes
                0x0000000000000323       0x39 Drivers/STM32F4xx_HAL_Driver/Src/stm32f4xx_hal_sd.o
 .ARM.attributes
                0x000000000000035c       0x39 Drivers/STM32F4xx_HAL_Driver/Src/stm32f4xx_ll_sdmmc.o
 .ARM.attributes
                0x0000000000000395       0x39 Drivers/STM32F4xx_HAL_Driver/Src/stm32f4xx_ll_usb.o
 .ARM.attributes
                0x00000000000003ce       0x39 FATFS/App/fatfs.o
 .ARM.attributes
                0x0000000000000407       0x39 FATFS/Target/bsp_driver_sd.o
 .ARM.attributes
                0x0000000000000440       0x39 FATFS/Target/sd_diskio.o
 .ARM.attributes
                0x0000000000000479       0x39 Middlewares/ST/STM32_USB_Device_Library/Class/MSC/Src/usbd_msc.o
 .ARM.attributes
                0x00000000000004b2       0x39 Middlewares/ST/STM32_USB_Device_Library/Class/MSC/Src/usbd_msc_bot.o
 .ARM.attributes
                0x00000000000004eb       0x39 Middlewares/ST/STM32_USB_Device_Library/Class/MSC/Src/usbd_msc_data.o
 .ARM.attributes
                0x0000000000000524       0x39 Middlewares/ST/STM32_USB_Device_Library/Class/MSC/Src/usbd_msc_scsi.o
 .ARM.attributes
                0x000000000000055d       0x39 Middlewares/ST/STM32_USB_Device_Library/Core/Src/usbd_core.o
 .ARM.attributes
                0x0000000000000596       0x39 Middlewares/ST/STM32_USB_Device_Library/Core/Src/usbd_ctlreq.o
 .ARM.attributes
                0x00000000000005cf       0x39 Middlewares/ST/STM32_USB_Device_Library/Core/Src/usbd_ioreq.o
 .ARM.attributes
                0x0000000000000608       0x39 Middlewares/Third_Party/FatFs/src/diskio.o