Archive member included to satisfy reference by file (symbol)

/Applications/STM32CubeIDE.app/Contents/Eclipse/plugins/com.st.stm32cube.ide.mcu.externaltools.gnu-tools-for-stm32.7-2018-q2-update.macos64_1.0.0.201904181610/tools/bin/../lib/gcc/arm-none-eabi/7.3.1/../../../../arm-none-eabi/lib/thumb/v7e-m/fpv4-sp/hard/libc_nano.a(lib_a-errno.o)
                              Core/Src/syscalls.o (__errno)
/Applications/STM32CubeIDE.app/Contents/Eclipse/plugins/com.st.stm32cube.ide.mcu.externaltools.gnu-tools-for-stm32.7-2018-q2-update.macos64_1.0.0.201904181610/tools/bin/../lib/gcc/arm-none-eabi/7.3.1/../../../../arm-none-eabi/lib/thumb/v7e-m/fpv4-sp/hard/libc_nano.a(lib_a-exit.o)
                              /Applications/STM32CubeIDE.app/Contents/Eclipse/plugins/com.st.stm32cube.ide.mcu.externaltools.gnu-tools-for-stm32.7-2018-q2-update.macos64_1.0.0.201904181610/tools/bin/../lib/gcc/arm-none-eabi/7.3.1/../../../../arm-none-eabi/lib/thumb/v7e-m/fpv4-sp/hard/crt0.o (exit)
/Applications/STM32CubeIDE.app/Contents/Eclipse/plugins/com.st.stm32cube.ide.mcu.externaltools.gnu-tools-for-stm32.7-2018-q2-update.macos64_1.0.0.201904181610/tools/bin/../lib/gcc/arm-none-eabi/7.3.1/../../../../arm-none-eabi/lib/thumb/v7e-m/fpv4-sp/hard/libc_nano.a(lib_a-impure.o)
                              /Applications/STM32CubeIDE.app/Contents/Eclipse/plugins/com.st.stm32cube.ide.mcu.externaltools.gnu-tools-for-stm32.7-2018-q2-update.macos64_1.0.0.201904181610/tools/bin/../lib/gcc/arm-none-eabi/7.3.1/../../../../arm-none-eabi/lib/thumb/v7e-m/fpv4-sp/hard/libc_nano.a(lib_a-exit.o) (_global_impure_ptr)
/Applications/STM32CubeIDE.app/Contents/Eclipse/plugins/com.st.stm32cube.ide.mcu.externaltools.gnu-tools-for-stm32.7-2018-q2-update.macos64_1.0.0.201904181610/tools/bin/../lib/gcc/arm-none-eabi/7.3.1/../../../../arm-none-eabi/lib/thumb/v7e-m/fpv4-sp/hard/libc_nano.a(lib_a-init.o)
                              /Applications/STM32CubeIDE.app/Contents/Eclipse/plugins/com.st.stm32cube.ide.mcu.externaltools.gnu-tools-for-stm32.7-2018-q2-update.macos64_1.0.0.201904181610/tools/bin/../lib/gcc/arm-none-eabi/7.3.1/../../../../arm-none-eabi/lib/thumb/v7e-m/fpv4-sp/hard/crt0.o (__libc_init_array)
/Applications/STM32CubeIDE.app/Contents/Eclipse/plugins/com.st.stm32cube.ide.mcu.externaltools.gnu-tools-for-stm32.7-2018-q2-update.macos64_1.0.0.201904181610/tools/bin/../lib/gcc/arm-none-eabi/7.3.1/../../../../arm-none-eabi/lib/thumb/v7e-m/fpv4-sp/hard/libc_nano.a(lib_a-malloc.o)
                              Core/Src/main.o (malloc)
/Applications/STM32CubeIDE.app/Contents/Eclipse/plugins/com.st.stm32cube.ide.mcu.externaltools.gnu-tools-for-stm32.7-2018-q2-update.macos64_1.0.0.201904181610/tools/bin/../lib/gcc/arm-none-eabi/7.3.1/../../../../arm-none-eabi/lib/thumb/v7e-m/fpv4-sp/hard/libc_nano.a(lib_a-memset.o)
                              /Applications/STM32CubeIDE.app/Contents/Eclipse/plugins/com.st.stm32cube.ide.mcu.externaltools.gnu-tools-for-stm32.7-2018-q2-update.macos64_1.0.0.201904181610/tools/bin/../lib/gcc/arm-none-eabi/7.3.1/../../../../arm-none-eabi/lib/thumb/v7e-m/fpv4-sp/hard/crt0.o (memset)
/Applications/STM32CubeIDE.app/Contents/Eclipse/plugins/com.st.stm32cube.ide.mcu.externaltools.gnu-tools-for-stm32.7-2018-q2-update.macos64_1.0.0.201904181610/tools/bin/../lib/gcc/arm-none-eabi/7.3.1/../../../../arm-none-eabi/lib/thumb/v7e-m/fpv4-sp/hard/libc_nano.a(lib_a-nano-freer.o)
                              /Applications/STM32CubeIDE.app/Contents/Eclipse/plugins/com.st.stm32cube.ide.mcu.externaltools.gnu-tools-for-stm32.7-2018-q2-update.macos64_1.0.0.201904181610/tools/bin/../lib/gcc/arm-none-eabi/7.3.1/../../../../arm-none-eabi/lib/thumb/v7e-m/fpv4-sp/hard/libc_nano.a(lib_a-malloc.o) (_free_r)
/Applications/STM32CubeIDE.app/Contents/Eclipse/plugins/com.st.stm32cube.ide.mcu.externaltools.gnu-tools-for-stm32.7-2018-q2-update.macos64_1.0.0.201904181610/tools/bin/../lib/gcc/arm-none-eabi/7.3.1/../../../../arm-none-eabi/lib/thumb/v7e-m/fpv4-sp/hard/libc_nano.a(lib_a-nano-mallocr.o)
                              /Applications/STM32CubeIDE.app/Contents/Eclipse/plugins/com.st.stm32cube.ide.mcu.externaltools.gnu-tools-for-stm32.7-2018-q2-update.macos64_1.0.0.201904181610/tools/bin/../lib/gcc/arm-none-eabi/7.3.1/../../../../arm-none-eabi/lib/thumb/v7e-m/fpv4-sp/hard/libc_nano.a(lib_a-malloc.o) (_malloc_r)
/Applications/STM32CubeIDE.app/Contents/Eclipse/plugins/com.st.stm32cube.ide.mcu.externaltools.gnu-tools-for-stm32.7-2018-q2-update.macos64_1.0.0.201904181610/tools/bin/../lib/gcc/arm-none-eabi/7.3.1/../../../../arm-none-eabi/lib/thumb/v7e-m/fpv4-sp/hard/libc_nano.a(lib_a-puts.o)
                              Core/Src/main.o (puts)
/Applications/STM32CubeIDE.app/Contents/Eclipse/plugins/com.st.stm32cube.ide.mcu.externaltools.gnu-tools-for-stm32.7-2018-q2-update.macos64_1.0.0.201904181610/tools/bin/../lib/gcc/arm-none-eabi/7.3.1/../../../../arm-none-eabi/lib/thumb/v7e-m/fpv4-sp/hard/libc_nano.a(lib_a-sbrkr.o)
[...]
Memory Configuration

Name             Origin             Length             Attributes
RAM              0x0000000020000000 0x0000000000050000 xrw
FLASH            0x0000000008000000 0x0000000000180000 xr
*default*        0x0000000000000000 0xffffffffffffffff

Linker script and memory map

LOAD /Applications/STM32CubeIDE.app/Contents/Eclipse/plugins/com.st.stm32cube.ide.mcu.externaltools.gnu-tools-for-stm32.7-2018-q2-update.macos64_1.0.0.201904181610/tools/bin/../lib/gcc/arm-none-eabi/7.3.1/thumb/v7e-m/fpv4-sp/hard/crti.o
LOAD /Applications/STM32CubeIDE.app/Contents/Eclipse/plugins/com.st.stm32cube.ide.mcu.externaltools.gnu-tools-for-stm32.7-2018-q2-update.macos64_1.0.0.201904181610/tools/bin/../lib/gcc/arm-none-eabi/7.3.1/thumb/v7e-m/fpv4-sp/hard/crtbegin.o
LOAD /Applications/STM32CubeIDE.app/Contents/Eclipse/plugins/com.st.stm32cube.ide.mcu.externaltools.gnu-tools-for-stm32.7-2018-q2-update.macos64_1.0.0.201904181610/tools/bin/../lib/gcc/arm-none-eabi/7.3.1/../../../../arm-none-eabi/lib/thumb/v7e-m/fpv4-sp/hard/crt0.o
LOAD Core/Src/epd2in7.o
LOAD Core/Src/epdif.o
LOAD Core/Src/epdpaint.o
LOAD Core/Src/font12.o
LOAD Core/Src/font16.o
LOAD Core/Src/font20.o
LOAD Core/Src/font24.o
LOAD Core/Src/font8.o
LOAD Core/Src/imagedata.o
LOAD Core/Src/main.o
LOAD Core/Src/stm32f4xx_hal_msp.o
LOAD Core/Src/stm32f4xx_it.o
LOAD Core/Src/syscalls.o
LOAD Core/Src/sysmem.o
LOAD Core/Src/system_stm32f4xx.o
LOAD Core/Startup/startup_stm32f413zhtx.o
LOAD Drivers/STM32F4xx_HAL_Driver/Src/stm32f4xx_hal.o
LOAD Drivers/STM32F4xx_HAL_Driver/Src/stm32f4xx_hal_cortex.o
LOAD Drivers/STM32F4xx_HAL_Driver/Src/stm32f4xx_hal_dma.o
LOAD Drivers/STM32F4xx_HAL_Driver/Src/stm32f4xx_hal_dma_ex.o
LOAD Drivers/STM32F4xx_HAL_Driver/Src/stm32f4xx_hal_exti.o
LOAD Drivers/STM32F4xx_HAL_Driver/Src/stm32f4xx_hal_flash.o
LOAD Drivers/STM32F4xx_HAL_Driver/Src/stm32f4xx_hal_flash_ex.o
LOAD Drivers/STM32F4xx_HAL_Driver/Src/stm32f4xx_hal_flash_ramfunc.o
LOAD Drivers/STM32F4xx_HAL_Driver/Src/stm32f4xx_hal_gpio.o
LOAD Drivers/STM32F4xx_HAL_Driver/Src/stm32f4xx_hal_pwr.o
LOAD Drivers/STM32F4xx_HAL_Driver/Src/stm32f4xx_hal_pwr_ex.o
LOAD Drivers/STM32F4xx_HAL_Driver/Src/stm32f4xx_hal_rcc.o
LOAD Drivers/STM32F4xx_HAL_Driver/Src/stm32f4xx_hal_rcc_ex.o
LOAD Drivers/STM32F4xx_HAL_Driver/Src/stm32f4xx_hal_spi.o
LOAD Drivers/STM32F4xx_HAL_Driver/Src/stm32f4xx_hal_tim.o
LOAD Drivers/STM32F4xx_HAL_Driver/Src/stm32f4xx_hal_tim_ex.o
LOAD Drivers/STM32F4xx_HAL_Driver/Src/stm32f4xx_hal_uart.o
START GROUP
LOAD /Applications/STM32CubeIDE.app/Contents/Eclipse/plugins/com.st.stm32cube.ide.mcu.externaltools.gnu-tools-for-stm32.7-2018-q2-update.macos64_1.0.0.201904181610/tools/bin/../lib/gcc/arm-none-eabi/7.3.1/../../../../arm-none-eabi/lib/thumb/v7e-m/fpv4-sp/hard/libc_nano.a
LOAD /Applications/STM32CubeIDE.app/Contents/Eclipse/plugins/com.st.stm32cube.ide.mcu.externaltools.gnu-tools-for-stm32.7-2018-q2-update.macos64_1.0.0.201904181610/tools/bin/../lib/gcc/arm-none-eabi/7.3.1/../../../../arm-none-eabi/lib/thumb/v7e-m/fpv4-sp/hard/libm.a
END GROUP
START GROUP
LOAD /Applications/STM32CubeIDE.app/Contents/Eclipse/plugins/com.st.stm32cube.ide.mcu.externaltools.gnu-tools-for-stm32.7-2018-q2-update.macos64_1.0.0.201904181610/tools/bin/../lib/gcc/arm-none-eabi/7.3.1/thumb/v7e-m/fpv4-sp/hard/libgcc.a
LOAD /Applications/STM32CubeIDE.app/Contents/Eclipse/plugins/com.st.stm32cube.ide.mcu.externaltools.gnu-tools-for-stm32.7-2018-q2-update.macos64_1.0.0.201904181610/tools/bin/../lib/gcc/arm-none-eabi/7.3.1/../../../../arm-none-eabi/lib/thumb/v7e-m/fpv4-sp/hard/libc_nano.a
END GROUP
START GROUP
LOAD /Applications/STM32CubeIDE.app/Contents/Eclipse/plugins/com.st.stm32cube.ide.mcu.externaltools.gnu-tools-for-stm32.7-2018-q2-update.macos64_1.0.0.201904181610/tools/bin/../lib/gcc/arm-none-eabi/7.3.1/thumb/v7e-m/fpv4-sp/hard/libgcc.a
LOAD /Applications/STM32CubeIDE.app/Contents/Eclipse/plugins/com.st.stm32cube.ide.mcu.externaltools.gnu-tools-for-stm32.7-2018-q2-update.macos64_1.0.0.201904181610/tools/bin/../lib/gcc/arm-none-eabi/7.3.1/../../../../arm-none-eabi/lib/thumb/v7e-m/fpv4-sp/hard/libc_nano.a
LOAD /Applications/STM32CubeIDE.app/Contents/Eclipse/plugins/com.st.stm32cube.ide.mcu.externaltools.gnu-tools-for-stm32.7-2018-q2-update.macos64_1.0.0.201904181610/tools/bin/../lib/gcc/arm-none-eabi/7.3.1/../../../../arm-none-eabi/lib/thumb/v7e-m/fpv4-sp/hard/libnosys.a
END GROUP
START GROUP
LOAD /Applications/STM32CubeIDE.app/Contents/Eclipse/plugins/com.st.stm32cube.ide.mcu.externaltools.gnu-tools-for-stm32.7-2018-q2-update.macos64_1.0.0.201904181610/tools/bin/../lib/gcc/arm-none-eabi/7.3.1/thumb/v7e-m/fpv4-sp/hard/libgcc.a
LOAD /Applications/STM32CubeIDE.app/Contents/Eclipse/plugins/com.st.stm32cube.ide.mcu.externaltools.gnu-tools-for-stm32.7-2018-q2-update.macos64_1.0.0.201904181610/tools/bin/../lib/gcc/arm-none-eabi/7.3.1/../../../../arm-none-eabi/lib/thumb/v7e-m/fpv4-sp/hard/libc_nano.a
LOAD /Applications/STM32CubeIDE.app/Contents/Eclipse/plugins/com.st.stm32cube.ide.mcu.externaltools.gnu-tools-for-stm32.7-2018-q2-update.macos64_1.0.0.201904181610/tools/bin/../lib/gcc/arm-none-eabi/7.3.1/../../../../arm-none-eabi/lib/thumb/v7e-m/fpv4-sp/hard/libnosys.a
END GROUP
LOAD /Applications/STM32CubeIDE.app/Contents/Eclipse/plugins/com.st.stm32cube.ide.mcu.externaltools.gnu-tools-for-stm32.7-2018-q2-update.macos64_1.0.0.201904181610/tools/bin/../lib/gcc/arm-none-eabi/7.3.1/thumb/v7e-m/fpv4-sp/hard/crtend.o
LOAD /Applications/STM32CubeIDE.app/Contents/Eclipse/plugins/com.st.stm32cube.ide.mcu.externaltools.gnu-tools-for-stm32.7-2018-q2-update.macos64_1.0.0.201904181610/tools/bin/../lib/gcc/arm-none-eabi/7.3.1/thumb/v7e-m/fpv4-sp/hard/crtn.o
                0x0000000020050000                _estack = (ORIGIN (RAM) + LENGTH (RAM))
                0x0000000000002000                _Min_Heap_Size = 0x2000
                0x0000000000000400                _Min_Stack_Size = 0x400

.isr_vector     0x0000000008000000      0x1d8
                0x0000000008000000                . = ALIGN (0x4)
 *(.isr_vector)
 .isr_vector    0x0000000008000000      0x1d8 Core/Startup/startup_stm32f413zhtx.o
                0x0000000008000000                g_pfnVectors
                0x00000000080001d8                . = ALIGN (0x4)

.text           0x00000000080001d8     0x3e00
                0x00000000080001d8                . = ALIGN (0x4)
 *(.text)
 .text          0x00000000080001d8       0x40 /Applications/STM32CubeIDE.app/Contents/Eclipse/plugins/com.st.stm32cube.ide.mcu.externaltools.gnu-tools-for-stm32.7-2018-q2-update.macos64_1.0.0.201904181610/tools/bin/../lib/gcc/arm-none-eabi/7.3.1/thumb/v7e-m/fpv4-sp/hard/crtbegin.o
 .text          0x0000000008000218       0x30 /Applications/STM32CubeIDE.app/Contents/Eclipse/plugins/com.st.stm32cube.ide.mcu.externaltools.gnu-tools-for-stm32.7-2018-q2-update.macos64_1.0.0.201904181610/tools/bin/../lib/gcc/arm-none-eabi/7.3.1/thumb/v7e-m/fpv4-sp/hard/libgcc.a(_aeabi_uldivmod.o)
                0x0000000008000218                __aeabi_uldivmod
 .text          0x0000000008000248      0x2cc /Applications/STM32CubeIDE.app/Contents/Eclipse/plugins/com.st.stm32cube.ide.mcu.externaltools.gnu-tools-for-stm32.7-2018-q2-update.macos64_1.0.0.201904181610/tools/bin/../lib/gcc/arm-none-eabi/7.3.1/thumb/v7e-m/fpv4-sp/hard/libgcc.a(_udivmoddi4.o)
                0x0000000008000248                __udivmoddi4
 .text          0x0000000008000514        0x4 /Applications/STM32CubeIDE.app/Contents/Eclipse/plugins/com.st.stm32cube.ide.mcu.externaltools.gnu-tools-for-stm32.7-2018-q2-update.macos64_1.0.0.201904181610/tools/bin/../lib/gcc/arm-none-eabi/7.3.1/thumb/v7e-m/fpv4-sp/hard/libgcc.a(_dvmd_tls.o)
                0x0000000008000514                __aeabi_ldiv0
                0x0000000008000514                __aeabi_idiv0
 *(.text*)
 .text.EPD_Init
                0x0000000008000518      0x1a2 Core/Src/epd2in7.o
                0x0000000008000518                EPD_Init
 .text.EPD_DigitalWrite
                0x00000000080006ba       0x1c Core/Src/epd2in7.o
                0x00000000080006ba                EPD_DigitalWrite
 .text.EPD_DigitalRead
                0x00000000080006d6       0x1a Core/Src/epd2in7.o
                0x00000000080006d6                EPD_DigitalRead
 .text.EPD_DelayMs
                0x00000000080006f0       0x18 Core/Src/epd2in7.o
                0x00000000080006f0                EPD_DelayMs
 .text.EPD_SendCommand
                0x0000000008000708       0x2a Core/Src/epd2in7.o
                0x0000000008000708                EPD_SendCommand
 .text.EPD_SendData
                0x0000000008000732       0x2a Core/Src/epd2in7.o
                0x0000000008000732                EPD_SendData
 .text.EPD_WaitUntilIdle
                0x000000000800075c       0x2c Core/Src/epd2in7.o
                0x000000000800075c                EPD_WaitUntilIdle
 .text.EPD_Reset
                0x0000000008000788       0x3c Core/Src/epd2in7.o
                0x0000000008000788                EPD_Reset
 .text.EPD_SetLut
                0x00000000080007c4       0xf8 Core/Src/epd2in7.o
                0x00000000080007c4                EPD_SetLut
 .text.EPD_DisplayFrame
                0x00000000080008bc       0xbe Core/Src/epd2in7.o
                0x00000000080008bc                EPD_DisplayFrame
 *fill*         0x000000000800097a        0x2 
 .text.EpdDigitalWriteCallback
                0x000000000800097c       0x58 Core/Src/epdif.o
                0x000000000800097c                EpdDigitalWriteCallback
 .text.EpdDigitalReadCallback
                0x00000000080009d4       0x3c Core/Src/epdif.o
                0x00000000080009d4                EpdDigitalReadCallback
 .text.EpdDelayMsCallback
                0x0000000008000a10       0x16 Core/Src/epdif.o
                0x0000000008000a10                EpdDelayMsCallback
 *fill*         0x0000000008000a26        0x2 
 .text.EpdSpiTransferCallback
                0x0000000008000a28       0x4c Core/Src/epdif.o
                0x0000000008000a28                EpdSpiTransferCallback
 .text.EpdInitCallback
                0x0000000008000a74       0x5c Core/Src/epdif.o
                0x0000000008000a74                EpdInitCallback
 .text.Paint_Init
                0x0000000008000ad0       0x56 Core/Src/epdpaint.o
                0x0000000008000ad0                Paint_Init
 .text.Paint_Clear
                0x0000000008000b26       0x4a Core/Src/epdpaint.o
                0x0000000008000b26                Paint_Clear
 .text.Paint_DrawAbsolutePixel
                0x0000000008000b70       0xe0 Core/Src/epdpaint.o
                0x0000000008000b70                Paint_DrawAbsolutePixel
 .text.Paint_SetRotate
                0x0000000008000c50       0x1c Core/Src/epdpaint.o
                0x0000000008000c50                Paint_SetRotate
 .text.Paint_DrawPixel
                0x0000000008000c6c      0x134 Core/Src/epdpaint.o
                0x0000000008000c6c                Paint_DrawPixel
 .text.Paint_DrawCharAt
                0x0000000008000da0       0xe6 Core/Src/epdpaint.o
                0x0000000008000da0                Paint_DrawCharAt
 .text.Paint_DrawStringAt
                0x0000000008000e86       0x5c Core/Src/epdpaint.o
                0x0000000008000e86                Paint_DrawStringAt
 .text.Paint_DrawLine
                0x0000000008000ee2       0xb2 Core/Src/epdpaint.o
                0x0000000008000ee2                Paint_DrawLine
 .text.Paint_DrawHorizontalLine
                0x0000000008000f94       0x3a Core/Src/epdpaint.o
                0x0000000008000f94                Paint_DrawHorizontalLine
 .text.Paint_DrawVerticalLine
                0x0000000008000fce       0x3a Core/Src/epdpaint.o
                0x0000000008000fce                Paint_DrawVerticalLine
 .text.Paint_DrawRectangle
                0x0000000008001008       0xa6 Core/Src/epdpaint.o
                0x0000000008001008                Paint_DrawRectangle
 .text.Paint_DrawFilledRectangle
                0x00000000080010ae       0x72 Core/Src/epdpaint.o
                0x00000000080010ae                Paint_DrawFilledRectangle
 .text.Paint_DrawCircle
                0x0000000008001120       0xce Core/Src/epdpaint.o
                0x0000000008001120                Paint_DrawCircle
 .text.Paint_DrawFilledCircle
                0x00000000080011ee      0x11a Core/Src/epdpaint.o
                0x00000000080011ee                Paint_DrawFilledCircle
 .text.main     0x0000000008001308      0x194 Core/Src/main.o
                0x0000000008001308                main
 .text.SystemClock_Config
                0x000000000800149c       0xd4 Core/Src/main.o
                0x000000000800149c                SystemClock_Config
 .text.MX_SPI1_Init
                0x0000000008001570       0x6c Core/Src/main.o
 .text.MX_USART1_UART_Init
                0x00000000080015dc       0x54 Core/Src/main.o
 .text.MX_GPIO_Init
                0x0000000008001630      0x144 Core/Src/main.o
 .text.Error_Handler
                0x0000000008001774        0xe Core/Src/main.o
                0x0000000008001774                Error_Handler
 *fill*         0x0000000008001782        0x2 
 .text.HAL_MspInit
                0x0000000008001784       0x50 Core/Src/stm32f4xx_hal_msp.o
                0x0000000008001784                HAL_MspInit
 .text.HAL_SPI_MspInit
                0x00000000080017d4       0xd0 Core/Src/stm32f4xx_hal_msp.o
                0x00000000080017d4                HAL_SPI_MspInit
 .text.HAL_UART_MspInit
                0x00000000080018a4       0x90 Core/Src/stm32f4xx_hal_msp.o
                0x00000000080018a4                HAL_UART_MspInit
 .text.NMI_Handler
                0x0000000008001934        0xe Core/Src/stm32f4xx_it.o
                0x0000000008001934                NMI_Handler
 .text.HardFault_Handler
                0x0000000008001942        0x6 Core/Src/stm32f4xx_it.o
                0x0000000008001942                HardFault_Handler
 .text.MemManage_Handler
                0x0000000008001948        0x6 Core/Src/stm32f4xx_it.o
                0x0000000008001948                MemManage_Handler
 .text.BusFault_Handler
                0x000000000800194e        0x6 Core/Src/stm32f4xx_it.o
                0x000000000800194e                BusFault_Handler
 .text.UsageFault_Handler
                0x0000000008001954        0x6 Core/Src/stm32f4xx_it.o
                0x0000000008001954                UsageFault_Handler
 .text.SVC_Handler
                0x000000000800195a        0xe Core/Src/stm32f4xx_it.o
                0x000000000800195a                SVC_Handler
 .text.DebugMon_Handler
                0x0000000008001968        0xe Core/Src/stm32f4xx_it.o
                0x0000000008001968                DebugMon_Handler
 .text.PendSV_Handler
                0x0000000008001976        0xe Core/Src/stm32f4xx_it.o
                0x0000000008001976                PendSV_Handler
 .text.SysTick_Handler
                0x0000000008001984        0xc Core/Src/stm32f4xx_it.o
                0x0000000008001984                SysTick_Handler
 .text._read    0x0000000008001990       0x3a Core/Src/syscalls.o
                0x0000000008001990                _read
 .text._write   0x00000000080019ca       0x38 Core/Src/syscalls.o
                0x00000000080019ca                _write
 .text._close   0x0000000008001a02       0x18 Core/Src/syscalls.o
                0x0000000008001a02                _close
 .text._fstat   0x0000000008001a1a       0x20 Core/Src/syscalls.o
                0x0000000008001a1a                _fstat
 .text._isatty  0x0000000008001a3a       0x16 Core/Src/syscalls.o
                0x0000000008001a3a                _isatty
 .text._lseek   0x0000000008001a50       0x1a Core/Src/syscalls.o
                0x0000000008001a50                _lseek
 *fill*         0x0000000008001a6a        0x2 
 .text._sbrk    0x0000000008001a6c       0x58 Core/Src/sysmem.o
                0x0000000008001a6c                _sbrk
 .text.SystemInit
                0x0000000008001ac4       0x2c Core/Src/system_stm32f4xx.o
                0x0000000008001ac4                SystemInit
 .text.Reset_Handler
                0x0000000008001af0       0x50 Core/Startup/startup_stm32f413zhtx.o
                0x0000000008001af0                Reset_Handler
 .text.Default_Handler
                0x0000000008001b40        0x2 Core/Startup/startup_stm32f413zhtx.o
                0x0000000008001b40                DMA1_Stream3_IRQHandler
                0x0000000008001b40                EXTI2_IRQHandler
                0x0000000008001b40                TIM8_CC_IRQHandler
                0x0000000008001b40                UART8_IRQHandler
                0x0000000008001b40                FMPI2C1_EV_IRQHandler
                0x0000000008001b40                SPI4_IRQHandler
                0x0000000008001b40                TIM1_CC_IRQHandler
                0x0000000008001b40                DMA2_Stream5_IRQHandler
                0x0000000008001b40                DMA1_Stream5_IRQHandler
                0x0000000008001b40                CAN3_RX1_IRQHandler
                0x0000000008001b40                PVD_IRQHandler
                0x0000000008001b40                SDIO_IRQHandler
                0x0000000008001b40                TAMP_STAMP_IRQHandler
                0x0000000008001b40                CAN2_RX1_IRQHandler
                0x0000000008001b40                EXTI3_IRQHandler
                0x0000000008001b40                TIM8_TRG_COM_TIM14_IRQHandler
                0x0000000008001b40                DFSDM1_FLT1_IRQHandler
                0x0000000008001b40                TIM1_UP_TIM10_IRQHandler
                0x0000000008001b40                TIM8_UP_TIM13_IRQHandler
                0x0000000008001b40                I2C3_ER_IRQHandler
                0x0000000008001b40                EXTI0_IRQHandler
                0x0000000008001b40                I2C2_EV_IRQHandler
                0x0000000008001b40                DMA1_Stream2_IRQHandler
                0x0000000008001b40                CAN1_RX0_IRQHandler
                0x0000000008001b40                FPU_IRQHandler
                0x0000000008001b40                CAN3_SCE_IRQHandler
                0x0000000008001b40                CAN2_SCE_IRQHandler
                0x0000000008001b40                DMA2_Stream2_IRQHandler
                0x0000000008001b40                SPI1_IRQHandler
                0x0000000008001b40                TIM6_DAC_IRQHandler
                0x0000000008001b40                TIM1_BRK_TIM9_IRQHandler
                0x0000000008001b40                CAN2_RX0_IRQHandler
                0x0000000008001b40                DMA2_Stream3_IRQHandler
                0x0000000008001b40                USART6_IRQHandler
                0x0000000008001b40                CAN3_RX0_IRQHandler
                0x0000000008001b40                USART3_IRQHandler
                0x0000000008001b40                DFSDM2_FLT3_IRQHandler
                0x0000000008001b40                CAN1_RX1_IRQHandler
                0x0000000008001b40                UART5_IRQHandler
                0x0000000008001b40                DMA2_Stream0_IRQHandler
                0x0000000008001b40                TIM4_IRQHandler
                0x0000000008001b40                QUADSPI_IRQHandler
                0x0000000008001b40                I2C1_EV_IRQHandler
                0x0000000008001b40                DMA1_Stream6_IRQHandler
                0x0000000008001b40                DMA1_Stream1_IRQHandler
                0x0000000008001b40                UART4_IRQHandler
                0x0000000008001b40                TIM3_IRQHandler
                0x0000000008001b40                RCC_IRQHandler
                0x0000000008001b40                UART9_IRQHandler
                0x0000000008001b40                TIM8_BRK_TIM12_IRQHandler
                0x0000000008001b40                Default_Handler
                0x0000000008001b40                EXTI15_10_IRQHandler
                0x0000000008001b40                ADC_IRQHandler
                0x0000000008001b40                DMA1_Stream7_IRQHandler
                0x0000000008001b40                DFSDM2_FLT0_IRQHandler
                0x0000000008001b40                SPI5_IRQHandler
                0x0000000008001b40                TIM7_IRQHandler
                0x0000000008001b40                CAN2_TX_IRQHandler
                0x0000000008001b40                TIM5_IRQHandler
                0x0000000008001b40                DMA2_Stream7_IRQHandler
                0x0000000008001b40                I2C3_EV_IRQHandler
                0x0000000008001b40                DFSDM2_FLT2_IRQHandler
                0x0000000008001b40                EXTI9_5_IRQHandler
                0x0000000008001b40                RTC_WKUP_IRQHandler
                0x0000000008001b40                SPI2_IRQHandler
                0x0000000008001b40                DMA1_Stream0_IRQHandler
                0x0000000008001b40                CAN1_TX_IRQHandler
                0x0000000008001b40                FMPI2C1_ER_IRQHandler
                0x0000000008001b40                EXTI4_IRQHandler
                0x0000000008001b40                DFSDM2_FLT1_IRQHandler
                0x0000000008001b40                RNG_IRQHandler
                0x0000000008001b40                FSMC_IRQHandler
                0x0000000008001b40                WWDG_IRQHandler
                0x0000000008001b40                CAN3_TX_IRQHandler
                0x0000000008001b40                TIM2_IRQHandler
                0x0000000008001b40                OTG_FS_WKUP_IRQHandler
                0x0000000008001b40                TIM1_TRG_COM_TIM11_IRQHandler
                0x0000000008001b40                EXTI1_IRQHandler
                0x0000000008001b40                UART7_IRQHandler
                0x0000000008001b40                USART2_IRQHandler
                0x0000000008001b40                DFSDM1_FLT0_IRQHandler
                0x0000000008001b40                I2C2_ER_IRQHandler
                0x0000000008001b40                DMA2_Stream1_IRQHandler
                0x0000000008001b40                CAN1_SCE_IRQHandler
                0x0000000008001b40                FLASH_IRQHandler
                0x0000000008001b40                DMA2_Stream4_IRQHandler
                0x0000000008001b40                USART1_IRQHandler
                0x0000000008001b40                OTG_FS_IRQHandler
                0x0000000008001b40                SPI3_IRQHandler
                0x0000000008001b40                DMA1_Stream4_IRQHandler
                0x0000000008001b40                I2C1_ER_IRQHandler
                0x0000000008001b40                LPTIM1_IRQHandler
                0x0000000008001b40                DMA2_Stream6_IRQHandler
                0x0000000008001b40                UART10_IRQHandler
                0x0000000008001b40                SAI1_IRQHandler
                0x0000000008001b40                RTC_Alarm_IRQHandler
 *fill*         0x0000000008001b42        0x2 
 .text.HAL_Init
                0x0000000008001b44       0x44 Drivers/STM32F4xx_HAL_Driver/Src/stm32f4xx_hal.o
                0x0000000008001b44                HAL_Init
 .text.HAL_InitTick
                0x0000000008001b88       0x60 Drivers/STM32F4xx_HAL_Driver/Src/stm32f4xx_hal.o
                0x0000000008001b88                HAL_InitTick
 .text.HAL_IncTick
                0x0000000008001be8       0x28 Drivers/STM32F4xx_HAL_Driver/Src/stm32f4xx_hal.o
                0x0000000008001be8                HAL_IncTick
 .text.HAL_GetTick
                0x0000000008001c10       0x18 Drivers/STM32F4xx_HAL_Driver/Src/stm32f4xx_hal.o
                0x0000000008001c10                HAL_GetTick
 .text.HAL_Delay
                0x0000000008001c28       0x44 Drivers/STM32F4xx_HAL_Driver/Src/stm32f4xx_hal.o
                0x0000000008001c28                HAL_Delay
 .text.__NVIC_SetPriorityGrouping
                0x0000000008001c6c       0x48 Drivers/STM32F4xx_HAL_Driver/Src/stm32f4xx_hal_cortex.o
 .text.__NVIC_GetPriorityGrouping
                0x0000000008001cb4       0x1c Drivers/STM32F4xx_HAL_Driver/Src/stm32f4xx_hal_cortex.o
 .text.__NVIC_SetPriority
                0x0000000008001cd0       0x54 Drivers/STM32F4xx_HAL_Driver/Src/stm32f4xx_hal_cortex.o
 .text.NVIC_EncodePriority
                0x0000000008001d24       0x66 Drivers/STM32F4xx_HAL_Driver/Src/stm32f4xx_hal_cortex.o
 *fill*         0x0000000008001d8a        0x2 
 .text.SysTick_Config
                0x0000000008001d8c       0x44 Drivers/STM32F4xx_HAL_Driver/Src/stm32f4xx_hal_cortex.o
 .text.HAL_NVIC_SetPriorityGrouping
                0x0000000008001dd0       0x16 Drivers/STM32F4xx_HAL_Driver/Src/stm32f4xx_hal_cortex.o
                0x0000000008001dd0                HAL_NVIC_SetPriorityGrouping
 .text.HAL_NVIC_SetPriority
                0x0000000008001de6       0x38 Drivers/STM32F4xx_HAL_Driver/Src/stm32f4xx_hal_cortex.o
                0x0000000008001de6                HAL_NVIC_SetPriority
 .text.HAL_SYSTICK_Config
                0x0000000008001e1e       0x18 Drivers/STM32F4xx_HAL_Driver/Src/stm32f4xx_hal_cortex.o
                0x0000000008001e1e                HAL_SYSTICK_Config
 *fill*         0x0000000008001e36        0x2 
 .text.HAL_GPIO_Init
                0x0000000008001e38      0x324 Drivers/STM32F4xx_HAL_Driver/Src/stm32f4xx_hal_gpio.o
                0x0000000008001e38                HAL_GPIO_Init
 .text.HAL_GPIO_ReadPin
                0x000000000800215c       0x30 Drivers/STM32F4xx_HAL_Driver/Src/stm32f4xx_hal_gpio.o
                0x000000000800215c                HAL_GPIO_ReadPin
 .text.HAL_GPIO_WritePin
                0x000000000800218c       0x32 Drivers/STM32F4xx_HAL_Driver/Src/stm32f4xx_hal_gpio.o
                0x000000000800218c                HAL_GPIO_WritePin
 *fill*         0x00000000080021be        0x2 
 .text.HAL_RCC_ClockConfig
                0x00000000080021c0      0x1cc Drivers/STM32F4xx_HAL_Driver/Src/stm32f4xx_hal_rcc.o
                0x00000000080021c0                HAL_RCC_ClockConfig
 .text.HAL_RCC_GetSysClockFreq
                0x000000000800238c      0x1b0 Drivers/STM32F4xx_HAL_Driver/Src/stm32f4xx_hal_rcc.o
                0x000000000800238c                HAL_RCC_GetSysClockFreq
 .text.HAL_RCC_GetHCLKFreq
                0x000000000800253c       0x18 Drivers/STM32F4xx_HAL_Driver/Src/stm32f4xx_hal_rcc.o
                0x000000000800253c                HAL_RCC_GetHCLKFreq
 .text.HAL_RCC_GetPCLK1Freq
                0x0000000008002554       0x28 Drivers/STM32F4xx_HAL_Driver/Src/stm32f4xx_hal_rcc.o
                0x0000000008002554                HAL_RCC_GetPCLK1Freq
 .text.HAL_RCC_GetPCLK2Freq
                0x000000000800257c       0x28 Drivers/STM32F4xx_HAL_Driver/Src/stm32f4xx_hal_rcc.o
                0x000000000800257c                HAL_RCC_GetPCLK2Freq
 .text.HAL_RCC_OscConfig
                0x00000000080025a4      0x484 Drivers/STM32F4xx_HAL_Driver/Src/stm32f4xx_hal_rcc_ex.o
                0x00000000080025a4                HAL_RCC_OscConfig
 .text.HAL_SPI_Init
                0x0000000008002a28       0xc8 Drivers/STM32F4xx_HAL_Driver/Src/stm32f4xx_hal_spi.o
                0x0000000008002a28                HAL_SPI_Init
 .text.HAL_SPI_Transmit
                0x0000000008002af0      0x268 Drivers/STM32F4xx_HAL_Driver/Src/stm32f4xx_hal_spi.o
                0x0000000008002af0                HAL_SPI_Transmit
 .text.SPI_WaitFlagStateUntilTimeout
                0x0000000008002d58       0xd4 Drivers/STM32F4xx_HAL_Driver/Src/stm32f4xx_hal_spi.o
 .text.SPI_EndRxTxTransaction
                0x0000000008002e2c       0x84 Drivers/STM32F4xx_HAL_Driver/Src/stm32f4xx_hal_spi.o
 .text.HAL_UART_Init
                0x0000000008002eb0       0x9a Drivers/STM32F4xx_HAL_Driver/Src/stm32f4xx_hal_uart.o
                0x0000000008002eb0                HAL_UART_Init
 *fill*         0x0000000008002f4a        0x2 
 .text.UART_SetConfig
                0x0000000008002f4c      0x730 Drivers/STM32F4xx_HAL_Driver/Src/stm32f4xx_hal_uart.o
 .text.__errno  0x000000000800367c        0xc /Applications/STM32CubeIDE.app/Contents/Eclipse/plugins/com.st.stm32cube.ide.mcu.externaltools.gnu-tools-for-stm32.7-2018-q2-update.macos64_1.0.0.201904181610/tools/bin/../lib/gcc/arm-none-eabi/7.3.1/../../../../arm-none-eabi/lib/thumb/v7e-m/fpv4-sp/hard/libc_nano.a(lib_a-errno.o)
                0x000000000800367c                __errno
 .text.__libc_init_array
                0x0000000008003688       0x48 /Applications/STM32CubeIDE.app/Contents/Eclipse/plugins/com.st.stm32cube.ide.mcu.externaltools.gnu-tools-for-stm32.7-2018-q2-update.macos64_1.0.0.201904181610/tools/bin/../lib/gcc/arm-none-eabi/7.3.1/../../../../arm-none-eabi/lib/thumb/v7e-m/fpv4-sp/hard/libc_nano.a(lib_a-init.o)
                0x0000000008003688                __libc_init_array
 .text.malloc   0x00000000080036d0       0x10 /Applications/STM32CubeIDE.app/Contents/Eclipse/plugins/com.st.stm32cube.ide.mcu.externaltools.gnu-tools-for-stm32.7-2018-q2-update.macos64_1.0.0.201904181610/tools/bin/../lib/gcc/arm-none-eabi/7.3.1/../../../../arm-none-eabi/lib/thumb/v7e-m/fpv4-sp/hard/libc_nano.a(lib_a-malloc.o)
                0x00000000080036d0                malloc
 .text.memset   0x00000000080036e0       0x10 /Applications/STM32CubeIDE.app/Contents/Eclipse/plugins/com.st.stm32cube.ide.mcu.externaltools.gnu-tools-for-stm32.7-2018-q2-update.macos64_1.0.0.201904181610/tools/bin/../lib/gcc/arm-none-eabi/7.3.1/../../../../arm-none-eabi/lib/thumb/v7e-m/fpv4-sp/hard/libc_nano.a(lib_a-memset.o)
                0x00000000080036e0                memset
 .text._free_r  0x00000000080036f0       0x9c /Applications/STM32CubeIDE.app/Contents/Eclipse/plugins/com.st.stm32cube.ide.mcu.externaltools.gnu-tools-for-stm32.7-2018-q2-update.macos64_1.0.0.201904181610/tools/bin/../lib/gcc/arm-none-eabi/7.3.1/../../../../arm-none-eabi/lib/thumb/v7e-m/fpv4-sp/hard/libc_nano.a(lib_a-nano-freer.o)
                0x00000000080036f0                _free_r
 .text._malloc_r
                0x000000000800378c       0xb4 /Applications/STM32CubeIDE.app/Contents/Eclipse/plugins/com.st.stm32cube.ide.mcu.externaltools.gnu-tools-for-stm32.7-2018-q2-update.macos64_1.0.0.201904181610/tools/bin/../lib/gcc/arm-none-eabi/7.3.1/../../../../arm-none-eabi/lib/thumb/v7e-m/fpv4-sp/hard/libc_nano.a(lib_a-nano-mallocr.o)
                0x000000000800378c                _malloc_r
 .text._puts_r  0x0000000008003840       0xb8 /Applications/STM32CubeIDE.app/Contents/Eclipse/plugins/com.st.stm32cube.ide.mcu.externaltools.gnu-tools-for-stm32.7-2018-q2-update.macos64_1.0.0.201904181610/tools/bin/../lib/gcc/arm-none-eabi/7.3.1/../../../../arm-none-eabi/lib/thumb/v7e-m/fpv4-sp/hard/libc_nano.a(lib_a-puts.o)
                0x0000000008003840                _puts_r
 .text.puts     0x00000000080038f8       0x10 /Applications/STM32CubeIDE.app/Contents/Eclipse/plugins/com.st.stm32cube.ide.mcu.externaltools.gnu-tools-for-stm32.7-2018-q2-update.macos64_1.0.0.201904181610/tools/bin/../lib/gcc/arm-none-eabi/7.3.1/../../../../arm-none-eabi/lib/thumb/v7e-m/fpv4-sp/hard/libc_nano.a(lib_a-puts.o)
                0x00000000080038f8                puts
 .text._sbrk_r  0x0000000008003908       0x20 /Applications/STM32CubeIDE.app/Contents/Eclipse/plugins/com.st.stm32cube.ide.mcu.externaltools.gnu-tools-for-stm32.7-2018-q2-update.macos64_1.0.0.201904181610/tools/bin/../lib/gcc/arm-none-eabi/7.3.1/../../../../arm-none-eabi/lib/thumb/v7e-m/fpv4-sp/hard/libc_nano.a(lib_a-sbrkr.o)
                0x0000000008003908                _sbrk_r
 .text.__swbuf_r
                0x0000000008003928       0xa4 /Applications/STM32CubeIDE.app/Contents/Eclipse/plugins/com.st.stm32cube.ide.mcu.externaltools.gnu-tools-for-stm32.7-2018-q2-update.macos64_1.0.0.201904181610/tools/bin/../lib/gcc/arm-none-eabi/7.3.1/../../../../arm-none-eabi/lib/thumb/v7e-m/fpv4-sp/hard/libc_nano.a(lib_a-wbuf.o)
                0x0000000008003928                __swbuf_r
 .text.__swsetup_r
                0x00000000080039cc       0xdc /Applications/STM32CubeIDE.app/Contents/Eclipse/plugins/com.st.stm32cube.ide.mcu.externaltools.gnu-tools-for-stm32.7-2018-q2-update.macos64_1.0.0.201904181610/tools/bin/../lib/gcc/arm-none-eabi/7.3.1/../../../../arm-none-eabi/lib/thumb/v7e-m/fpv4-sp/hard/libc_nano.a(lib_a-wsetup.o)
                0x00000000080039cc                __swsetup_r
 .text.__sflush_r
                0x0000000008003aa8      0x10c /Applications/STM32CubeIDE.app/Contents/Eclipse/plugins/com.st.stm32cube.ide.mcu.externaltools.gnu-tools-for-stm32.7-2018-q2-update.macos64_1.0.0.201904181610/tools/bin/../lib/gcc/arm-none-eabi/7.3.1/../../../../arm-none-eabi/lib/thumb/v7e-m/fpv4-sp/hard/libc_nano.a(lib_a-fflush.o)
                0x0000000008003aa8                __sflush_r
 .text._fflush_r
                0x0000000008003bb4       0x54 /Applications/STM32CubeIDE.app/Contents/Eclipse/plugins/com.st.stm32cube.ide.mcu.externaltools.gnu-tools-for-stm32.7-2018-q2-update.macos64_1.0.0.201904181610/tools/bin/../lib/gcc/arm-none-eabi/7.3.1/../../../../arm-none-eabi/lib/thumb/v7e-m/fpv4-sp/hard/libc_nano.a(lib_a-fflush.o)
                0x0000000008003bb4                _fflush_r
 .text.std      0x0000000008003c08       0x48 /Applications/STM32CubeIDE.app/Contents/Eclipse/plugins/com.st.stm32cube.ide.mcu.externaltools.gnu-tools-for-stm32.7-2018-q2-update.macos64_1.0.0.201904181610/tools/bin/../lib/gcc/arm-none-eabi/7.3.1/../../../../arm-none-eabi/lib/thumb/v7e-m/fpv4-sp/hard/libc_nano.a(lib_a-findfp.o)
 .text._cleanup_r
                0x0000000008003c50        0xc /Applications/STM32CubeIDE.app/Contents/Eclipse/plugins/com.st.stm32cube.ide.mcu.externaltools.gnu-tools-for-stm32.7-2018-q2-update.macos64_1.0.0.201904181610/tools/bin/../lib/gcc/arm-none-eabi/7.3.1/../../../../arm-none-eabi/lib/thumb/v7e-m/fpv4-sp/hard/libc_nano.a(lib_a-findfp.o)
                0x0000000008003c50                _cleanup_r
 .text.__sfmoreglue
                0x0000000008003c5c       0x2c /Applications/STM32CubeIDE.app/Contents/Eclipse/plugins/com.st.stm32cube.ide.mcu.externaltools.gnu-tools-for-stm32.7-2018-q2-update.macos64_1.0.0.201904181610/tools/bin/../lib/gcc/arm-none-eabi/7.3.1/../../../../arm-none-eabi/lib/thumb/v7e-m/fpv4-sp/hard/libc_nano.a(lib_a-findfp.o)
                0x0000000008003c5c                __sfmoreglue
 .text.__sinit  0x0000000008003c88       0x60 /Applications/STM32CubeIDE.app/Contents/Eclipse/plugins/com.st.stm32cube.ide.mcu.externaltools.gnu-tools-for-stm32.7-2018-q2-update.macos64_1.0.0.201904181610/tools/bin/../lib/gcc/arm-none-eabi/7.3.1/../../../../arm-none-eabi/lib/thumb/v7e-m/fpv4-sp/hard/libc_nano.a(lib_a-findfp.o)
                0x0000000008003c88                __sinit
 .text.__sfp    0x0000000008003ce8       0x78 /Applications/STM32CubeIDE.app/Contents/Eclipse/plugins/com.st.stm32cube.ide.mcu.externaltools.gnu-tools-for-stm32.7-2018-q2-update.macos64_1.0.0.201904181610/tools/bin/../lib/gcc/arm-none-eabi/7.3.1/../../../../arm-none-eabi/lib/thumb/v7e-m/fpv4-sp/hard/libc_nano.a(lib_a-findfp.o)
                0x0000000008003ce8                __sfp
 .text._fwalk_reent
                0x0000000008003d60       0x3c /Applications/STM32CubeIDE.app/Contents/Eclipse/plugins/com.st.stm32cube.ide.mcu.externaltools.gnu-tools-for-stm32.7-2018-q2-update.macos64_1.0.0.201904181610/tools/bin/../lib/gcc/arm-none-eabi/7.3.1/../../../../arm-none-eabi/lib/thumb/v7e-m/fpv4-sp/hard/libc_nano.a(lib_a-fwalk.o)
                0x0000000008003d60                _fwalk_reent
 .text.__swhatbuf_r
                0x0000000008003d9c       0x48 /Applications/STM32CubeIDE.app/Contents/Eclipse/plugins/com.st.stm32cube.ide.mcu.externaltools.gnu-tools-for-stm32.7-2018-q2-update.macos64_1.0.0.201904181610/tools/bin/../lib/gcc/arm-none-eabi/7.3.1/../../../../arm-none-eabi/lib/thumb/v7e-m/fpv4-sp/hard/libc_nano.a(lib_a-makebuf.o)
                0x0000000008003d9c                __swhatbuf_r
 .text.__smakebuf_r
                0x0000000008003de4       0x80 /Applications/STM32CubeIDE.app/Contents/Eclipse/plugins/com.st.stm32cube.ide.mcu.externaltools.gnu-tools-for-stm32.7-2018-q2-update.macos64_1.0.0.201904181610/tools/bin/../lib/gcc/arm-none-eabi/7.3.1/../../../../arm-none-eabi/lib/thumb/v7e-m/fpv4-sp/hard/libc_nano.a(lib_a-makebuf.o)
                0x0000000008003de4                __smakebuf_r
 .text.__malloc_lock
                0x0000000008003e64        0x2 /Applications/STM32CubeIDE.app/Contents/Eclipse/plugins/com.st.stm32cube.ide.mcu.externaltools.gnu-tools-for-stm32.7-2018-q2-update.macos64_1.0.0.201904181610/tools/bin/../lib/gcc/arm-none-eabi/7.3.1/../../../../arm-none-eabi/lib/thumb/v7e-m/fpv4-sp/hard/libc_nano.a(lib_a-mlock.o)
                0x0000000008003e64                __malloc_lock
 .text.__malloc_unlock
                0x0000000008003e66        0x2 /Applications/STM32CubeIDE.app/Contents/Eclipse/plugins/com.st.stm32cube.ide.mcu.externaltools.gnu-tools-for-stm32.7-2018-q2-update.macos64_1.0.0.201904181610/tools/bin/../lib/gcc/arm-none-eabi/7.3.1/../../../../arm-none-eabi/lib/thumb/v7e-m/fpv4-sp/hard/libc_nano.a(lib_a-mlock.o)
                0x0000000008003e66                __malloc_unlock
 .text.__sread  0x0000000008003e68       0x22 /Applications/STM32CubeIDE.app/Contents/Eclipse/plugins/com.st.stm32cube.ide.mcu.externaltools.gnu-tools-for-stm32.7-2018-q2-update.macos64_1.0.0.201904181610/tools/bin/../lib/gcc/arm-none-eabi/7.3.1/../../../../arm-none-eabi/lib/thumb/v7e-m/fpv4-sp/hard/libc_nano.a(lib_a-stdio.o)
                0x0000000008003e68                __sread
 .text.__swrite
                0x0000000008003e8a       0x38 /Applications/STM32CubeIDE.app/Contents/Eclipse/plugins/com.st.stm32cube.ide.mcu.externaltools.gnu-tools-for-stm32.7-2018-q2-update.macos64_1.0.0.201904181610/tools/bin/../lib/gcc/arm-none-eabi/7.3.1/../../../../arm-none-eabi/lib/thumb/v7e-m/fpv4-sp/hard/libc_nano.a(lib_a-stdio.o)
                0x0000000008003e8a                __swrite
 .text.__sseek  0x0000000008003ec2       0x24 /Applications/STM32CubeIDE.app/Contents/Eclipse/plugins/com.st.stm32cube.ide.mcu.externaltools.gnu-tools-for-stm32.7-2018-q2-update.macos64_1.0.0.201904181610/tools/bin/../lib/gcc/arm-none-eabi/7.3.1/../../../../arm-none-eabi/lib/thumb/v7e-m/fpv4-sp/hard/libc_nano.a(lib_a-stdio.o)
                0x0000000008003ec2                __sseek
 .text.__sclose
                0x0000000008003ee6        0x8 /Applications/STM32CubeIDE.app/Contents/Eclipse/plugins/com.st.stm32cube.ide.mcu.externaltools.gnu-tools-for-stm32.7-2018-q2-update.macos64_1.0.0.201904181610/tools/bin/../lib/gcc/arm-none-eabi/7.3.1/../../../../arm-none-eabi/lib/thumb/v7e-m/fpv4-sp/hard/libc_nano.a(lib_a-stdio.o)
                0x0000000008003ee6                __sclose
 *fill*         0x0000000008003eee        0x2 
 .text._write_r
                0x0000000008003ef0       0x24 /Applications/STM32CubeIDE.app/Contents/Eclipse/plugins/com.st.stm32cube.ide.mcu.externaltools.gnu-tools-for-stm32.7-2018-q2-update.macos64_1.0.0.201904181610/tools/bin/../lib/gcc/arm-none-eabi/7.3.1/../../../../arm-none-eabi/lib/thumb/v7e-m/fpv4-sp/hard/libc_nano.a(lib_a-writer.o)
                0x0000000008003ef0                _write_r
 .text._close_r
                0x0000000008003f14       0x20 /Applications/STM32CubeIDE.app/Contents/Eclipse/plugins/com.st.stm32cube.ide.mcu.externaltools.gnu-tools-for-stm32.7-2018-q2-update.macos64_1.0.0.201904181610/tools/bin/../lib/gcc/arm-none-eabi/7.3.1/../../../../arm-none-eabi/lib/thumb/v7e-m/fpv4-sp/hard/libc_nano.a(lib_a-closer.o)
                0x0000000008003f14                _close_r
 .text._fstat_r
                0x0000000008003f34       0x24 /Applications/STM32CubeIDE.app/Contents/Eclipse/plugins/com.st.stm32cube.ide.mcu.externaltools.gnu-tools-for-stm32.7-2018-q2-update.macos64_1.0.0.201904181610/tools/bin/../lib/gcc/arm-none-eabi/7.3.1/../../../../arm-none-eabi/lib/thumb/v7e-m/fpv4-sp/hard/libc_nano.a(lib_a-fstatr.o)
                0x0000000008003f34                _fstat_r
 .text._isatty_r
                0x0000000008003f58       0x20 /Applications/STM32CubeIDE.app/Contents/Eclipse/plugins/com.st.stm32cube.ide.mcu.externaltools.gnu-tools-for-stm32.7-2018-q2-update.macos64_1.0.0.201904181610/tools/bin/../lib/gcc/arm-none-eabi/7.3.1/../../../../arm-none-eabi/lib/thumb/v7e-m/fpv4-sp/hard/libc_nano.a(lib_a-isattyr.o)
                0x0000000008003f58                _isatty_r
 .text._lseek_r
                0x0000000008003f78       0x24 /Applications/STM32CubeIDE.app/Contents/Eclipse/plugins/com.st.stm32cube.ide.mcu.externaltools.gnu-tools-for-stm32.7-2018-q2-update.macos64_1.0.0.201904181610/tools/bin/../lib/gcc/arm-none-eabi/7.3.1/../../../../arm-none-eabi/lib/thumb/v7e-m/fpv4-sp/hard/libc_nano.a(lib_a-lseekr.o)
                0x0000000008003f78                _lseek_r
 .text._read_r  0x0000000008003f9c       0x24 /Applications/STM32CubeIDE.app/Contents/Eclipse/plugins/com.st.stm32cube.ide.mcu.externaltools.gnu-tools-for-stm32.7-2018-q2-update.macos64_1.0.0.201904181610/tools/bin/../lib/gcc/arm-none-eabi/7.3.1/../../../../arm-none-eabi/lib/thumb/v7e-m/fpv4-sp/hard/libc_nano.a(lib_a-readr.o)
                0x0000000008003f9c                _read_r
 *(.glue_7)
 .glue_7        0x0000000008003fc0        0x0 linker stubs
 *(.glue_7t)
 .glue_7t       0x0000000008003fc0        0x0 linker stubs
 *(.eh_frame)
 .eh_frame      0x0000000008003fc0        0x0 /Applications/STM32CubeIDE.app/Contents/Eclipse/plugins/com.st.stm32cube.ide.mcu.externaltools.gnu-tools-for-stm32.7-2018-q2-update.macos64_1.0.0.201904181610/tools/bin/../lib/gcc/arm-none-eabi/7.3.1/thumb/v7e-m/fpv4-sp/hard/crtbegin.o
 *(.init)
 .init          0x0000000008003fc0        0x4 /Applications/STM32CubeIDE.app/Contents/Eclipse/plugins/com.st.stm32cube.ide.mcu.externaltools.gnu-tools-for-stm32.7-2018-q2-update.macos64_1.0.0.201904181610/tools/bin/../lib/gcc/arm-none-eabi/7.3.1/thumb/v7e-m/fpv4-sp/hard/crti.o
                0x0000000008003fc0                _init
 .init          0x0000000008003fc4        0x8 /Applications/STM32CubeIDE.app/Contents/Eclipse/plugins/com.st.stm32cube.ide.mcu.externaltools.gnu-tools-for-stm32.7-2018-q2-update.macos64_1.0.0.201904181610/tools/bin/../lib/gcc/arm-none-eabi/7.3.1/thumb/v7e-m/fpv4-sp/hard/crtn.o
 *(.fini)
 .fini          0x0000000008003fcc        0x4 /Applications/STM32CubeIDE.app/Contents/Eclipse/plugins/com.st.stm32cube.ide.mcu.externaltools.gnu-tools-for-stm32.7-2018-q2-update.macos64_1.0.0.201904181610/tools/bin/../lib/gcc/arm-none-eabi/7.3.1/thumb/v7e-m/fpv4-sp/hard/crti.o
                0x0000000008003fcc                _fini
 .fini          0x0000000008003fd0        0x8 /Applications/STM32CubeIDE.app/Contents/Eclipse/plugins/com.st.stm32cube.ide.mcu.externaltools.gnu-tools-for-stm32.7-2018-q2-update.macos64_1.0.0.201904181610/tools/bin/../lib/gcc/arm-none-eabi/7.3.1/thumb/v7e-m/fpv4-sp/hard/crtn.o
                0x0000000008003fd8                . = ALIGN (0x4)
                0x0000000008003fd8                _etext = .

.vfp11_veneer   0x0000000008003fd8        0x0
 .vfp11_veneer  0x0000000008003fd8        0x0 linker stubs

.v4_bx          0x0000000008003fd8        0x0
 .v4_bx         0x0000000008003fd8        0x0 linker stubs

.iplt           0x0000000008003fd8        0x0
 .iplt          0x0000000008003fd8        0x0 /Applications/STM32CubeIDE.app/Contents/Eclipse/plugins/com.st.stm32cube.ide.mcu.externaltools.gnu-tools-for-stm32.7-2018-q2-update.macos64_1.0.0.201904181610/tools/bin/../lib/gcc/arm-none-eabi/7.3.1/thumb/v7e-m/fpv4-sp/hard/crtbegin.o

.rodata         0x0000000008003fd8     0x712c
                0x0000000008003fd8                . = ALIGN (0x4)
 *(.rodata)
 .rodata        0x0000000008003fd8       0x1c Core/Src/main.o
 *(.rodata*)
 .rodata.lut_vcom_dc
                0x0000000008003ff4       0x2c Core/Src/epd2in7.o
                0x0000000008003ff4                lut_vcom_dc
 .rodata.lut_ww
                0x0000000008004020       0x2a Core/Src/epd2in7.o
                0x0000000008004020                lut_ww
 *fill*         0x000000000800404a        0x2 
 .rodata.lut_bw
                0x000000000800404c       0x2a Core/Src/epd2in7.o
                0x000000000800404c                lut_bw
 *fill*         0x0000000008004076        0x2 
 .rodata.lut_bb
                0x0000000008004078       0x2a Core/Src/epd2in7.o
                0x0000000008004078                lut_bb
 *fill*         0x00000000080040a2        0x2 
 .rodata.lut_wb
                0x00000000080040a4       0x2a Core/Src/epd2in7.o
                0x00000000080040a4                lut_wb
 *fill*         0x00000000080040ce        0x2 
 .rodata.Font16_Table
                0x00000000080040d0      0xbe0 Core/Src/font16.o
                0x00000000080040d0                Font16_Table
 .rodata.Font20_Table
                0x0000000008004cb0      0xed8 Core/Src/font20.o
                0x0000000008004cb0                Font20_Table
 .rodata.qie    0x0000000008005b88     0x5500 Core/Src/main.o
                0x0000000008005b88                qie
 .rodata.AHBPrescTable
                0x000000000800b088       0x10 Core/Src/system_stm32f4xx.o
                0x000000000800b088                AHBPrescTable
 .rodata.APBPrescTable
                0x000000000800b098        0x8 Core/Src/system_stm32f4xx.o
                0x000000000800b098                APBPrescTable
 .rodata._global_impure_ptr
                0x000000000800b0a0        0x4 /Applications/STM32CubeIDE.app/Contents/Eclipse/plugins/com.st.stm32cube.ide.mcu.externaltools.gnu-tools-for-stm32.7-2018-q2-update.macos64_1.0.0.201904181610/tools/bin/../lib/gcc/arm-none-eabi/7.3.1/../../../../arm-none-eabi/lib/thumb/v7e-m/fpv4-sp/hard/libc_nano.a(lib_a-impure.o)
                0x000000000800b0a0                _global_impure_ptr
 .rodata.__sf_fake_stderr
                0x000000000800b0a4       0x20 /Applications/STM32CubeIDE.app/Contents/Eclipse/plugins/com.st.stm32cube.ide.mcu.externaltools.gnu-tools-for-stm32.7-2018-q2-update.macos64_1.0.0.201904181610/tools/bin/../lib/gcc/arm-none-eabi/7.3.1/../../../../arm-none-eabi/lib/thumb/v7e-m/fpv4-sp/hard/libc_nano.a(lib_a-findfp.o)
                0x000000000800b0a4                __sf_fake_stderr
 .rodata.__sf_fake_stdin
                0x000000000800b0c4       0x20 /Applications/STM32CubeIDE.app/Contents/Eclipse/plugins/com.st.stm32cube.ide.mcu.externaltools.gnu-tools-for-stm32.7-2018-q2-update.macos64_1.0.0.201904181610/tools/bin/../lib/gcc/arm-none-eabi/7.3.1/../../../../arm-none-eabi/lib/thumb/v7e-m/fpv4-sp/hard/libc_nano.a(lib_a-findfp.o)
                0x000000000800b0c4                __sf_fake_stdin
 .rodata.__sf_fake_stdout
                0x000000000800b0e4       0x20 /Applications/STM32CubeIDE.app/Contents/Eclipse/plugins/com.st.stm32cube.ide.mcu.externaltools.gnu-tools-for-stm32.7-2018-q2-update.macos64_1.0.0.201904181610/tools/bin/../lib/gcc/arm-none-eabi/7.3.1/../../../../arm-none-eabi/lib/thumb/v7e-m/fpv4-sp/hard/libc_nano.a(lib_a-findfp.o)
                0x000000000800b0e4                __sf_fake_stdout
                0x000000000800b104                . = ALIGN (0x4)

.ARM.extab      0x000000000800b104        0x0
                0x000000000800b104                . = ALIGN (0x4)
 *(.ARM.extab* .gnu.linkonce.armextab.*)
                0x000000000800b104                . = ALIGN (0x4)

.ARM            0x000000000800b104        0x8
                0x000000000800b104                . = ALIGN (0x4)
                0x000000000800b104                __exidx_start = .
 *(.ARM.exidx*)
 .ARM.exidx     0x000000000800b104        0x8 /Applications/STM32CubeIDE.app/Contents/Eclipse/plugins/com.st.stm32cube.ide.mcu.externaltools.gnu-tools-for-stm32.7-2018-q2-update.macos64_1.0.0.201904181610/tools/bin/../lib/gcc/arm-none-eabi/7.3.1/thumb/v7e-m/fpv4-sp/hard/libgcc.a(_udivmoddi4.o)
                0x000000000800b10c                __exidx_end = .
                0x000000000800b10c                . = ALIGN (0x4)

.rel.dyn        0x000000000800b10c        0x0
 .rel.iplt      0x000000000800b10c        0x0 /Applications/STM32CubeIDE.app/Contents/Eclipse/plugins/com.st.stm32cube.ide.mcu.externaltools.gnu-tools-for-stm32.7-2018-q2-update.macos64_1.0.0.201904181610/tools/bin/../lib/gcc/arm-none-eabi/7.3.1/thumb/v7e-m/fpv4-sp/hard/crtbegin.o

.preinit_array  0x000000000800b10c        0x0
                0x000000000800b10c                . = ALIGN (0x4)
                0x000000000800b10c                PROVIDE (__preinit_array_start = .)
 *(.preinit_array*)
                0x000000000800b10c                PROVIDE (__preinit_array_end = .)
                0x000000000800b10c                . = ALIGN (0x4)

.init_array     0x000000000800b10c        0x4
                0x000000000800b10c                . = ALIGN (0x4)
                0x000000000800b10c                PROVIDE (__init_array_start = .)
 *(SORT_BY_NAME(.init_array.*))
 *(.init_array*)
 .init_array    0x000000000800b10c        0x4 /Applications/STM32CubeIDE.app/Contents/Eclipse/plugins/com.st.stm32cube.ide.mcu.externaltools.gnu-tools-for-stm32.7-2018-q2-update.macos64_1.0.0.201904181610/tools/bin/../lib/gcc/arm-none-eabi/7.3.1/thumb/v7e-m/fpv4-sp/hard/crtbegin.o
                0x000000000800b110                PROVIDE (__init_array_end = .)
                0x000000000800b110                . = ALIGN (0x4)

.fini_array     0x000000000800b110        0x4
                0x000000000800b110                . = ALIGN (0x4)
                [!provide]                        PROVIDE (__fini_array_start = .)
 *(SORT_BY_NAME(.fini_array.*))
 *(.fini_array*)
 .fini_array    0x000000000800b110        0x4 /Applications/STM32CubeIDE.app/Contents/Eclipse/plugins/com.st.stm32cube.ide.mcu.externaltools.gnu-tools-for-stm32.7-2018-q2-update.macos64_1.0.0.201904181610/tools/bin/../lib/gcc/arm-none-eabi/7.3.1/thumb/v7e-m/fpv4-sp/hard/crtbegin.o
                [!provide]                        PROVIDE (__fini_array_end = .)
                0x000000000800b114                . = ALIGN (0x4)
                0x000000000800b114                _sidata = LOADADDR (.data)

.data           0x0000000020000000       0xa0 load address 0x000000000800b114
                0x0000000020000000                . = ALIGN (0x4)
                0x0000000020000000                _sdata = .
 *(.data)
 *(.data*)
 .data.epd_cs_pin
                0x0000000020000000        0x8 Core/Src/epdif.o
                0x0000000020000000                epd_cs_pin
 .data.epd_rst_pin
                0x0000000020000008        0x8 Core/Src/epdif.o
                0x0000000020000008                epd_rst_pin
 .data.epd_dc_pin
                0x0000000020000010        0x8 Core/Src/epdif.o
                0x0000000020000010                epd_dc_pin
 .data.epd_busy_pin
                0x0000000020000018        0x8 Core/Src/epdif.o
                0x0000000020000018                epd_busy_pin
 .data.Font16   0x0000000020000020        0x8 Core/Src/font16.o
                0x0000000020000020                Font16
 .data.Font20   0x0000000020000028        0x8 Core/Src/font20.o
                0x0000000020000028                Font20
 .data.SystemCoreClock
                0x0000000020000030        0x4 Core/Src/system_stm32f4xx.o
                0x0000000020000030                SystemCoreClock
 .data.uwTickPrio
                0x0000000020000034        0x4 Drivers/STM32F4xx_HAL_Driver/Src/stm32f4xx_hal.o
                0x0000000020000034                uwTickPrio
 .data.uwTickFreq
                0x0000000020000038        0x1 Drivers/STM32F4xx_HAL_Driver/Src/stm32f4xx_hal.o
                0x0000000020000038                uwTickFreq
 *fill*         0x0000000020000039        0x3 
 .data._impure_ptr
                0x000000002000003c        0x4 /Applications/STM32CubeIDE.app/Contents/Eclipse/plugins/com.st.stm32cube.ide.mcu.externaltools.gnu-tools-for-stm32.7-2018-q2-update.macos64_1.0.0.201904181610/tools/bin/../lib/gcc/arm-none-eabi/7.3.1/../../../../arm-none-eabi/lib/thumb/v7e-m/fpv4-sp/hard/libc_nano.a(lib_a-impure.o)
                0x000000002000003c                _impure_ptr
 .data.impure_data
                0x0000000020000040       0x60 /Applications/STM32CubeIDE.app/Contents/Eclipse/plugins/com.st.stm32cube.ide.mcu.externaltools.gnu-tools-for-stm32.7-2018-q2-update.macos64_1.0.0.201904181610/tools/bin/../lib/gcc/arm-none-eabi/7.3.1/../../../../arm-none-eabi/lib/thumb/v7e-m/fpv4-sp/hard/libc_nano.a(lib_a-impure.o)
                0x00000000200000a0                . = ALIGN (0x4)
                0x00000000200000a0                _edata = .

.igot.plt       0x00000000200000a0        0x0 load address 0x000000000800b1b4
 .igot.plt      0x00000000200000a0        0x0 /Applications/STM32CubeIDE.app/Contents/Eclipse/plugins/com.st.stm32cube.ide.mcu.externaltools.gnu-tools-for-stm32.7-2018-q2-update.macos64_1.0.0.201904181610/tools/bin/../lib/gcc/arm-none-eabi/7.3.1/thumb/v7e-m/fpv4-sp/hard/crtbegin.o
                0x00000000200000a0                . = ALIGN (0x4)

.bss            0x00000000200000a0       0xe8 load address 0x000000000800b1b4
                0x00000000200000a0                _sbss = .
                0x00000000200000a0                __bss_start__ = _sbss
 *(.bss)
 .bss           0x00000000200000a0       0x1c /Applications/STM32CubeIDE.app/Contents/Eclipse/plugins/com.st.stm32cube.ide.mcu.externaltools.gnu-tools-for-stm32.7-2018-q2-update.macos64_1.0.0.201904181610/tools/bin/../lib/gcc/arm-none-eabi/7.3.1/thumb/v7e-m/fpv4-sp/hard/crtbegin.o
 *(.bss*)
 .bss.heap_end.6424
                0x00000000200000bc        0x4 Core/Src/sysmem.o
 .bss.__malloc_free_list
                0x00000000200000c0        0x4 /Applications/STM32CubeIDE.app/Contents/Eclipse/plugins/com.st.stm32cube.ide.mcu.externaltools.gnu-tools-for-stm32.7-2018-q2-update.macos64_1.0.0.201904181610/tools/bin/../lib/gcc/arm-none-eabi/7.3.1/../../../../arm-none-eabi/lib/thumb/v7e-m/fpv4-sp/hard/libc_nano.a(lib_a-nano-mallocr.o)
                0x00000000200000c0                __malloc_free_list
 .bss.__malloc_sbrk_start
                0x00000000200000c4        0x4 /Applications/STM32CubeIDE.app/Contents/Eclipse/plugins/com.st.stm32cube.ide.mcu.externaltools.gnu-tools-for-stm32.7-2018-q2-update.macos64_1.0.0.201904181610/tools/bin/../lib/gcc/arm-none-eabi/7.3.1/../../../../arm-none-eabi/lib/thumb/v7e-m/fpv4-sp/hard/libc_nano.a(lib_a-nano-mallocr.o)
                0x00000000200000c4                __malloc_sbrk_start
 *(COMMON)
 COMMON         0x00000000200000c8       0x20 Core/Src/epdif.o
                0x00000000200000c8                pins
 COMMON         0x00000000200000e8       0x98 Core/Src/main.o
                0x00000000200000e8                huart1
                0x0000000020000128                hspi1
 COMMON         0x0000000020000180        0x4 Drivers/STM32F4xx_HAL_Driver/Src/stm32f4xx_hal.o
                0x0000000020000180                uwTick
 COMMON         0x0000000020000184        0x4 /Applications/STM32CubeIDE.app/Contents/Eclipse/plugins/com.st.stm32cube.ide.mcu.externaltools.gnu-tools-for-stm32.7-2018-q2-update.macos64_1.0.0.201904181610/tools/bin/../lib/gcc/arm-none-eabi/7.3.1/../../../../arm-none-eabi/lib/thumb/v7e-m/fpv4-sp/hard/libc_nano.a(lib_a-reent.o)
                0x0000000020000184                errno
                0x0000000020000188                . = ALIGN (0x4)
                0x0000000020000188                _ebss = .
                0x0000000020000188                __bss_end__ = _ebss

._user_heap_stack
                0x0000000020000188     0x2400 load address 0x000000000800b1b4
                0x0000000020000188                . = ALIGN (0x8)
                0x0000000020000188                PROVIDE (end = .)
                [!provide]                        PROVIDE (_end = .)
                0x0000000020002188                . = (. + _Min_Heap_Size)
 *fill*         0x0000000020000188     0x2000 
                0x0000000020002588                . = (. + _Min_Stack_Size)
 *fill*         0x0000000020002188      0x400 
                0x0000000020002588                . = ALIGN (0x8)

/DISCARD/
 libc.a(*)
 libm.a(*)
 libgcc.a(*)

.ARM.attributes
                0x0000000000000000       0x30
 *(.ARM.attributes)
 .ARM.attributes
                0x0000000000000000       0x22 /Applications/STM32CubeIDE.app/Contents/Eclipse/plugins/com.st.stm32cube.ide.mcu.externaltools.gnu-tools-for-stm32.7-2018-q2-update.macos64_1.0.0.201904181610/tools/bin/../lib/gcc/arm-none-eabi/7.3.1/thumb/v7e-m/fpv4-sp/hard/crti.o
 .ARM.attributes
                0x0000000000000022       0x34 /Applications/STM32CubeIDE.app/Contents/Eclipse/plugins/com.st.stm32cube.ide.mcu.externaltools.gnu-tools-for-stm32.7-2018-q2-update.macos64_1.0.0.201904181610/tools/bin/../lib/gcc/arm-none-eabi/7.3.1/thumb/v7e-m/fpv4-sp/hard/crtbegin.o
 .ARM.attributes
                0x0000000000000056       0x39 Core/Src/epd2in7.o
 .ARM.attributes
                0x000000000000008f       0x39 Core/Src/epdif.o
 .ARM.attributes
                0x00000000000000c8       0x39 Core/Src/epdpaint.o
 .ARM.attributes
                0x0000000000000101       0x39 Core/Src/font16.o
 .ARM.attributes
                0x000000000000013a       0x39 Core/Src/font20.o
 .ARM.attributes
                0x0000000000000173       0x39 Core/Src/main.o
 .ARM.attributes
                0x00000000000001ac       0x39 Core/Src/stm32f4xx_hal_msp.o
 .ARM.attributes
                0x00000000000001e5       0x39 Core/Src/stm32f4xx_it.o
 .ARM.attributes
                0x000000000000021e       0x39 Core/Src/syscalls.o
 .ARM.attributes
                0x0000000000000257       0x39 Core/Src/sysmem.o
 .ARM.attributes
                0x0000000000000290       0x39 Core/Src/system_stm32f4xx.o
 .ARM.attributes
                0x00000000000002c9       0x21 Core/Startup/startup_stm32f413zhtx.o
 .ARM.attributes
                0x00000000000002ea       0x39 Drivers/STM32F4xx_HAL_Driver/Src/stm32f4xx_hal.o
 .ARM.attributes
                0x0000000000000323       0x39 Drivers/STM32F4xx_HAL_Driver/Src/stm32f4xx_hal_cortex.o
 .ARM.attributes
                0x000000000000035c       0x39 Drivers/STM32F4xx_HAL_Driver/Src/stm32f4xx_hal_gpio.o
 .ARM.attributes
                0x0000000000000395       0x39 Drivers/STM32F4xx_HAL_Driver/Src/stm32f4xx_hal_rcc.o
 .ARM.attributes
                0x00000000000003ce       0x39 Drivers/STM32F4xx_HAL_Driver/Src/stm32f4xx_hal_rcc_ex.o
 .ARM.attributes
                0x0000000000000407       0x39 Drivers/STM32F4xx_HAL_Driver/Src/stm32f4xx_hal_spi.o
 .ARM.attributes
                0x0000000000000440       0x39 Drivers/STM32F4xx_HAL_Driver/Src/stm32f4xx_hal_uart.o
 .ARM.attributes
                0x0000000000000479       0x34 /Applications/STM32CubeIDE.app/Contents/Eclipse/plugins/com.st.stm32cube.ide.mcu.externaltools.gnu-tools-for-stm32.7-2018-q2-update.macos64_1.0.0.201904181610/tools/bin/../lib/gcc/arm-none-eabi/7.3.1/../../../../arm-none-eabi/lib/thumb/v7e-m/fpv4-sp/hard/libc_nano.a(lib_a-errno.o)
 .ARM.attributes
                0x00000000000004ad       0x34 /Applications/STM32CubeIDE.app/Contents/Eclipse/plugins/com.st.stm32cube.ide.mcu.externaltools.gnu-tools-for-stm32.7-2018-q2-update.macos64_1.0.0.201904181610/tools/bin/../lib/gcc/arm-none-eabi/7.3.1/../../../../arm-none-eabi/lib/thumb/v7e-m/fpv4-sp/hard/libc_nano.a(lib_a-impure.o)
 .ARM.attributes
                0x00000000000004e1       0x34 /Applications/STM32CubeIDE.app/Contents/Eclipse/plugins/com.st.stm32cube.ide.mcu.externaltools.gnu-tools-for-stm32.7-2018-q2-update.macos64_1.0.0.201904181610/tools/bin/../lib/gcc/arm-none-eabi/7.3.1/../../../../arm-none-eabi/lib/thumb/v7e-m/fpv4-sp/hard/libc_nano.a(lib_a-init.o)
 .ARM.attributes
                0x0000000000000515       0x34 /Applications/STM32CubeIDE.app/Contents/Eclipse/plugins/com.st.stm32cube.ide.mcu.externaltools.gnu-tools-for-stm32.7-2018-q2-update.macos64_1.0.0.201904181610/tools/bin/../lib/gcc/arm-none-eabi/7.3.1/../../../../arm-none-eabi/lib/thumb/v7e-m/fpv4-sp/hard/libc_nano.a(lib_a-malloc.o)
 .ARM.attributes
                0x0000000000000549       0x34 /Applications/STM32CubeIDE.app/Contents/Eclipse/plugins/com.st.stm32cube.ide.mcu.externaltools.gnu-tools-for-stm32.7-2018-q2-update.macos64_1.0.0.201904181610/tools/bin/../lib/gcc/arm-none-eabi/7.3.1/../../../../arm-none-eabi/lib/thumb/v7e-m/fpv4-sp/hard/libc_nano.a(lib_a-memset.o)
 .ARM.attributes
                0x000000000000057d       0x34 /Applications/STM32CubeIDE.app/Contents/Eclipse/plugins/com.st.stm32cube.ide.mcu.externaltools.gnu-tools-for-stm32.7-2018-q2-update.macos64_1.0.0.201904181610/tools/bin/../lib/gcc/arm-none-eabi/7.3.1/../../../../arm-none-eabi/lib/thumb/v7e-m/fpv4-sp/hard/libc_nano.a(lib_a-nano-freer.o)
 .ARM.attributes
                0x00000000000005b1       0x34 /Applications/STM32CubeIDE.app/Contents/Eclipse/plugins/com.st.stm32cube.ide.mcu.externaltools.gnu-tools-for-stm32.7-2018-q2-update.macos64_1.0.0.201904181610/tools/bin/../lib/gcc/arm-none-eabi/7.3.1/../../../../arm-none-eabi/lib/thumb/v7e-m/fpv4-sp/hard/libc_nano.a(lib_a-nano-mallocr.o)
 .ARM.attributes
                0x00000000000005e5       0x34 /Applications/STM32CubeIDE.app/Contents/Eclipse/plugins/com.st.stm32cube.ide.mcu.externaltools.gnu-tools-for-stm32.7-2018-q2-update.macos64_1.0.0.201904181610/tools/bin/../lib/gcc/arm-none-eabi/7.3.1/../../../../arm-none-eabi/lib/thumb/v7e-m/fpv4-sp/hard/libc_nano.a(lib_a-puts.o)
 .ARM.attributes
                0x0000000000000619       0x34 /Applications/STM32CubeIDE.app/Contents/Eclipse/plugins/com.st.stm32cube.ide.mcu.externaltools.gnu-tools-for-stm32.7-2018-q2-update.macos64_1.0.0.201904181610/tools/bin/../lib/gcc/arm-none-eabi/7.3.1/../../../../arm-none-eabi/lib/thumb/v7e-m/fpv4-sp/hard/libc_nano.a(lib_a-sbrkr.o)
 .ARM.attributes
                0x000000000000064d       0x34 /Applications/STM32CubeIDE.app/Contents/Eclipse/plugins/com.st.stm32cube.ide.mcu.externaltools.gnu-tools-for-stm32.7-2018-q2-update.macos64_1.0.0.201904181610/tools/bin/../lib/gcc/arm-none-eabi/7.3.1/../../../../arm-none-eabi/lib/thumb/v7e-m/fpv4-sp/hard/libc_nano.a(lib_a-wbuf.o)
 .ARM.attributes
                0x0000000000000681       0x34 /Applications/STM32CubeIDE.app/Contents/Eclipse/plugins/com.st.stm32cube.ide.mcu.externaltools.gnu-tools-for-stm32.7-2018-q2-update.macos64_1.0.0.201904181610/tools/bin/../lib/gcc/arm-none-eabi/7.3.1/../../../../arm-none-eabi/lib/thumb/v7e-m/fpv4-sp/hard/libc_nano.a(lib_a-wsetup.o)
 .ARM.attributes
                0x00000000000006b5       0x34 /Applications/STM32CubeIDE.app/Contents/Eclipse/plugins/com.st.stm32cube.ide.mcu.externaltools.gnu-tools-for-stm32.7-2018-q2-update.macos64_1.0.0.201904181610/tools/bin/../lib/gcc/arm-none-eabi/7.3.1/../../../../arm-none-eabi/lib/thumb/v7e-m/fpv4-sp/hard/libc_nano.a(lib_a-fflush.o)
 .ARM.attributes
                0x00000000000006e9       0x34 /Applications/STM32CubeIDE.app/Contents/Eclipse/plugins/com.st.stm32cube.ide.mcu.externaltools.gnu-tools-for-stm32.7-2018-q2-update.macos64_1.0.0.201904181610/tools/bin/../lib/gcc/arm-none-eabi/7.3.1/../../../../arm-none-eabi/lib/thumb/v7e-m/fpv4-sp/hard/libc_nano.a(lib_a-findfp.o)
 .ARM.attributes
                0x000000000000071d       0x34 /Applications/STM32CubeIDE.app/Contents/Eclipse/plugins/com.st.stm32cube.ide.mcu.externaltools.gnu-tools-for-stm32.7-2018-q2-update.macos64_1.0.0.201904181610/tools/bin/../lib/gcc/arm-none-eabi/7.3.1/../../../../arm-none-eabi/lib/thumb/v7e-m/fpv4-sp/hard/libc_nano.a(lib_a-fwalk.o)
 .ARM.attributes
                0x0000000000000751       0x34 /Applications/STM32CubeIDE.app/Contents/Eclipse/plugins/com.st.stm32cube.ide.mcu.externaltools.gnu-tools-for-stm32.7-2018-q2-update.macos64_1.0.0.201904181610/tools/bin/../lib/gcc/arm-none-eabi/7.3.1/../../../../arm-none-eabi/lib/thumb/v7e-m/fpv4-sp/hard/libc_nano.a(lib_a-makebuf.o)
 .ARM.attributes
                0x0000000000000785       0x34 /Applications/STM32CubeIDE.app/Contents/Eclipse/plugins/com.st.stm32cube.ide.mcu.externaltools.gnu-tools-for-stm32.7-2018-q2-update.macos64_1.0.0.201904181610/tools/bin/../lib/gcc/arm-none-eabi/7.3.1/../../../../arm-none-eabi/lib/thumb/v7e-m/fpv4-sp/hard/libc_nano.a(lib_a-mlock.o)
 .ARM.attributes
                0x00000000000007b9       0x34 /Applications/STM32CubeIDE.app/Contents/Eclipse/plugins/com.st.stm32cube.ide.mcu.externaltools.gnu-tools-for-stm32.7-2018-q2-update.macos64_1.0.0.201904181610/tools/bin/../lib/gcc/arm-none-eabi/7.3.1/../../../../arm-none-eabi/lib/thumb/v7e-m/fpv4-sp/hard/libc_nano.a(lib_a-reent.o)
 .ARM.attributes
                0x00000000000007ed       0x34 /Applications/STM32CubeIDE.app/Contents/Eclipse/plugins/com.st.stm32cube.ide.mcu.externaltools.gnu-tools-for-stm32.7-2018-q2-update.macos64_1.0.0.201904181610/tools/bin/../lib/gcc/arm-none-eabi/7.3.1/../../../../arm-none-eabi/lib/thumb/v7e-m/fpv4-sp/hard/libc_nano.a(lib_a-stdio.o)
 .ARM.attributes
                0x0000000000000821       0x34 /Applications/STM32CubeIDE.app/Contents/Eclipse/plugins/com.st.stm32cube.ide.mcu.externaltools.gnu-tools-for-stm32.7-2018-q2-update.macos64_1.0.0.201904181610/tools/bin/../lib/gcc/arm-none-eabi/7.3.1/../../../../arm-none-eabi/lib/thumb/v7e-m/fpv4-sp/hard/libc_nano.a(lib_a-writer.o)
 .ARM.attributes
                0x0000000000000855       0x34 /Applications/STM32CubeIDE.app/Contents/Eclipse/plugins/com.st.stm32cube.ide.mcu.externaltools.gnu-tools-for-stm32.7-2018-q2-update.macos64_1.0.0.201904181610/tools/bin/../lib/gcc/arm-none-eabi/7.3.1/../../../../arm-none-eabi/lib/thumb/v7e-m/fpv4-sp/hard/libc_nano.a(lib_a-closer.o)
 .ARM.attributes
                0x0000000000000889       0x34 /Applications/STM32CubeIDE.app/Contents/Eclipse/plugins/com.st.stm32cube.ide.mcu.externaltools.gnu-tools-for-stm32.7-2018-q2-update.macos64_1.0.0.201904181610/tools/bin/../lib/gcc/arm-none-eabi/7.3.1/../../../../arm-none-eabi/lib/thumb/v7e-m/fpv4-sp/hard/libc_nano.a(lib_a-fstatr.o)
 .ARM.attributes
                0x00000000000008bd       0x34 /Applications/STM32CubeIDE.app/Contents/Eclipse/plugins/com.st.stm32cube.ide.mcu.externaltools.gnu-tools-for-stm32.7-2018-q2-update.macos64_1.0.0.201904181610/tools/bin/../lib/gcc/arm-none-eabi/7.3.1/../../../../arm-none-eabi/lib/thumb/v7e-m/fpv4-sp/hard/libc_nano.a(lib_a-isattyr.o)
 .ARM.attributes
                0x00000000000008f1       0x34 /Applications/STM32CubeIDE.app/Contents/Eclipse/plugins/com.st.stm32cube.ide.mcu.externaltools.gnu-tools-for-stm32.7-2018-q2-update.macos64_1.0.0.201904181610/tools/bin/../lib/gcc/arm-none-eabi/7.3.1/../../../../arm-none-eabi/lib/thumb/v7e-m/fpv4-sp/hard/libc_nano.a(lib_a-lseekr.o)
 .ARM.attributes
                0x0000000000000925       0x34 /Applications/STM32CubeIDE.app/Contents/Eclipse/plugins/com.st.stm32cube.ide.mcu.externaltools.gnu-tools-for-stm32.7-2018-q2-update.macos64_1.0.0.201904181610/tools/bin/../lib/gcc/arm-none-eabi/7.3.1/../../../../arm-none-eabi/lib/thumb/v7e-m/fpv4-sp/hard/libc_nano.a(lib_a-readr.o)
 .ARM.attributes
                0x0000000000000959       0x22 /Applications/STM32CubeIDE.app/Contents/Eclipse/plugins/com.st.stm32cube.ide.mcu.externaltools.gnu-tools-for-stm32.7-2018-q2-update.macos64_1.0.0.201904181610/tools/bin/../lib/gcc/arm-none-eabi/7.3.1/thumb/v7e-m/fpv4-sp/hard/libgcc.a(_aeabi_uldivmod.o)
 .ARM.attributes
                0x000000000000097b       0x34 /Applications/STM32CubeIDE.app/Contents/Eclipse/plugins/com.st.stm32cube.ide.mcu.externaltools.gnu-tools-for-stm32.7-2018-q2-update.macos64_1.0.0.201904181610/tools/bin/../lib/gcc/arm-none-eabi/7.3.1/thumb/v7e-m/fpv4-sp/hard/libgcc.a(_udivmoddi4.o)
 .ARM.attributes
                0x00000000000009af       0x22 /Applications/STM32CubeIDE.app/Contents/Eclipse/plugins/com.st.stm32cube.ide.mcu.externaltools.gnu-tools-for-stm32.7-2018-q2-update.macos64_1.0.0.201904181610/tools/bin/../lib/gcc/arm-none-eabi/7.3.1/thumb/v7e-m/fpv4-sp/hard/libgcc.a(_dvmd_tls.o)
 .ARM.attributes
                0x00000000000009d1       0x22 /Applications/STM32CubeIDE.app/Contents/Eclipse/plugins/com.st.stm32cube.ide.mcu.externaltools.gnu-tools-for-stm32.7-2018-q2-update.macos64_1.0.0.201904181610/tools/bin/../lib/gcc/arm-none-eabi/7.3.1/thumb/v7e-m/fpv4-sp/hard/crtn.o
OUTPUT(test_screenf4.elf elf32-littlearm)

.debug_info     0x0000000000000000     0xbffa
 .debug_info    0x0000000000000000      0xd46 Core/Src/epd2in7.o
 .debug_info    0x0000000000000d46      0x84c Core/Src/epdif.o
 .debug_info    0x0000000000001592      0x925 Core/Src/epdpaint.o
 .debug_info    0x0000000000001eb7      0x147 Core/Src/font16.o
 .debug_info    0x0000000000001ffe      0x147 Core/Src/font20.o
 .debug_info    0x0000000000002145     0x1818 Core/Src/main.o
 .debug_info    0x000000000000395d      0xc79 Core/Src/stm32f4xx_hal_msp.o
 .debug_info    0x00000000000045d6      0x20a Core/Src/stm32f4xx_it.o
 .debug_info    0x00000000000047e0      0xebd Core/Src/syscalls.o
 .debug_info    0x000000000000569d      0x91c Core/Src/sysmem.o
 .debug_info    0x0000000000005fb9      0x588 Core/Src/system_stm32f4xx.o
 .debug_info    0x0000000000006541       0x22 Core/Startup/startup_stm32f413zhtx.o
 .debug_info    0x0000000000006563      0x9c7 Drivers/STM32F4xx_HAL_Driver/Src/stm32f4xx_hal.o
 .debug_info    0x0000000000006f2a      0xe76 Drivers/STM32F4xx_HAL_Driver/Src/stm32f4xx_hal_cortex.o
 .debug_info    0x0000000000007da0      0x81d Drivers/STM32F4xx_HAL_Driver/Src/stm32f4xx_hal_gpio.o
 .debug_info    0x00000000000085bd      0x944 Drivers/STM32F4xx_HAL_Driver/Src/stm32f4xx_hal_rcc.o
 .debug_info    0x0000000000008f01      0x873 Drivers/STM32F4xx_HAL_Driver/Src/stm32f4xx_hal_rcc_ex.o
 .debug_info    0x0000000000009774     0x163a Drivers/STM32F4xx_HAL_Driver/Src/stm32f4xx_hal_spi.o
 .debug_info    0x000000000000adae     0x124c Drivers/STM32F4xx_HAL_Driver/Src/stm32f4xx_hal_uart.o

.debug_abbrev   0x0000000000000000     0x1fbf
 .debug_abbrev  0x0000000000000000      0x23c Core/Src/epd2in7.o
 .debug_abbrev  0x000000000000023c      0x1b0 Core/Src/epdif.o
 .debug_abbrev  0x00000000000003ec      0x17c Core/Src/epdpaint.o
 .debug_abbrev  0x0000000000000568       0xa5 Core/Src/font16.o
 .debug_abbrev  0x000000000000060d       0xa5 Core/Src/font20.o
 .debug_abbrev  0x00000000000006b2      0x273 Core/Src/main.o
 .debug_abbrev  0x0000000000000925      0x18c Core/Src/stm32f4xx_hal_msp.o
 .debug_abbrev  0x0000000000000ab1       0xc6 Core/Src/stm32f4xx_it.o
 .debug_abbrev  0x0000000000000b77      0x261 Core/Src/syscalls.o
 .debug_abbrev  0x0000000000000dd8      0x1bb Core/Src/sysmem.o
 .debug_abbrev  0x0000000000000f93      0x12b Core/Src/system_stm32f4xx.o
 .debug_abbrev  0x00000000000010be       0x12 Core/Startup/startup_stm32f413zhtx.o
 .debug_abbrev  0x00000000000010d0      0x1c7 Drivers/STM32F4xx_HAL_Driver/Src/stm32f4xx_hal.o
 .debug_abbrev  0x0000000000001297      0x2fa Drivers/STM32F4xx_HAL_Driver/Src/stm32f4xx_hal_cortex.o
 .debug_abbrev  0x0000000000001591      0x1c9 Drivers/STM32F4xx_HAL_Driver/Src/stm32f4xx_hal_gpio.o
 .debug_abbrev  0x000000000000175a      0x245 Drivers/STM32F4xx_HAL_Driver/Src/stm32f4xx_hal_rcc.o
 .debug_abbrev  0x000000000000199f      0x19e Drivers/STM32F4xx_HAL_Driver/Src/stm32f4xx_hal_rcc_ex.o
 .debug_abbrev  0x0000000000001b3d      0x240 Drivers/STM32F4xx_HAL_Driver/Src/stm32f4xx_hal_spi.o
 .debug_abbrev  0x0000000000001d7d      0x242 Drivers/STM32F4xx_HAL_Driver/Src/stm32f4xx_hal_uart.o

.debug_aranges  0x0000000000000000      0xa80
 .debug_aranges
                0x0000000000000000       0x70 Core/Src/epd2in7.o
 .debug_aranges
                0x0000000000000070       0x40 Core/Src/epdif.o
 .debug_aranges
                0x00000000000000b0       0xb8 Core/Src/epdpaint.o
 .debug_aranges
                0x0000000000000168       0x18 Core/Src/font16.o
 .debug_aranges
                0x0000000000000180       0x18 Core/Src/font20.o
 .debug_aranges
                0x0000000000000198       0x48 Core/Src/main.o
 .debug_aranges
                0x00000000000001e0       0x40 Core/Src/stm32f4xx_hal_msp.o
 .debug_aranges
                0x0000000000000220       0x60 Core/Src/stm32f4xx_it.o
 .debug_aranges
                0x0000000000000280       0xa8 Core/Src/syscalls.o
 .debug_aranges
                0x0000000000000328       0x20 Core/Src/sysmem.o
 .debug_aranges
                0x0000000000000348       0x28 Core/Src/system_stm32f4xx.o
 .debug_aranges
                0x0000000000000370       0x28 Core/Startup/startup_stm32f413zhtx.o
 .debug_aranges
                0x0000000000000398       0xf0 Drivers/STM32F4xx_HAL_Driver/Src/stm32f4xx_hal.o
 .debug_aranges
                0x0000000000000488      0x118 Drivers/STM32F4xx_HAL_Driver/Src/stm32f4xx_hal_cortex.o
 .debug_aranges
                0x00000000000005a0       0x58 Drivers/STM32F4xx_HAL_Driver/Src/stm32f4xx_hal_gpio.o
 .debug_aranges
                0x00000000000005f8       0x88 Drivers/STM32F4xx_HAL_Driver/Src/stm32f4xx_hal_rcc.o
 .debug_aranges
                0x0000000000000680       0x60 Drivers/STM32F4xx_HAL_Driver/Src/stm32f4xx_hal_rcc_ex.o
 .debug_aranges
                0x00000000000006e0      0x1d0 Drivers/STM32F4xx_HAL_Driver/Src/stm32f4xx_hal_spi.o
 .debug_aranges
                0x00000000000008b0      0x1d0 Drivers/STM32F4xx_HAL_Driver/Src/stm32f4xx_hal_uart.o

.debug_ranges   0x0000000000000000      0x948
 .debug_ranges  0x0000000000000000       0x60 Core/Src/epd2in7.o
 .debug_ranges  0x0000000000000060       0x30 Core/Src/epdif.o
 .debug_ranges  0x0000000000000090       0xa8 Core/Src/epdpaint.o
 .debug_ranges  0x0000000000000138       0x38 Core/Src/main.o
 .debug_ranges  0x0000000000000170       0x30 Core/Src/stm32f4xx_hal_msp.o
 .debug_ranges  0x00000000000001a0       0x50 Core/Src/stm32f4xx_it.o
 .debug_ranges  0x00000000000001f0       0x98 Core/Src/syscalls.o
 .debug_ranges  0x0000000000000288       0x10 Core/Src/sysmem.o
 .debug_ranges  0x0000000000000298       0x18 Core/Src/system_stm32f4xx.o
 .debug_ranges  0x00000000000002b0       0x20 Core/Startup/startup_stm32f413zhtx.o
 .debug_ranges  0x00000000000002d0       0xe0 Drivers/STM32F4xx_HAL_Driver/Src/stm32f4xx_hal.o
 .debug_ranges  0x00000000000003b0      0x108 Drivers/STM32F4xx_HAL_Driver/Src/stm32f4xx_hal_cortex.o
 .debug_ranges  0x00000000000004b8       0x48 Drivers/STM32F4xx_HAL_Driver/Src/stm32f4xx_hal_gpio.o
 .debug_ranges  0x0000000000000500       0x78 Drivers/STM32F4xx_HAL_Driver/Src/stm32f4xx_hal_rcc.o
 .debug_ranges  0x0000000000000578       0x50 Drivers/STM32F4xx_HAL_Driver/Src/stm32f4xx_hal_rcc_ex.o
 .debug_ranges  0x00000000000005c8      0x1c0 Drivers/STM32F4xx_HAL_Driver/Src/stm32f4xx_hal_spi.o
 .debug_ranges  0x0000000000000788      0x1c0 Drivers/STM32F4xx_HAL_Driver/Src/stm32f4xx_hal_uart.o

.debug_macro    0x0000000000000000    0x21fcc
 .debug_macro   0x0000000000000000      0x2a4 Core/Src/epd2in7.o
 .debug_macro   0x00000000000002a4      0xa5a Core/Src/epd2in7.o
 .debug_macro   0x0000000000000cfe       0x18 Core/Src/epd2in7.o
 .debug_macro   0x0000000000000d16       0x22 Core/Src/epd2in7.o
 .debug_macro   0x0000000000000d38       0x40 Core/Src/epd2in7.o
 .debug_macro   0x0000000000000d78       0x94 Core/Src/epd2in7.o
 .debug_macro   0x0000000000000e0c       0x3c Core/Src/epd2in7.o
 .debug_macro   0x0000000000000e48       0x34 Core/Src/epd2in7.o
 .debug_macro   0x0000000000000e7c       0x16 Core/Src/epd2in7.o
 .debug_macro   0x0000000000000e92      0x10e Core/Src/epd2in7.o
 .debug_macro   0x0000000000000fa0       0x8d Core/Src/epd2in7.o
 .debug_macro   0x000000000000102d       0x57 Core/Src/epd2in7.o
 .debug_macro   0x0000000000001084       0x52 Core/Src/epd2in7.o
 .debug_macro   0x00000000000010d6       0x1f Core/Src/epd2in7.o
 .debug_macro   0x00000000000010f5       0x43 Core/Src/epd2in7.o
 .debug_macro   0x0000000000001138       0x20 Core/Src/epd2in7.o
 .debug_macro   0x0000000000001158      0x1a3 Core/Src/epd2in7.o
 .debug_macro   0x00000000000012fb      0x330 Core/Src/epd2in7.o
 .debug_macro   0x000000000000162b       0x16 Core/Src/epd2in7.o
 .debug_macro   0x0000000000001641       0x29 Core/Src/epd2in7.o
 .debug_macro   0x000000000000166a       0x1c Core/Src/epd2in7.o
 .debug_macro   0x0000000000001686       0xef Core/Src/epd2in7.o
 .debug_macro   0x0000000000001775       0x6a Core/Src/epd2in7.o
 .debug_macro   0x00000000000017df      0x1df Core/Src/epd2in7.o
 .debug_macro   0x00000000000019be       0xee Core/Src/epd2in7.o
 .debug_macro   0x0000000000001aac      0x18a Core/Src/epd2in7.o
 .debug_macro   0x0000000000001c36       0x32 Core/Src/epd2in7.o
 .debug_macro   0x0000000000001c68       0x28 Core/Src/epd2in7.o
 .debug_macro   0x0000000000001c90       0x1c Core/Src/epd2in7.o
 .debug_macro   0x0000000000001cac       0x22 Core/Src/epd2in7.o
 .debug_macro   0x0000000000001cce       0xd9 Core/Src/epd2in7.o
 .debug_macro   0x0000000000001da7     0x102d Core/Src/epd2in7.o
 .debug_macro   0x0000000000002dd4      0x11f Core/Src/epd2in7.o
 .debug_macro   0x0000000000002ef3    0x15a6f Core/Src/epd2in7.o
 .debug_macro   0x0000000000018962       0x43 Core/Src/epd2in7.o
 .debug_macro   0x00000000000189a5     0x3652 Core/Src/epd2in7.o
 .debug_macro   0x000000000001bff7       0x54 Core/Src/epd2in7.o
 .debug_macro   0x000000000001c04b      0xcdd Core/Src/epd2in7.o
 .debug_macro   0x000000000001cd28      0x9fe Core/Src/epd2in7.o
 .debug_macro   0x000000000001d726      0x173 Core/Src/epd2in7.o
 .debug_macro   0x000000000001d899      0x117 Core/Src/epd2in7.o
 .debug_macro   0x000000000001d9b0      0x202 Core/Src/epd2in7.o
 .debug_macro   0x000000000001dbb2       0x27 Core/Src/epd2in7.o
 .debug_macro   0x000000000001dbd9      0x2bf Core/Src/epd2in7.o
 .debug_macro   0x000000000001de98       0x5f Core/Src/epd2in7.o
 .debug_macro   0x000000000001def7      0x236 Core/Src/epd2in7.o
 .debug_macro   0x000000000001e12d      0x132 Core/Src/epd2in7.o
 .debug_macro   0x000000000001e25f      0x30c Core/Src/epd2in7.o
 .debug_macro   0x000000000001e56b       0x2e Core/Src/epd2in7.o
 .debug_macro   0x000000000001e599      0x11a Core/Src/epd2in7.o
 .debug_macro   0x000000000001e6b3       0x91 Core/Src/epd2in7.o
 .debug_macro   0x000000000001e744       0x89 Core/Src/epd2in7.o
 .debug_macro   0x000000000001e7cd      0x225 Core/Src/epd2in7.o
 .debug_macro   0x000000000001e9f2      0x287 Core/Src/epd2in7.o
 .debug_macro   0x000000000001ec79      0x134 Core/Src/epd2in7.o
 .debug_macro   0x000000000001edad       0x28 Core/Src/epd2in7.o
 .debug_macro   0x000000000001edd5      0x1dc Core/Src/epdif.o
 .debug_macro   0x000000000001efb1       0x8e Core/Src/epdif.o
 .debug_macro   0x000000000001f03f       0x51 Core/Src/epdif.o
 .debug_macro   0x000000000001f090       0xdf Core/Src/epdif.o
 .debug_macro   0x000000000001f16f      0x174 Core/Src/epdif.o
 .debug_macro   0x000000000001f2e3       0x5a Core/Src/epdif.o
 .debug_macro   0x000000000001f33d       0x82 Core/Src/epdif.o
 .debug_macro   0x000000000001f3bf       0x75 Core/Src/epdpaint.o
 .debug_macro   0x000000000001f434       0x28 Core/Src/epdpaint.o
 .debug_macro   0x000000000001f45c       0x6c Core/Src/font16.o
 .debug_macro   0x000000000001f4c8       0x6c Core/Src/font20.o
 .debug_macro   0x000000000001f534      0x393 Core/Src/main.o
 .debug_macro   0x000000000001f8c7       0x7c Core/Src/main.o
 .debug_macro   0x000000000001f943       0x2e Core/Src/main.o
 .debug_macro   0x000000000001f971       0x46 Core/Src/main.o
 .debug_macro   0x000000000001f9b7       0x35 Core/Src/main.o
 .debug_macro   0x000000000001f9ec      0x32a Core/Src/main.o
 .debug_macro   0x000000000001fd16       0x1c Core/Src/main.o
 .debug_macro   0x000000000001fd32       0x10 Core/Src/main.o
 .debug_macro   0x000000000001fd42       0x10 Core/Src/main.o
 .debug_macro   0x000000000001fd52       0x1c Core/Src/main.o
 .debug_macro   0x000000000001fd6e       0x52 Core/Src/main.o
 .debug_macro   0x000000000001fdc0       0x40 Core/Src/main.o
 .debug_macro   0x000000000001fe00       0x10 Core/Src/main.o
 .debug_macro   0x000000000001fe10       0x40 Core/Src/main.o
 .debug_macro   0x000000000001fe50       0xd7 Core/Src/main.o
 .debug_macro   0x000000000001ff27       0x1c Core/Src/main.o
 .debug_macro   0x000000000001ff43       0x3d Core/Src/main.o
 .debug_macro   0x000000000001ff80       0x16 Core/Src/main.o
 .debug_macro   0x000000000001ff96      0x145 Core/Src/main.o
 .debug_macro   0x00000000000200db      0x1d3 Core/Src/stm32f4xx_hal_msp.o
 .debug_macro   0x00000000000202ae      0x1dd Core/Src/stm32f4xx_it.o
 .debug_macro   0x000000000002048b      0x243 Core/Src/syscalls.o
 .debug_macro   0x00000000000206ce       0x10 Core/Src/syscalls.o
 .debug_macro   0x00000000000206de       0x10 Core/Src/syscalls.o
 .debug_macro   0x00000000000206ee       0x10 Core/Src/syscalls.o
 .debug_macro   0x00000000000206fe       0x35 Core/Src/syscalls.o
 .debug_macro   0x0000000000020733      0x122 Core/Src/syscalls.o
 .debug_macro   0x0000000000020855       0x10 Core/Src/syscalls.o
 .debug_macro   0x0000000000020865      0x241 Core/Src/syscalls.o
 .debug_macro   0x0000000000020aa6       0x10 Core/Src/syscalls.o
 .debug_macro   0x0000000000020ab6      0x189 Core/Src/syscalls.o
 .debug_macro   0x0000000000020c3f       0x16 Core/Src/syscalls.o
 .debug_macro   0x0000000000020c55       0x88 Core/Src/syscalls.o
 .debug_macro   0x0000000000020cdd      0x1ae Core/Src/sysmem.o
 .debug_macro   0x0000000000020e8b      0x23b Core/Src/sysmem.o
 .debug_macro   0x00000000000210c6       0x16 Core/Src/sysmem.o
 .debug_macro   0x00000000000210dc      0x1ca Core/Src/system_stm32f4xx.o
 .debug_macro   0x00000000000212a6      0x224 Drivers/STM32F4xx_HAL_Driver/Src/stm32f4xx_hal.o
 .debug_macro   0x00000000000214ca      0x1c4 Drivers/STM32F4xx_HAL_Driver/Src/stm32f4xx_hal_cortex.o
 .debug_macro   0x000000000002168e      0x1fa Drivers/STM32F4xx_HAL_Driver/Src/stm32f4xx_hal_gpio.o
 .debug_macro   0x0000000000021888      0x1e8 Drivers/STM32F4xx_HAL_Driver/Src/stm32f4xx_hal_rcc.o
 .debug_macro   0x0000000000021a70      0x1c4 Drivers/STM32F4xx_HAL_Driver/Src/stm32f4xx_hal_rcc_ex.o
 .debug_macro   0x0000000000021c34      0x1d3 Drivers/STM32F4xx_HAL_Driver/Src/stm32f4xx_hal_spi.o
 .debug_macro   0x0000000000021e07      0x1c5 Drivers/STM32F4xx_HAL_Driver/Src/stm32f4xx_hal_uart.o

.debug_line     0x0000000000000000     0x9b98
 .debug_line    0x0000000000000000      0x9c0 Core/Src/epd2in7.o
 .debug_line    0x00000000000009c0      0x72d Core/Src/epdif.o
 .debug_line    0x00000000000010ed      0x6e6 Core/Src/epdpaint.o
 .debug_line    0x00000000000017d3      0x3b8 Core/Src/font16.o
 .debug_line    0x0000000000001b8b      0x3b8 Core/Src/font20.o
 .debug_line    0x0000000000001f43      0x9ee Core/Src/main.o
 .debug_line    0x0000000000002931      0x73d Core/Src/stm32f4xx_hal_msp.o
 .debug_line    0x000000000000306e      0x77b Core/Src/stm32f4xx_it.o
 .debug_line    0x00000000000037e9      0x77e Core/Src/syscalls.o
 .debug_line    0x0000000000003f67      0x59a Core/Src/sysmem.o
 .debug_line    0x0000000000004501      0x6f2 Core/Src/system_stm32f4xx.o
 .debug_line    0x0000000000004bf3       0x86 Core/Startup/startup_stm32f413zhtx.o
 .debug_line    0x0000000000004c79      0x8dc Drivers/STM32F4xx_HAL_Driver/Src/stm32f4xx_hal.o
 .debug_line    0x0000000000005555      0xa00 Drivers/STM32F4xx_HAL_Driver/Src/stm32f4xx_hal_cortex.o
 .debug_line    0x0000000000005f55      0x8a7 Drivers/STM32F4xx_HAL_Driver/Src/stm32f4xx_hal_gpio.o
 .debug_line    0x00000000000067fc      0x934 Drivers/STM32F4xx_HAL_Driver/Src/stm32f4xx_hal_rcc.o
 .debug_line    0x0000000000007130      0x9dd Drivers/STM32F4xx_HAL_Driver/Src/stm32f4xx_hal_rcc_ex.o
 .debug_line    0x0000000000007b0d     0x108f Drivers/STM32F4xx_HAL_Driver/Src/stm32f4xx_hal_spi.o
 .debug_line    0x0000000000008b9c      0xffc Drivers/STM32F4xx_HAL_Driver/Src/stm32f4xx_hal_uart.o

.debug_str      0x0000000000000000    0xc7e6f
 .debug_str     0x0000000000000000    0xc2b15 Core/Src/epd2in7.o
                                      0xc2ea9 (size before relaxing)
 .debug_str     0x00000000000c2b15      0x6a6 Core/Src/epdif.o
                                      0xc004f (size before relaxing)
 .debug_str     0x00000000000c31bb      0x276 Core/Src/epdpaint.o
                                       0x3f11 (size before relaxing)
 .debug_str     0x00000000000c3431       0x22 Core/Src/font16.o
                                       0x3cab (size before relaxing)
 .debug_str     0x00000000000c3453       0x22 Core/Src/font20.o
                                       0x3cab (size before relaxing)
 .debug_str     0x00000000000c3475     0x1665 Core/Src/main.o
                                      0xc4af0 (size before relaxing)
 .debug_str     0x00000000000c4ada       0x7d Core/Src/stm32f4xx_hal_msp.o
                                      0xc024d (size before relaxing)
 .debug_str     0x00000000000c4b57       0xbd Core/Src/stm32f4xx_it.o
                                      0xbfb64 (size before relaxing)
 .debug_str     0x00000000000c4c14     0x10f9 Core/Src/syscalls.o
                                       0x8899 (size before relaxing)
 .debug_str     0x00000000000c5d0d       0x36 Core/Src/sysmem.o
                                       0x7af2 (size before relaxing)
 .debug_str     0x00000000000c5d43       0xc4 Core/Src/system_stm32f4xx.o
                                      0xbfae6 (size before relaxing)
 .debug_str     0x00000000000c5e07       0x36 Core/Startup/startup_stm32f413zhtx.o
                                         0x74 (size before relaxing)
 .debug_str     0x00000000000c5e3d      0xb04 Drivers/STM32F4xx_HAL_Driver/Src/stm32f4xx_hal.o
                                      0xc0665 (size before relaxing)
 .debug_str     0x00000000000c6941      0x399 Drivers/STM32F4xx_HAL_Driver/Src/stm32f4xx_hal_cortex.o
                                      0xc0430 (size before relaxing)
 .debug_str     0x00000000000c6cda      0x210 Drivers/STM32F4xx_HAL_Driver/Src/stm32f4xx_hal_gpio.o
                                      0xbfd34 (size before relaxing)
 .debug_str     0x00000000000c6eea      0x259 Drivers/STM32F4xx_HAL_Driver/Src/stm32f4xx_hal_rcc.o
                                      0xbfed8 (size before relaxing)
 .debug_str     0x00000000000c7143      0x2ba Drivers/STM32F4xx_HAL_Driver/Src/stm32f4xx_hal_rcc_ex.o
                                      0xbfe7c (size before relaxing)
 .debug_str     0x00000000000c73fd      0x565 Drivers/STM32F4xx_HAL_Driver/Src/stm32f4xx_hal_spi.o
                                      0xc0330 (size before relaxing)
 .debug_str     0x00000000000c7962      0x50d Drivers/STM32F4xx_HAL_Driver/Src/stm32f4xx_hal_uart.o
                                      0xc030e (size before relaxing)

.comment        0x0000000000000000       0x7b
 .comment       0x0000000000000000       0x7b Core/Src/epd2in7.o
                                         0x7c (size before relaxing)
 .comment       0x000000000000007b       0x7c Core/Src/epdif.o
 .comment       0x000000000000007b       0x7c Core/Src/epdpaint.o
 .comment       0x000000000000007b       0x7c Core/Src/font16.o
 .comment       0x000000000000007b       0x7c Core/Src/font20.o
 .comment       0x000000000000007b       0x7c Core/Src/main.o
 .comment       0x000000000000007b       0x7c Core/Src/stm32f4xx_hal_msp.o
 .comment       0x000000000000007b       0x7c Core/Src/stm32f4xx_it.o
 .comment       0x000000000000007b       0x7c Core/Src/syscalls.o
 .comment       0x000000000000007b       0x7c Core/Src/sysmem.o
 .comment       0x000000000000007b       0x7c Core/Src/system_stm32f4xx.o
 .comment       0x000000000000007b       0x7c Drivers/STM32F4xx_HAL_Driver/Src/stm32f4xx_hal.o
 .comment       0x000000000000007b       0x7c Drivers/STM32F4xx_HAL_Driver/Src/stm32f4xx_hal_cortex.o
 .comment       0x000000000000007b       0x7c Drivers/STM32F4xx_HAL_Driver/Src/stm32f4xx_hal_gpio.o
 .comment       0x000000000000007b       0x7c Drivers/STM32F4xx_HAL_Driver/Src/stm32f4xx_hal_rcc.o
 .comment       0x000000000000007b       0x7c Drivers/STM32F4xx_HAL_Driver/Src/stm32f4xx_hal_rcc_ex.o
 .comment       0x000000000000007b       0x7c Drivers/STM32F4xx_HAL_Driver/Src/stm32f4xx_hal_spi.o
 .comment       0x000000000000007b       0x7c Drivers/STM32F4xx_HAL_Driver/Src/stm32f4xx_hal_uart.o

.debug_frame    0x0000000000000000     0x2ee8
 .debug_frame   0x0000000000000000      0x19c Core/Src/epd2in7.o
 .debug_frame   0x000000000000019c       0xc0 Core/Src/epdif.o
 .debug_frame   0x000000000000025c      0x30c Core/Src/epdpaint.o
 .debug_frame   0x0000000000000568       0xd8 Core/Src/main.o
 .debug_frame   0x0000000000000640       0xc8 Core/Src/stm32f4xx_hal_msp.o
 .debug_frame   0x0000000000000708      0x10c Core/Src/stm32f4xx_it.o
 .debug_frame   0x0000000000000814      0x2ac Core/Src/syscalls.o
 .debug_frame   0x0000000000000ac0       0x34 Core/Src/sysmem.o
 .debug_frame   0x0000000000000af4       0x58 Core/Src/system_stm32f4xx.o
 .debug_frame   0x0000000000000b4c      0x374 Drivers/STM32F4xx_HAL_Driver/Src/stm32f4xx_hal.o
 .debug_frame   0x0000000000000ec0      0x498 Drivers/STM32F4xx_HAL_Driver/Src/stm32f4xx_hal_cortex.o
 .debug_frame   0x0000000000001358      0x14c Drivers/STM32F4xx_HAL_Driver/Src/stm32f4xx_hal_gpio.o
 .debug_frame   0x00000000000014a4      0x1f0 Drivers/STM32F4xx_HAL_Driver/Src/stm32f4xx_hal_rcc.o
 .debug_frame   0x0000000000001694      0x16c Drivers/STM32F4xx_HAL_Driver/Src/stm32f4xx_hal_rcc_ex.o
 .debug_frame   0x0000000000001800      0x824 Drivers/STM32F4xx_HAL_Driver/Src/stm32f4xx_hal_spi.o
 .debug_frame   0x0000000000002024      0x844 Drivers/STM32F4xx_HAL_Driver/Src/stm32f4xx_hal_uart.o
 .debug_frame   0x0000000000002868       0x20 /Applications/STM32CubeIDE.app/Contents/Eclipse/plugins/com.st.stm32cube.ide.mcu.externaltools.gnu-tools-for-stm32.7-2018-q2-update.macos64_1.0.0.201904181610/tools/bin/../lib/gcc/arm-none-eabi/7.3.1/../../../../arm-none-eabi/lib/thumb/v7e-m/fpv4-sp/hard/libc_nano.a(lib_a-errno.o)
 .debug_frame   0x0000000000002888       0x2c /Applications/STM32CubeIDE.app/Contents/Eclipse/plugins/com.st.stm32cube.ide.mcu.externaltools.gnu-tools-for-stm32.7-2018-q2-update.macos64_1.0.0.201904181610/tools/bin/../lib/gcc/arm-none-eabi/7.3.1/../../../../arm-none-eabi/lib/thumb/v7e-m/fpv4-sp/hard/libc_nano.a(lib_a-init.o)
 .debug_frame   0x00000000000028b4       0x30 /Applications/STM32CubeIDE.app/Contents/Eclipse/plugins/com.st.stm32cube.ide.mcu.externaltools.gnu-tools-for-stm32.7-2018-q2-update.macos64_1.0.0.201904181610/tools/bin/../lib/gcc/arm-none-eabi/7.3.1/../../../../arm-none-eabi/lib/thumb/v7e-m/fpv4-sp/hard/libc_nano.a(lib_a-malloc.o)
 .debug_frame   0x00000000000028e4       0x20 /Applications/STM32CubeIDE.app/Contents/Eclipse/plugins/com.st.stm32cube.ide.mcu.externaltools.gnu-tools-for-stm32.7-2018-q2-update.macos64_1.0.0.201904181610/tools/bin/../lib/gcc/arm-none-eabi/7.3.1/../../../../arm-none-eabi/lib/thumb/v7e-m/fpv4-sp/hard/libc_nano.a(lib_a-memset.o)
 .debug_frame   0x0000000000002904       0x38 /Applications/STM32CubeIDE.app/Contents/Eclipse/plugins/com.st.stm32cube.ide.mcu.externaltools.gnu-tools-for-stm32.7-2018-q2-update.macos64_1.0.0.201904181610/tools/bin/../lib/gcc/arm-none-eabi/7.3.1/../../../../arm-none-eabi/lib/thumb/v7e-m/fpv4-sp/hard/libc_nano.a(lib_a-nano-freer.o)
 .debug_frame   0x000000000000293c       0x2c /Applications/STM32CubeIDE.app/Contents/Eclipse/plugins/com.st.stm32cube.ide.mcu.externaltools.gnu-tools-for-stm32.7-2018-q2-update.macos64_1.0.0.201904181610/tools/bin/../lib/gcc/arm-none-eabi/7.3.1/../../../../arm-none-eabi/lib/thumb/v7e-m/fpv4-sp/hard/libc_nano.a(lib_a-nano-mallocr.o)
 .debug_frame   0x0000000000002968       0x3c /Applications/STM32CubeIDE.app/Contents/Eclipse/plugins/com.st.stm32cube.ide.mcu.externaltools.gnu-tools-for-stm32.7-2018-q2-update.macos64_1.0.0.201904181610/tools/bin/../lib/gcc/arm-none-eabi/7.3.1/../../../../arm-none-eabi/lib/thumb/v7e-m/fpv4-sp/hard/libc_nano.a(lib_a-puts.o)
 .debug_frame   0x00000000000029a4       0x2c /Applications/STM32CubeIDE.app/Contents/Eclipse/plugins/com.st.stm32cube.ide.mcu.externaltools.gnu-tools-for-stm32.7-2018-q2-update.macos64_1.0.0.201904181610/tools/bin/../lib/gcc/arm-none-eabi/7.3.1/../../../../arm-none-eabi/lib/thumb/v7e-m/fpv4-sp/hard/libc_nano.a(lib_a-sbrkr.o)
 .debug_frame   0x00000000000029d0       0x40 /Applications/STM32CubeIDE.app/Contents/Eclipse/plugins/com.st.stm32cube.ide.mcu.externaltools.gnu-tools-for-stm32.7-2018-q2-update.macos64_1.0.0.201904181610/tools/bin/../lib/gcc/arm-none-eabi/7.3.1/../../../../arm-none-eabi/lib/thumb/v7e-m/fpv4-sp/hard/libc_nano.a(lib_a-wbuf.o)
 .debug_frame   0x0000000000002a10       0x2c /Applications/STM32CubeIDE.app/Contents/Eclipse/plugins/com.st.stm32cube.ide.mcu.externaltools.gnu-tools-for-stm32.7-2018-q2-update.macos64_1.0.0.201904181610/tools/bin/../lib/gcc/arm-none-eabi/7.3.1/../../../../arm-none-eabi/lib/thumb/v7e-m/fpv4-sp/hard/libc_nano.a(lib_a-wsetup.o)
 .debug_frame   0x0000000000002a3c       0x68 /Applications/STM32CubeIDE.app/Contents/Eclipse/plugins/com.st.stm32cube.ide.mcu.externaltools.gnu-tools-for-stm32.7-2018-q2-update.macos64_1.0.0.201904181610/tools/bin/../lib/gcc/arm-none-eabi/7.3.1/../../../../arm-none-eabi/lib/thumb/v7e-m/fpv4-sp/hard/libc_nano.a(lib_a-fflush.o)
 .debug_frame   0x0000000000002aa4      0x11c /Applications/STM32CubeIDE.app/Contents/Eclipse/plugins/com.st.stm32cube.ide.mcu.externaltools.gnu-tools-for-stm32.7-2018-q2-update.macos64_1.0.0.201904181610/tools/bin/../lib/gcc/arm-none-eabi/7.3.1/../../../../arm-none-eabi/lib/thumb/v7e-m/fpv4-sp/hard/libc_nano.a(lib_a-findfp.o)
 .debug_frame   0x0000000000002bc0       0x54 /Applications/STM32CubeIDE.app/Contents/Eclipse/plugins/com.st.stm32cube.ide.mcu.externaltools.gnu-tools-for-stm32.7-2018-q2-update.macos64_1.0.0.201904181610/tools/bin/../lib/gcc/arm-none-eabi/7.3.1/../../../../arm-none-eabi/lib/thumb/v7e-m/fpv4-sp/hard/libc_nano.a(lib_a-fwalk.o)
 .debug_frame   0x0000000000002c14       0x58 /Applications/STM32CubeIDE.app/Contents/Eclipse/plugins/com.st.stm32cube.ide.mcu.externaltools.gnu-tools-for-stm32.7-2018-q2-update.macos64_1.0.0.201904181610/tools/bin/../lib/gcc/arm-none-eabi/7.3.1/../../../../arm-none-eabi/lib/thumb/v7e-m/fpv4-sp/hard/libc_nano.a(lib_a-makebuf.o)
 .debug_frame   0x0000000000002c6c       0x30 /Applications/STM32CubeIDE.app/Contents/Eclipse/plugins/com.st.stm32cube.ide.mcu.externaltools.gnu-tools-for-stm32.7-2018-q2-update.macos64_1.0.0.201904181610/tools/bin/../lib/gcc/arm-none-eabi/7.3.1/../../../../arm-none-eabi/lib/thumb/v7e-m/fpv4-sp/hard/libc_nano.a(lib_a-mlock.o)
 .debug_frame   0x0000000000002c9c       0x5c /Applications/STM32CubeIDE.app/Contents/Eclipse/plugins/com.st.stm32cube.ide.mcu.externaltools.gnu-tools-for-stm32.7-2018-q2-update.macos64_1.0.0.201904181610/tools/bin/../lib/gcc/arm-none-eabi/7.3.1/../../../../arm-none-eabi/lib/thumb/v7e-m/fpv4-sp/hard/libc_nano.a(lib_a-reent.o)