<html>
<body>
<pre>
<h1>µVision Build Log</h1>
<h2>Tool Versions:</h2>
IDE-Version: µVision V5.29.0.0
Copyright (C) 2019 ARM Ltd and ARM Germany GmbH. All rights reserved.
License Information: hu yuhao, purdue, LIC=2TTGK-IQI0H-BYD9D-RXUDD-PS14X-VRYUR
 
Tool Versions:
Toolchain:       MDK-ARM Professional  Version: 5.29.0.0
Toolchain Path:  C:\keil\keil_app\ARM\ARMCC\Bin
C Compiler:      Armcc.exe V5.06 update 6 (build 750)
Assembler:       Armasm.exe V5.06 update 6 (build 750)
Linker/Locator:  ArmLink.exe V5.06 update 6 (build 750)
Library Manager: ArmAr.exe V5.06 update 6 (build 750)
Hex Converter:   FromElf.exe V5.06 update 6 (build 750)
CPU DLL:         SARMCM3.DLL V5.29.0.0
Dialog DLL:      DCM.DLL V1.17.3.0
Target DLL:      STLink\ST-LINKIII-KEIL_SWO.dll V3.0.7.0
Dialog DLL:      TCM.DLL V1.36.5.0
 
<h2>Project:</h2>
C:\Users\benhu\OneDrive\Desktop\ST25R3911B-NFC-Demo (2)\epd-demo\MDK-ARM\epd-demo.uvprojx
Project File Date:  04/21/2020

<h2>Output:</h2>
*** Using Compiler 'V5.06 update 6 (build 750)', folder: 'C:\keil\keil_app\ARM\ARMCC\Bin'
Rebuild target 'epd-demo'
assembling startup_stm32f103xb.s...
compiling stm32f1xx_hal_msp.c...
compiling logger.c...
compiling stm32f1xx_it.c...
compiling spi.c...
compiling fatfs.c...
compiling gpio.c...
compiling tim.c...
compiling demo.c...
compiling main.c...
compiling usart.c...
compiling user_diskio.c...
compiling SPI_RAM.c...
compiling DEV_Config.c...
compiling SD_Card_APP.c...
compiling GUI_Paint.c...
compiling SD_Card_Interface.c...
compiling SD_Card_Drive.c...
compiling stm32f1xx_hal_rcc_ex.c...
compiling stm32f1xx_hal_gpio.c...
compiling stm32f1xx_hal.c...
compiling stm32f1xx_hal_gpio_ex.c...
compiling stm32f1xx_hal_rcc.c...
compiling stm32f1xx_hal_cortex.c...
compiling stm32f1xx_hal_flash.c...
compiling stm32f1xx_hal_flash_ex.c...
compiling stm32f1xx_hal_dma.c...
compiling stm32f1xx_hal_pwr.c...
compiling stm32f1xx_hal_exti.c...
compiling system_stm32f1xx.c...
compiling stm32f1xx_hal_uart.c...
compiling stm32f1xx_hal_spi.c...
compiling stm32f1xx_hal_tim_ex.c...
compiling ccsbcs.c...
compiling SSD1306.c...
compiling ff_gen_drv.c...
compiling stm32f1xx_hal_tim.c...
compiling diskio.c...
compiling syscall.c...
compiling ff.c...
compiling Fonts.c...
compiling Key.c...
compiling rfal_crc.c...
compiling rfal_analogConfig.c...
compiling st25r3911_com.c...
compiling timer.c...
compiling rfal_nfca.c...
compiling st25r3911_interrupt.c...
compiling Browser.c...
compiling st25r3911.c...
compiling rfal_iso15693_2.c...
compiling rfal_isoDep.c...
compiling rfal_nfcb.c...
compiling rfal_nfcv.c...
compiling rfal_nfcf.c...
compiling rfal_rfst25r3911.c...
compiling rfal_nfcDep.c...
compiling rfal_st25tb.c...
compiling rfal_t1t.c...
linking...
Program Size: Code=48804 RO-data=4908 RW-data=252 ZI-data=12228  
FromELF: creating hex file...
epd-demo\epd-demo.hex: Warning: Q9931W: Your license for feature Keil will expire in 20 days
Finished: 0 information, 1 warning and 0 error messages.
"epd-demo\epd-demo.axf" - 0 Error(s), 0 Warning(s).

<h2>Software Packages used:</h2>

Package Vendor: ARM
                http://www.keil.com/pack/ARM.CMSIS.5.6.0.pack
                ARM.CMSIS.5.6.0
                CMSIS (Cortex Microcontroller Software Interface Standard)
   * Component: CORE Version: 5.3.0

Package Vendor: Keil
                http://www.keil.com/pack/Keil.STM32F1xx_DFP.2.3.0.pack
                Keil.STM32F1xx_DFP.2.3.0
                STMicroelectronics STM32F1 Series Device Support, Drivers and Examples

<h2>Collection of Component include folders:</h2>
  .\RTE\_epd-demo
  C:\keil\keil_pack\ARM\CMSIS\5.6.0\CMSIS\Core\Include
  C:\keil\keil_pack\Keil\STM32F1xx_DFP\2.3.0\Device\Include

<h2>Collection of Component Files used:</h2>

   * Component: ARM::CMSIS:CORE:5.3.0
Build Time Elapsed:  00:00:19
</pre>
</body>
</html>
